Component: ARM Compiler 5.06 update 6 (build 750) Tool: armlink [4d35ed]

==============================================================================

Section Cross References

    startup_stm32f429xx.o(RESET) refers to startup_stm32f429xx.o(STACK) for __initial_sp
    startup_stm32f429xx.o(RESET) refers to startup_stm32f429xx.o(.text) for Reset_Handler
    startup_stm32f429xx.o(RESET) refers to stm32f4xx_it.o(i.NMI_Handler) for NMI_Handler
    startup_stm32f429xx.o(RESET) refers to stm32f4xx_it.o(i.HardFault_Handler) for HardFault_Handler
    startup_stm32f429xx.o(RESET) refers to stm32f4xx_it.o(i.MemManage_Handler) for MemManage_Handler
    startup_stm32f429xx.o(RESET) refers to stm32f4xx_it.o(i.BusFault_Handler) for BusFault_Handler
    startup_stm32f429xx.o(RESET) refers to stm32f4xx_it.o(i.UsageFault_Handler) for UsageFault_Handler
    startup_stm32f429xx.o(RESET) refers to stm32f4xx_it.o(i.SVC_Handler) for SVC_Handler
    startup_stm32f429xx.o(RESET) refers to stm32f4xx_it.o(i.DebugMon_Handler) for DebugMon_Handler
    startup_stm32f429xx.o(RESET) refers to stm32f4xx_it.o(i.PendSV_Handler) for PendSV_Handler
    startup_stm32f429xx.o(RESET) refers to stm32f4xx_it.o(i.SysTick_Handler) for SysTick_Handler
    startup_stm32f429xx.o(RESET) refers to stm32f4xx_it.o(i.DMA1_Stream5_IRQHandler) for DMA1_Stream5_IRQHandler
    startup_stm32f429xx.o(RESET) refers to stm32f4xx_it.o(i.TIM3_IRQHandler) for TIM3_IRQHandler
    startup_stm32f429xx.o(RESET) refers to stm32f4xx_it.o(i.USART3_IRQHandler) for USART3_IRQHandler
    startup_stm32f429xx.o(RESET) refers to stm32f4xx_it.o(i.EXTI15_10_IRQHandler) for EXTI15_10_IRQHandler
    startup_stm32f429xx.o(RESET) refers to stm32f4xx_it.o(i.DMA1_Stream7_IRQHandler) for DMA1_Stream7_IRQHandler
    startup_stm32f429xx.o(.text) refers to system_stm32f4xx.o(i.SystemInit) for SystemInit
    startup_stm32f429xx.o(.text) refers to entry.o(.ARM.Collect$$$$00000000) for __main
    mcp2515.o(i.MCP2515_BitModify) refers to stm32f4xx_hal_gpio.o(i.HAL_GPIO_WritePin) for HAL_GPIO_WritePin
    mcp2515.o(i.MCP2515_BitModify) refers to mcp2515.o(i.SPI_Tx) for SPI_Tx
    mcp2515.o(i.MCP2515_GetRxStatus) refers to stm32f4xx_hal_gpio.o(i.HAL_GPIO_WritePin) for HAL_GPIO_WritePin
    mcp2515.o(i.MCP2515_GetRxStatus) refers to mcp2515.o(i.SPI_Tx) for SPI_Tx
    mcp2515.o(i.MCP2515_GetRxStatus) refers to mcp2515.o(i.SPI_Rx) for SPI_Rx
    mcp2515.o(i.MCP2515_Initialize) refers to stm32f4xx_hal_gpio.o(i.HAL_GPIO_WritePin) for HAL_GPIO_WritePin
    mcp2515.o(i.MCP2515_Initialize) refers to stm32f4xx_hal_spi.o(i.HAL_SPI_GetState) for HAL_SPI_GetState
    mcp2515.o(i.MCP2515_Initialize) refers to spi.o(.bss) for hspi3
    mcp2515.o(i.MCP2515_LoadTxBuffer) refers to stm32f4xx_hal_gpio.o(i.HAL_GPIO_WritePin) for HAL_GPIO_WritePin
    mcp2515.o(i.MCP2515_LoadTxBuffer) refers to mcp2515.o(i.SPI_Tx) for SPI_Tx
    mcp2515.o(i.MCP2515_LoadTxSequence) refers to stm32f4xx_hal_gpio.o(i.HAL_GPIO_WritePin) for HAL_GPIO_WritePin
    mcp2515.o(i.MCP2515_LoadTxSequence) refers to mcp2515.o(i.SPI_Tx) for SPI_Tx
    mcp2515.o(i.MCP2515_LoadTxSequence) refers to mcp2515.o(i.SPI_TxBuffer) for SPI_TxBuffer
    mcp2515.o(i.MCP2515_ReadByte) refers to stm32f4xx_hal_gpio.o(i.HAL_GPIO_WritePin) for HAL_GPIO_WritePin
    mcp2515.o(i.MCP2515_ReadByte) refers to mcp2515.o(i.SPI_Tx) for SPI_Tx
    mcp2515.o(i.MCP2515_ReadByte) refers to mcp2515.o(i.SPI_Rx) for SPI_Rx
    mcp2515.o(i.MCP2515_ReadRxSequence) refers to stm32f4xx_hal_gpio.o(i.HAL_GPIO_WritePin) for HAL_GPIO_WritePin
    mcp2515.o(i.MCP2515_ReadRxSequence) refers to mcp2515.o(i.SPI_Tx) for SPI_Tx
    mcp2515.o(i.MCP2515_ReadRxSequence) refers to stm32f4xx_hal_spi.o(i.HAL_SPI_Receive) for HAL_SPI_Receive
    mcp2515.o(i.MCP2515_ReadRxSequence) refers to spi.o(.bss) for hspi3
    mcp2515.o(i.MCP2515_ReadStatus) refers to stm32f4xx_hal_gpio.o(i.HAL_GPIO_WritePin) for HAL_GPIO_WritePin
    mcp2515.o(i.MCP2515_ReadStatus) refers to mcp2515.o(i.SPI_Tx) for SPI_Tx
    mcp2515.o(i.MCP2515_ReadStatus) refers to mcp2515.o(i.SPI_Rx) for SPI_Rx
    mcp2515.o(i.MCP2515_RequestToSend) refers to stm32f4xx_hal_gpio.o(i.HAL_GPIO_WritePin) for HAL_GPIO_WritePin
    mcp2515.o(i.MCP2515_RequestToSend) refers to mcp2515.o(i.SPI_Tx) for SPI_Tx
    mcp2515.o(i.MCP2515_Reset) refers to stm32f4xx_hal_gpio.o(i.HAL_GPIO_WritePin) for HAL_GPIO_WritePin
    mcp2515.o(i.MCP2515_Reset) refers to mcp2515.o(i.SPI_Tx) for SPI_Tx
    mcp2515.o(i.MCP2515_SetConfigMode) refers to mcp2515.o(i.MCP2515_WriteByte) for MCP2515_WriteByte
    mcp2515.o(i.MCP2515_SetConfigMode) refers to mcp2515.o(i.MCP2515_ReadByte) for MCP2515_ReadByte
    mcp2515.o(i.MCP2515_SetNormalMode) refers to mcp2515.o(i.MCP2515_WriteByte) for MCP2515_WriteByte
    mcp2515.o(i.MCP2515_SetNormalMode) refers to mcp2515.o(i.MCP2515_ReadByte) for MCP2515_ReadByte
    mcp2515.o(i.MCP2515_SetSleepMode) refers to mcp2515.o(i.MCP2515_WriteByte) for MCP2515_WriteByte
[...]
    Removing stm32f4xx_hal_tim_ex.o(i.HAL_TIMEx_OCN_Start_IT), (232 bytes).
    Removing stm32f4xx_hal_tim_ex.o(i.HAL_TIMEx_OCN_Stop), (104 bytes).
    Removing stm32f4xx_hal_tim_ex.o(i.HAL_TIMEx_OCN_Stop_DMA), (168 bytes).
    Removing stm32f4xx_hal_tim_ex.o(i.HAL_TIMEx_OCN_Stop_IT), (170 bytes).
    Removing stm32f4xx_hal_tim_ex.o(i.HAL_TIMEx_OnePulseN_Start), (100 bytes).
    Removing stm32f4xx_hal_tim_ex.o(i.HAL_TIMEx_OnePulseN_Start_IT), (120 bytes).
    Removing stm32f4xx_hal_tim_ex.o(i.HAL_TIMEx_OnePulseN_Stop), (98 bytes).
    Removing stm32f4xx_hal_tim_ex.o(i.HAL_TIMEx_OnePulseN_Stop_IT), (120 bytes).
    Removing stm32f4xx_hal_tim_ex.o(i.HAL_TIMEx_PWMN_Start), (192 bytes).
    Removing stm32f4xx_hal_tim_ex.o(i.HAL_TIMEx_PWMN_Start_DMA), (392 bytes).
    Removing stm32f4xx_hal_tim_ex.o(i.HAL_TIMEx_PWMN_Start_IT), (232 bytes).
    Removing stm32f4xx_hal_tim_ex.o(i.HAL_TIMEx_PWMN_Stop), (104 bytes).
    Removing stm32f4xx_hal_tim_ex.o(i.HAL_TIMEx_PWMN_Stop_DMA), (168 bytes).
    Removing stm32f4xx_hal_tim_ex.o(i.HAL_TIMEx_PWMN_Stop_IT), (170 bytes).
    Removing stm32f4xx_hal_tim_ex.o(i.HAL_TIMEx_RemapConfig), (28 bytes).
    Removing stm32f4xx_hal_tim_ex.o(i.TIMEx_DMACommutationCplt), (16 bytes).
    Removing stm32f4xx_hal_tim_ex.o(i.TIMEx_DMACommutationHalfCplt), (16 bytes).
    Removing stm32f4xx_hal_tim_ex.o(i.TIM_CCxNChannelCmd), (26 bytes).
    Removing stm32f4xx_hal_tim_ex.o(i.TIM_DMADelayPulseNCplt), (94 bytes).
    Removing stm32f4xx_hal_tim_ex.o(i.TIM_DMAErrorCCxN), (62 bytes).
    Removing stm32f4xx_hal_uart.o(.rev16_text), (4 bytes).
    Removing stm32f4xx_hal_uart.o(.revsh_text), (4 bytes).
    Removing stm32f4xx_hal_uart.o(.rrx_text), (6 bytes).
    Removing stm32f4xx_hal_uart.o(i.HAL_HalfDuplex_EnableReceiver), (50 bytes).
    Removing stm32f4xx_hal_uart.o(i.HAL_HalfDuplex_EnableTransmitter), (50 bytes).
    Removing stm32f4xx_hal_uart.o(i.HAL_HalfDuplex_Init), (108 bytes).
    Removing stm32f4xx_hal_uart.o(i.HAL_LIN_Init), (128 bytes).
    Removing stm32f4xx_hal_uart.o(i.HAL_LIN_SendBreak), (60 bytes).
    Removing stm32f4xx_hal_uart.o(i.HAL_MultiProcessor_EnterMuteMode), (60 bytes).
    Removing stm32f4xx_hal_uart.o(i.HAL_MultiProcessor_ExitMuteMode), (60 bytes).
    Removing stm32f4xx_hal_uart.o(i.HAL_MultiProcessor_Init), (142 bytes).
    Removing stm32f4xx_hal_uart.o(i.HAL_UARTEx_ReceiveToIdle), (254 bytes).
    Removing stm32f4xx_hal_uart.o(i.HAL_UARTEx_ReceiveToIdle_DMA), (86 bytes).
    Removing stm32f4xx_hal_uart.o(i.HAL_UARTEx_ReceiveToIdle_IT), (86 bytes).
    Removing stm32f4xx_hal_uart.o(i.HAL_UART_Abort), (210 bytes).
    Removing stm32f4xx_hal_uart.o(i.HAL_UART_AbortCpltCallback), (2 bytes).
    Removing stm32f4xx_hal_uart.o(i.HAL_UART_AbortReceive), (148 bytes).
    Removing stm32f4xx_hal_uart.o(i.HAL_UART_AbortReceiveCpltCallback), (2 bytes).
    Removing stm32f4xx_hal_uart.o(i.HAL_UART_AbortReceive_IT), (152 bytes).
    Removing stm32f4xx_hal_uart.o(i.HAL_UART_AbortTransmit), (98 bytes).
    Removing stm32f4xx_hal_uart.o(i.HAL_UART_AbortTransmitCpltCallback), (2 bytes).
    Removing stm32f4xx_hal_uart.o(i.HAL_UART_AbortTransmit_IT), (104 bytes).
    Removing stm32f4xx_hal_uart.o(i.HAL_UART_Abort_IT), (244 bytes).
    Removing stm32f4xx_hal_uart.o(i.HAL_UART_DMAPause), (146 bytes).
    Removing stm32f4xx_hal_uart.o(i.HAL_UART_DMAResume), (136 bytes).
    Removing stm32f4xx_hal_uart.o(i.HAL_UART_DMAStop), (112 bytes).
    Removing stm32f4xx_hal_uart.o(i.HAL_UART_DeInit), (52 bytes).
    Removing stm32f4xx_hal_uart.o(i.HAL_UART_GetError), (4 bytes).
    Removing stm32f4xx_hal_uart.o(i.HAL_UART_GetState), (10 bytes).
    Removing stm32f4xx_hal_uart.o(i.HAL_UART_MspDeInit), (2 bytes).
    Removing stm32f4xx_hal_uart.o(i.HAL_UART_MspInit), (2 bytes).
    Removing stm32f4xx_hal_uart.o(i.HAL_UART_Receive), (192 bytes).
    Removing stm32f4xx_hal_uart.o(i.HAL_UART_Receive_DMA), (42 bytes).
    Removing stm32f4xx_hal_uart.o(i.HAL_UART_Receive_IT), (42 bytes).
    Removing stm32f4xx_hal_uart.o(i.HAL_UART_RxHalfCpltCallback), (2 bytes).
    Removing stm32f4xx_hal_uart.o(i.HAL_UART_Transmit_DMA), (140 bytes).
    Removing stm32f4xx_hal_uart.o(i.HAL_UART_Transmit_IT), (62 bytes).
    Removing stm32f4xx_hal_uart.o(i.HAL_UART_TxHalfCpltCallback), (2 bytes).
    Removing stm32f4xx_hal_uart.o(i.UART_DMAError), (74 bytes).
    Removing stm32f4xx_hal_uart.o(i.UART_DMAReceiveCplt), (130 bytes).
    Removing stm32f4xx_hal_uart.o(i.UART_DMARxAbortCallback), (44 bytes).
    Removing stm32f4xx_hal_uart.o(i.UART_DMARxHalfCplt), (26 bytes).
    Removing stm32f4xx_hal_uart.o(i.UART_DMARxOnlyAbortCallback), (22 bytes).
    Removing stm32f4xx_hal_uart.o(i.UART_DMATransmitCplt), (66 bytes).
    Removing stm32f4xx_hal_uart.o(i.UART_DMATxAbortCallback), (44 bytes).
    Removing stm32f4xx_hal_uart.o(i.UART_DMATxHalfCplt), (10 bytes).
    Removing stm32f4xx_hal_uart.o(i.UART_DMATxOnlyAbortCallback), (20 bytes).
    Removing stm32f4xx_hal_uart.o(i.UART_EndTxTransfer), (28 bytes).
    Removing stm32f4xx_hal_uart.o(i.UART_Start_Receive_DMA), (144 bytes).
    Removing stm32f4xx_hal_uart.o(i.UART_Start_Receive_IT), (54 bytes).
    Removing system_stm32f4xx.o(.rev16_text), (4 bytes).
    Removing system_stm32f4xx.o(.revsh_text), (4 bytes).
    Removing system_stm32f4xx.o(.rrx_text), (6 bytes).
    Removing system_stm32f4xx.o(i.SystemCoreClockUpdate), (120 bytes).
    Removing dadd.o(.text), (334 bytes).
    Removing dmul.o(.text), (228 bytes).
    Removing ddiv.o(.text), (222 bytes).
    Removing dfixul.o(.text), (48 bytes).
    Removing cdrcmple.o(.text), (48 bytes).
    Removing depilogue.o(.text), (186 bytes).

548 unused section(s) (total 48368 bytes) removed from the image.

==============================================================================

Image Symbol Table

    Local Symbols

    Symbol Name                              Value     Ov Type        Size  Object(Section)

    ../Core/Src/dma.c                        0x00000000   Number         0  dma.o ABSOLUTE
    ../Core/Src/gpio.c                       0x00000000   Number         0  gpio.o ABSOLUTE
    ../Core/Src/i2c.c                        0x00000000   Number         0  i2c.o ABSOLUTE
    ../Core/Src/main.c                       0x00000000   Number         0  main.o ABSOLUTE
    ../Core/Src/spi.c                        0x00000000   Number         0  spi.o ABSOLUTE
    ../Core/Src/stm32f4xx_hal_msp.c          0x00000000   Number         0  stm32f4xx_hal_msp.o ABSOLUTE
    ../Core/Src/stm32f4xx_it.c               0x00000000   Number         0  stm32f4xx_it.o ABSOLUTE
    ../Core/Src/system_stm32f4xx.c           0x00000000   Number         0  system_stm32f4xx.o ABSOLUTE
    ../Core/Src/tim.c                        0x00000000   Number         0  tim.o ABSOLUTE
    ../Core/Src/usart.c                      0x00000000   Number         0  usart.o ABSOLUTE
    ../Drivers/STM32F4xx_HAL_Driver/Src/stm32f4xx_hal.c 0x00000000   Number         0  stm32f4xx_hal.o ABSOLUTE
    ../Drivers/STM32F4xx_HAL_Driver/Src/stm32f4xx_hal_cortex.c 0x00000000   Number         0  stm32f4xx_hal_cortex.o ABSOLUTE
    ../Drivers/STM32F4xx_HAL_Driver/Src/stm32f4xx_hal_dma.c 0x00000000   Number         0  stm32f4xx_hal_dma.o ABSOLUTE
    ../Drivers/STM32F4xx_HAL_Driver/Src/stm32f4xx_hal_dma_ex.c 0x00000000   Number         0  stm32f4xx_hal_dma_ex.o ABSOLUTE
    ../Drivers/STM32F4xx_HAL_Driver/Src/stm32f4xx_hal_exti.c 0x00000000   Number         0  stm32f4xx_hal_exti.o ABSOLUTE
    ../Drivers/STM32F4xx_HAL_Driver/Src/stm32f4xx_hal_flash.c 0x00000000   Number         0  stm32f4xx_hal_flash.o ABSOLUTE
    ../Drivers/STM32F4xx_HAL_Driver/Src/stm32f4xx_hal_flash_ex.c 0x00000000   Number         0  stm32f4xx_hal_flash_ex.o ABSOLUTE
    ../Drivers/STM32F4xx_HAL_Driver/Src/stm32f4xx_hal_flash_ramfunc.c 0x00000000   Number         0  stm32f4xx_hal_flash_ramfunc.o ABSOLUTE
    ../Drivers/STM32F4xx_HAL_Driver/Src/stm32f4xx_hal_gpio.c 0x00000000   Number         0  stm32f4xx_hal_gpio.o ABSOLUTE
    ../Drivers/STM32F4xx_HAL_Driver/Src/stm32f4xx_hal_i2c.c 0x00000000   Number         0  stm32f4xx_hal_i2c.o ABSOLUTE
    ../Drivers/STM32F4xx_HAL_Driver/Src/stm32f4xx_hal_i2c_ex.c 0x00000000   Number         0  stm32f4xx_hal_i2c_ex.o ABSOLUTE
    ../Drivers/STM32F4xx_HAL_Driver/Src/stm32f4xx_hal_pwr.c 0x00000000   Number         0  stm32f4xx_hal_pwr.o ABSOLUTE
    ../Drivers/STM32F4xx_HAL_Driver/Src/stm32f4xx_hal_pwr_ex.c 0x00000000   Number         0  stm32f4xx_hal_pwr_ex.o ABSOLUTE
    ../Drivers/STM32F4xx_HAL_Driver/Src/stm32f4xx_hal_rcc.c 0x00000000   Number         0  stm32f4xx_hal_rcc.o ABSOLUTE
    ../Drivers/STM32F4xx_HAL_Driver/Src/stm32f4xx_hal_rcc_ex.c 0x00000000   Number         0  stm32f4xx_hal_rcc_ex.o ABSOLUTE
    ../Drivers/STM32F4xx_HAL_Driver/Src/stm32f4xx_hal_spi.c 0x00000000   Number         0  stm32f4xx_hal_spi.o ABSOLUTE
    ../Drivers/STM32F4xx_HAL_Driver/Src/stm32f4xx_hal_tim.c 0x00000000   Number         0  stm32f4xx_hal_tim.o ABSOLUTE
    ../Drivers/STM32F4xx_HAL_Driver/Src/stm32f4xx_hal_tim_ex.c 0x00000000   Number         0  stm32f4xx_hal_tim_ex.o ABSOLUTE
    ../Drivers/STM32F4xx_HAL_Driver/Src/stm32f4xx_hal_uart.c 0x00000000   Number         0  stm32f4xx_hal_uart.o ABSOLUTE
    ../clib/microlib/division.c              0x00000000   Number         0  uldiv.o ABSOLUTE
    ../clib/microlib/division.c              0x00000000   Number         0  uidiv.o ABSOLUTE
    ../clib/microlib/init/entry.s            0x00000000   Number         0  entry.o ABSOLUTE
    ../clib/microlib/init/entry.s            0x00000000   Number         0  entry10b.o ABSOLUTE
    ../clib/microlib/init/entry.s            0x00000000   Number         0  entry11b.o ABSOLUTE
    ../clib/microlib/init/entry.s            0x00000000   Number         0  entry9b.o ABSOLUTE
    ../clib/microlib/init/entry.s            0x00000000   Number         0  entry9a.o ABSOLUTE
    ../clib/microlib/init/entry.s            0x00000000   Number         0  entry8b.o ABSOLUTE
    ../clib/microlib/init/entry.s            0x00000000   Number         0  entry8a.o ABSOLUTE
    ../clib/microlib/init/entry.s            0x00000000   Number         0  entry10a.o ABSOLUTE
    ../clib/microlib/init/entry.s            0x00000000   Number         0  entry5.o ABSOLUTE
    ../clib/microlib/init/entry.s            0x00000000   Number         0  entry7a.o ABSOLUTE
    ../clib/microlib/init/entry.s            0x00000000   Number         0  entry2.o ABSOLUTE
    ../clib/microlib/init/entry.s            0x00000000   Number         0  entry11a.o ABSOLUTE
    ../clib/microlib/init/entry.s            0x00000000   Number         0  entry7b.o ABSOLUTE
    ../clib/microlib/longlong.c              0x00000000   Number         0  llushr.o ABSOLUTE
    ../clib/microlib/longlong.c              0x00000000   Number         0  llshl.o ABSOLUTE
    ../clib/microlib/longlong.c              0x00000000   Number         0  llsshr.o ABSOLUTE
    ../clib/microlib/printf/printf.c         0x00000000   Number         0  printf2.o ABSOLUTE
    ../clib/microlib/printf/printf.c         0x00000000   Number         0  printf1.o ABSOLUTE
    ../clib/microlib/printf/printf.c         0x00000000   Number         0  printf0.o ABSOLUTE
    ../clib/microlib/printf/printf.c         0x00000000   Number         0  printfb.o ABSOLUTE
    ../clib/microlib/printf/printf.c         0x00000000   Number         0  printf6.o ABSOLUTE
    ../clib/microlib/printf/printf.c         0x00000000   Number         0  printf5.o ABSOLUTE
    ../clib/microlib/printf/printf.c         0x00000000   Number         0  printf4.o ABSOLUTE
    ../clib/microlib/printf/printf.c         0x00000000   Number         0  printfa.o ABSOLUTE
    ../clib/microlib/printf/printf.c         0x00000000   Number         0  printf3.o ABSOLUTE
    ../clib/microlib/printf/printf.c         0x00000000   Number         0  printf8.o ABSOLUTE
    ../clib/microlib/printf/printf.c         0x00000000   Number         0  printf7.o ABSOLUTE
    ../clib/microlib/printf/stubs.s          0x00000000   Number         0  stubs.o ABSOLUTE
    ../clib/microlib/string/memset.c         0x00000000   Number         0  memseta.o ABSOLUTE
    ../clib/microlib/stubs.s                 0x00000000   Number         0  iusefp.o ABSOLUTE
    ../fplib/microlib/fpadd.c                0x00000000   Number         0  dadd.o ABSOLUTE
    ../fplib/microlib/fpdiv.c                0x00000000   Number         0  ddiv.o ABSOLUTE
    ../fplib/microlib/fpepilogue.c           0x00000000   Number         0  depilogue.o ABSOLUTE
    ../fplib/microlib/fpfix.c                0x00000000   Number         0  dfixul.o ABSOLUTE
    ../fplib/microlib/fpmul.c                0x00000000   Number         0  dmul.o ABSOLUTE
    ..\Core\Src\CANSPI.c                     0x00000000   Number         0  canspi.o ABSOLUTE
    ..\Core\Src\MCP2515.c                    0x00000000   Number         0  mcp2515.o ABSOLUTE
    ..\Core\Src\dma.c                        0x00000000   Number         0  dma.o ABSOLUTE
    ..\Core\Src\gpio.c                       0x00000000   Number         0  gpio.o ABSOLUTE
    ..\Core\Src\i2c.c                        0x00000000   Number         0  i2c.o ABSOLUTE
    ..\Core\Src\main.c                       0x00000000   Number         0  main.o ABSOLUTE
    ..\Core\Src\spi.c                        0x00000000   Number         0  spi.o ABSOLUTE
    ..\Core\Src\stm32f4xx_hal_msp.c          0x00000000   Number         0  stm32f4xx_hal_msp.o ABSOLUTE
    ..\Core\Src\stm32f4xx_it.c               0x00000000   Number         0  stm32f4xx_it.o ABSOLUTE
    ..\Core\Src\system_stm32f4xx.c           0x00000000   Number         0  system_stm32f4xx.o ABSOLUTE
    ..\Core\Src\tim.c                        0x00000000   Number         0  tim.o ABSOLUTE
    ..\Core\Src\usart.c                      0x00000000   Number         0  usart.o ABSOLUTE
    ..\Drivers\STM32F4xx_HAL_Driver\Src\stm32f4xx_hal.c 0x00000000   Number         0  stm32f4xx_hal.o ABSOLUTE
    ..\Drivers\STM32F4xx_HAL_Driver\Src\stm32f4xx_hal_cortex.c 0x00000000   Number         0  stm32f4xx_hal_cortex.o ABSOLUTE
    ..\Drivers\STM32F4xx_HAL_Driver\Src\stm32f4xx_hal_dma.c 0x00000000   Number         0  stm32f4xx_hal_dma.o ABSOLUTE
    ..\Drivers\STM32F4xx_HAL_Driver\Src\stm32f4xx_hal_dma_ex.c 0x00000000   Number         0  stm32f4xx_hal_dma_ex.o ABSOLUTE
    ..\Drivers\STM32F4xx_HAL_Driver\Src\stm32f4xx_hal_exti.c 0x00000000   Number         0  stm32f4xx_hal_exti.o ABSOLUTE
    ..\Drivers\STM32F4xx_HAL_Driver\Src\stm32f4xx_hal_flash.c 0x00000000   Number         0  stm32f4xx_hal_flash.o ABSOLUTE
    ..\Drivers\STM32F4xx_HAL_Driver\Src\stm32f4xx_hal_flash_ex.c 0x00000000   Number         0  stm32f4xx_hal_flash_ex.o ABSOLUTE
    ..\Drivers\STM32F4xx_HAL_Driver\Src\stm32f4xx_hal_flash_ramfunc.c 0x00000000   Number         0  stm32f4xx_hal_flash_ramfunc.o ABSOLUTE
    ..\Drivers\STM32F4xx_HAL_Driver\Src\stm32f4xx_hal_gpio.c 0x00000000   Number         0  stm32f4xx_hal_gpio.o ABSOLUTE
    ..\Drivers\STM32F4xx_HAL_Driver\Src\stm32f4xx_hal_i2c.c 0x00000000   Number         0  stm32f4xx_hal_i2c.o ABSOLUTE
    ..\Drivers\STM32F4xx_HAL_Driver\Src\stm32f4xx_hal_i2c_ex.c 0x00000000   Number         0  stm32f4xx_hal_i2c_ex.o ABSOLUTE
    ..\Drivers\STM32F4xx_HAL_Driver\Src\stm32f4xx_hal_pwr.c 0x00000000   Number         0  stm32f4xx_hal_pwr.o ABSOLUTE
    ..\Drivers\STM32F4xx_HAL_Driver\Src\stm32f4xx_hal_pwr_ex.c 0x00000000   Number         0  stm32f4xx_hal_pwr_ex.o ABSOLUTE
    ..\Drivers\STM32F4xx_HAL_Driver\Src\stm32f4xx_hal_rcc.c 0x00000000   Number         0  stm32f4xx_hal_rcc.o ABSOLUTE
    ..\Drivers\STM32F4xx_HAL_Driver\Src\stm32f4xx_hal_rcc_ex.c 0x00000000   Number         0  stm32f4xx_hal_rcc_ex.o ABSOLUTE
    ..\Drivers\STM32F4xx_HAL_Driver\Src\stm32f4xx_hal_spi.c 0x00000000   Number         0  stm32f4xx_hal_spi.o ABSOLUTE
    ..\Drivers\STM32F4xx_HAL_Driver\Src\stm32f4xx_hal_tim.c 0x00000000   Number         0  stm32f4xx_hal_tim.o ABSOLUTE
    ..\Drivers\STM32F4xx_HAL_Driver\Src\stm32f4xx_hal_tim_ex.c 0x00000000   Number         0  stm32f4xx_hal_tim_ex.o ABSOLUTE
    ..\Drivers\STM32F4xx_HAL_Driver\Src\stm32f4xx_hal_uart.c 0x00000000   Number         0  stm32f4xx_hal_uart.o ABSOLUTE
    ..\\Core\\Src\\CANSPI.c                  0x00000000   Number         0  canspi.o ABSOLUTE
    ..\\Core\\Src\\MCP2515.c                 0x00000000   Number         0  mcp2515.o ABSOLUTE
    cdrcmple.s                               0x00000000   Number         0  cdrcmple.o ABSOLUTE
    dc.s                                     0x00000000   Number         0  dc.o ABSOLUTE
    handlers.s                               0x00000000   Number         0  handlers.o ABSOLUTE
    init.s                                   0x00000000   Number         0  init.o ABSOLUTE
    startup_stm32f429xx.s                    0x00000000   Number         0  startup_stm32f429xx.o ABSOLUTE
    RESET                                    0x08000000   Section      428  startup_stm32f429xx.o(RESET)
    .ARM.Collect$$$$00000000                 0x080001ac   Section        0  entry.o(.ARM.Collect$$$$00000000)
    .ARM.Collect$$$$00000001                 0x080001ac   Section        4  entry2.o(.ARM.Collect$$$$00000001)
    .ARM.Collect$$$$00000004                 0x080001b0   Section        4  entry5.o(.ARM.Collect$$$$00000004)
    .ARM.Collect$$$$00000008                 0x080001b4   Section        0  entry7b.o(.ARM.Collect$$$$00000008)
    .ARM.Collect$$$$0000000A                 0x080001b4   Section        0  entry8b.o(.ARM.Collect$$$$0000000A)
    .ARM.Collect$$$$0000000B                 0x080001b4   Section        8  entry9a.o(.ARM.Collect$$$$0000000B)
    .ARM.Collect$$$$0000000D                 0x080001bc   Section        0  entry10a.o(.ARM.Collect$$$$0000000D)
    .ARM.Collect$$$$0000000F                 0x080001bc   Section        0  entry11a.o(.ARM.Collect$$$$0000000F)
    .ARM.Collect$$$$00002712                 0x080001bc   Section        4  entry2.o(.ARM.Collect$$$$00002712)
    __lit__00000000                          0x080001bc   Data           4  entry2.o(.ARM.Collect$$$$00002712)
    .text                                    0x080001c0   Section       36  startup_stm32f429xx.o(.text)
    $v0                                      0x080001c0   Number         0  startup_stm32f429xx.o(.text)
    .text                                    0x080001e4   Section        0  uldiv.o(.text)
    .text                                    0x08000246   Section        0  memseta.o(.text)
    .text                                    0x0800026a   Section        0  llshl.o(.text)
    .text                                    0x08000288   Section        0  llushr.o(.text)
    .text                                    0x080002a8   Section       36  init.o(.text)
    i.BusFault_Handler                       0x080002cc   Section        0  stm32f4xx_it.o(i.BusFault_Handler)
    i.CANSPI_Initialize                      0x080002ce   Section        0  canspi.o(i.CANSPI_Initialize)
    i.CANSPI_Receive                         0x08000398   Section        0  canspi.o(i.CANSPI_Receive)
    i.CANSPI_Transmit                        0x08000464   Section        0  canspi.o(i.CANSPI_Transmit)
    i.DMA1_Stream5_IRQHandler                0x080004ec   Section        0  stm32f4xx_it.o(i.DMA1_Stream5_IRQHandler)
    i.DMA1_Stream7_IRQHandler                0x080004f8   Section        0  stm32f4xx_it.o(i.DMA1_Stream7_IRQHandler)
    i.DMA_CalcBaseAndBitshift                0x08000504   Section        0  stm32f4xx_hal_dma.o(i.DMA_CalcBaseAndBitshift)
    DMA_CalcBaseAndBitshift                  0x08000505   Thumb Code    34  stm32f4xx_hal_dma.o(i.DMA_CalcBaseAndBitshift)
    i.DMA_CheckFifoParam                     0x0800052c   Section        0  stm32f4xx_hal_dma.o(i.DMA_CheckFifoParam)
    DMA_CheckFifoParam                       0x0800052d   Thumb Code    84  stm32f4xx_hal_dma.o(i.DMA_CheckFifoParam)
    i.DebugMon_Handler                       0x08000580   Section        0  stm32f4xx_it.o(i.DebugMon_Handler)
    i.EXTI15_10_IRQHandler                   0x08000582   Section        0  stm32f4xx_it.o(i.EXTI15_10_IRQHandler)
    i.Error_Handler                          0x08000598   Section        0  main.o(i.Error_Handler)
    i.HAL_DMA_Abort                          0x0800059c   Section        0  stm32f4xx_hal_dma.o(i.HAL_DMA_Abort)
    i.HAL_DMA_Abort_IT                       0x0800062e   Section        0  stm32f4xx_hal_dma.o(i.HAL_DMA_Abort_IT)
    i.HAL_DMA_IRQHandler                     0x08000654   Section        0  stm32f4xx_hal_dma.o(i.HAL_DMA_IRQHandler)
    i.HAL_DMA_Init                           0x080007f4   Section        0  stm32f4xx_hal_dma.o(i.HAL_DMA_Init)
    i.HAL_Delay                              0x080008c8   Section        0  stm32f4xx_hal.o(i.HAL_Delay)
    i.HAL_GPIO_EXTI_Callback                 0x080008ec   Section        0  main.o(i.HAL_GPIO_EXTI_Callback)
    i.HAL_GPIO_EXTI_IRQHandler               0x08000958   Section        0  stm32f4xx_hal_gpio.o(i.HAL_GPIO_EXTI_IRQHandler)
    i.HAL_GPIO_Init                          0x08000970   Section        0  stm32f4xx_hal_gpio.o(i.HAL_GPIO_Init)
    i.HAL_GPIO_ReadPin                       0x08000ba4   Section        0  stm32f4xx_hal_gpio.o(i.HAL_GPIO_ReadPin)
    i.HAL_GPIO_TogglePin                     0x08000bae   Section        0  stm32f4xx_hal_gpio.o(i.HAL_GPIO_TogglePin)
    i.HAL_GPIO_WritePin                      0x08000bbe   Section        0  stm32f4xx_hal_gpio.o(i.HAL_GPIO_WritePin)
    i.HAL_GetTick                            0x08000bc8   Section        0  stm32f4xx_hal.o(i.HAL_GetTick)
    i.HAL_I2CEx_ConfigAnalogFilter           0x08000bd4   Section        0  stm32f4xx_hal_i2c_ex.o(i.HAL_I2CEx_ConfigAnalogFilter)
    i.HAL_I2CEx_ConfigDigitalFilter          0x08000c16   Section        0  stm32f4xx_hal_i2c_ex.o(i.HAL_I2CEx_ConfigDigitalFilter)
    i.HAL_I2C_Init                           0x08000c54   Section        0  stm32f4xx_hal_i2c.o(i.HAL_I2C_Init)
    i.HAL_I2C_MspInit                        0x08000ddc   Section        0  i2c.o(i.HAL_I2C_MspInit)
    i.HAL_IncTick                            0x08000e48   Section        0  stm32f4xx_hal.o(i.HAL_IncTick)
    i.HAL_Init                               0x08000e58   Section        0  stm32f4xx_hal.o(i.HAL_Init)
    i.HAL_InitTick                           0x08000e8c   Section        0  stm32f4xx_hal.o(i.HAL_InitTick)
    i.HAL_MspInit                            0x08000ecc   Section        0  stm32f4xx_hal_msp.o(i.HAL_MspInit)
    i.HAL_NVIC_EnableIRQ                     0x08000efc   Section        0  stm32f4xx_hal_cortex.o(i.HAL_NVIC_EnableIRQ)
    i.HAL_NVIC_SetPriority                   0x08000f18   Section        0  stm32f4xx_hal_cortex.o(i.HAL_NVIC_SetPriority)
    i.HAL_NVIC_SetPriorityGrouping           0x08000f58   Section        0  stm32f4xx_hal_cortex.o(i.HAL_NVIC_SetPriorityGrouping)
    i.HAL_PWREx_EnableOverDrive              0x08000f7c   Section        0  stm32f4xx_hal_pwr_ex.o(i.HAL_PWREx_EnableOverDrive)
    i.HAL_RCC_ClockConfig                    0x08000fec   Section        0  stm32f4xx_hal_rcc.o(i.HAL_RCC_ClockConfig)
    i.HAL_RCC_GetPCLK1Freq                   0x08001120   Section        0  stm32f4xx_hal_rcc.o(i.HAL_RCC_GetPCLK1Freq)
    i.HAL_RCC_GetPCLK2Freq                   0x08001140   Section        0  stm32f4xx_hal_rcc.o(i.HAL_RCC_GetPCLK2Freq)
    i.HAL_RCC_GetSysClockFreq                0x08001160   Section        0  stm32f4xx_hal_rcc.o(i.HAL_RCC_GetSysClockFreq)
    i.HAL_RCC_OscConfig                      0x080011c0   Section        0  stm32f4xx_hal_rcc.o(i.HAL_RCC_OscConfig)
    i.HAL_SPI_GetState                       0x0800152c   Section        0  stm32f4xx_hal_spi.o(i.HAL_SPI_GetState)
    i.HAL_SPI_Init                           0x08001532   Section        0  stm32f4xx_hal_spi.o(i.HAL_SPI_Init)
    i.HAL_SPI_MspInit                        0x080015f0   Section        0  spi.o(i.HAL_SPI_MspInit)
    i.HAL_SPI_Receive                        0x08001698   Section        0  stm32f4xx_hal_spi.o(i.HAL_SPI_Receive)
    i.HAL_SPI_Transmit                       0x080017f2   Section        0  stm32f4xx_hal_spi.o(i.HAL_SPI_Transmit)
    i.HAL_SPI_TransmitReceive                0x08001958   Section        0  stm32f4xx_hal_spi.o(i.HAL_SPI_TransmitReceive)
    i.HAL_SYSTICK_Config                     0x08001b3a   Section        0  stm32f4xx_hal_cortex.o(i.HAL_SYSTICK_Config)
    i.HAL_TIMEx_BreakCallback                0x08001b62   Section        0  stm32f4xx_hal_tim_ex.o(i.HAL_TIMEx_BreakCallback)
    i.HAL_TIMEx_CommutCallback               0x08001b64   Section        0  stm32f4xx_hal_tim_ex.o(i.HAL_TIMEx_CommutCallback)
    i.HAL_TIMEx_MasterConfigSynchronization  0x08001b68   Section        0  stm32f4xx_hal_tim_ex.o(i.HAL_TIMEx_MasterConfigSynchronization)
    i.HAL_TIM_Base_Init                      0x08001bf8   Section        0  stm32f4xx_hal_tim.o(i.HAL_TIM_Base_Init)
    i.HAL_TIM_Base_MspInit                   0x08001c54   Section        0  tim.o(i.HAL_TIM_Base_MspInit)
    i.HAL_TIM_ConfigClockSource              0x08001d70   Section        0  stm32f4xx_hal_tim.o(i.HAL_TIM_ConfigClockSource)
    i.HAL_TIM_IC_CaptureCallback             0x08001e4c   Section        0  stm32f4xx_hal_tim.o(i.HAL_TIM_IC_CaptureCallback)
    i.HAL_TIM_IC_ConfigChannel               0x08001e4e   Section        0  stm32f4xx_hal_tim.o(i.HAL_TIM_IC_ConfigChannel)
    i.HAL_TIM_IC_Init                        0x08001f6c   Section        0  stm32f4xx_hal_tim.o(i.HAL_TIM_IC_Init)
    i.HAL_TIM_IC_MspInit                     0x08001fc6   Section        0  stm32f4xx_hal_tim.o(i.HAL_TIM_IC_MspInit)
    i.HAL_TIM_IRQHandler                     0x08001fc8   Section        0  stm32f4xx_hal_tim.o(i.HAL_TIM_IRQHandler)
    i.HAL_TIM_MspPostInit                    0x08002130   Section        0  tim.o(i.HAL_TIM_MspPostInit)
    i.HAL_TIM_OC_DelayElapsedCallback        0x08002184   Section        0  stm32f4xx_hal_tim.o(i.HAL_TIM_OC_DelayElapsedCallback)
    i.HAL_TIM_PWM_ConfigChannel              0x08002186   Section        0  stm32f4xx_hal_tim.o(i.HAL_TIM_PWM_ConfigChannel)
    i.HAL_TIM_PWM_Init                       0x08002252   Section        0  stm32f4xx_hal_tim.o(i.HAL_TIM_PWM_Init)
    i.HAL_TIM_PWM_MspInit                    0x080022ac   Section        0  stm32f4xx_hal_tim.o(i.HAL_TIM_PWM_MspInit)
    i.HAL_TIM_PWM_PulseFinishedCallback      0x080022ae   Section        0  stm32f4xx_hal_tim.o(i.HAL_TIM_PWM_PulseFinishedCallback)
    i.HAL_TIM_PeriodElapsedCallback          0x080022b0   Section        0  stm32f4xx_hal_tim.o(i.HAL_TIM_PeriodElapsedCallback)
    i.HAL_TIM_TriggerCallback                0x080022b2   Section        0  stm32f4xx_hal_tim.o(i.HAL_TIM_TriggerCallback)
    i.HAL_UARTEx_RxEventCallback             0x080022b4   Section        0  stm32f4xx_hal_uart.o(i.HAL_UARTEx_RxEventCallback)
    i.HAL_UART_ErrorCallback                 0x080022b6   Section        0  stm32f4xx_hal_uart.o(i.HAL_UART_ErrorCallback)
    i.HAL_UART_IRQHandler                    0x080022b8   Section        0  stm32f4xx_hal_uart.o(i.HAL_UART_IRQHandler)
    i.HAL_UART_Init                          0x08002520   Section        0  stm32f4xx_hal_uart.o(i.HAL_UART_Init)
    i.HAL_UART_MspInit                       0x08002584   Section        0  usart.o(i.HAL_UART_MspInit)
    i.HAL_UART_RxCpltCallback                0x08002600   Section        0  stm32f4xx_hal_uart.o(i.HAL_UART_RxCpltCallback)
    i.HAL_UART_Transmit                      0x08002604   Section        0  stm32f4xx_hal_uart.o(i.HAL_UART_Transmit)
    i.HAL_UART_TxCpltCallback                0x080026b6   Section        0  stm32f4xx_hal_uart.o(i.HAL_UART_TxCpltCallback)
    i.HardFault_Handler                      0x080026b8   Section        0  stm32f4xx_it.o(i.HardFault_Handler)
    i.MCP2515_GetRxStatus                    0x080026bc   Section        0  mcp2515.o(i.MCP2515_GetRxStatus)
    i.MCP2515_Initialize                     0x080026e8   Section        0  mcp2515.o(i.MCP2515_Initialize)
    i.MCP2515_LoadTxSequence                 0x08002714   Section        0  mcp2515.o(i.MCP2515_LoadTxSequence)
    i.MCP2515_ReadByte                       0x0800275c   Section        0  mcp2515.o(i.MCP2515_ReadByte)
    i.MCP2515_ReadRxSequence                 0x08002790   Section        0  mcp2515.o(i.MCP2515_ReadRxSequence)
    i.MCP2515_ReadStatus                     0x080027d0   Section        0  mcp2515.o(i.MCP2515_ReadStatus)
    i.MCP2515_RequestToSend                  0x080027fc   Section        0  mcp2515.o(i.MCP2515_RequestToSend)
    i.MCP2515_SetConfigMode                  0x08002824   Section        0  mcp2515.o(i.MCP2515_SetConfigMode)
    i.MCP2515_SetNormalMode                  0x0800284e   Section        0  mcp2515.o(i.MCP2515_SetNormalMode)
    i.MCP2515_WriteByte                      0x08002874   Section        0  mcp2515.o(i.MCP2515_WriteByte)
    i.MCP2515_WriteByteSequence              0x080028ac   Section        0  mcp2515.o(i.MCP2515_WriteByteSequence)
    i.MX_DMA_Init                            0x080028ec   Section        0  dma.o(i.MX_DMA_Init)
    i.MX_GPIO_Init                           0x08002928   Section        0  gpio.o(i.MX_GPIO_Init)
    i.MX_I2C1_Init                           0x08002af0   Section        0  i2c.o(i.MX_I2C1_Init)
    i.MX_SPI2_Init                           0x08002b4c   Section        0  spi.o(i.MX_SPI2_Init)
    i.MX_SPI3_Init                           0x08002b94   Section        0  spi.o(i.MX_SPI3_Init)
    i.MX_TIM3_Init                           0x08002bdc   Section        0  tim.o(i.MX_TIM3_Init)
    i.MX_TIM4_Init                           0x08002c84   Section        0  tim.o(i.MX_TIM4_Init)
    i.MX_TIM7_Init                           0x08002d20   Section        0  tim.o(i.MX_TIM7_Init)
    i.MX_USART3_UART_Init                    0x08002d64   Section        0  usart.o(i.MX_USART3_UART_Init)
    i.MemManage_Handler                      0x08002d9c   Section        0  stm32f4xx_it.o(i.MemManage_Handler)
    i.NMI_Handler                            0x08002d9e   Section        0  stm32f4xx_it.o(i.NMI_Handler)
    i.PendSV_Handler                         0x08002da0   Section        0  stm32f4xx_it.o(i.PendSV_Handler)
    i.SPI_EndRxTransaction                   0x08002da2   Section        0  stm32f4xx_hal_spi.o(i.SPI_EndRxTransaction)
    SPI_EndRxTransaction                     0x08002da3   Thumb Code    92  stm32f4xx_hal_spi.o(i.SPI_EndRxTransaction)
    i.SPI_EndRxTxTransaction                 0x08002e00   Section        0  stm32f4xx_hal_spi.o(i.SPI_EndRxTxTransaction)
    SPI_EndRxTxTransaction                   0x08002e01   Thumb Code    80  stm32f4xx_hal_spi.o(i.SPI_EndRxTxTransaction)
    i.SPI_Rx                                 0x08002e58   Section        0  mcp2515.o(i.SPI_Rx)
    SPI_Rx                                   0x08002e59   Thumb Code    20  mcp2515.o(i.SPI_Rx)
    i.SPI_Tx                                 0x08002e70   Section        0  mcp2515.o(i.SPI_Tx)
    SPI_Tx                                   0x08002e71   Thumb Code    16  mcp2515.o(i.SPI_Tx)
    i.SPI_TxBuffer                           0x08002e84   Section        0  mcp2515.o(i.SPI_TxBuffer)
    SPI_TxBuffer                             0x08002e85   Thumb Code    12  mcp2515.o(i.SPI_TxBuffer)
    i.SPI_WaitFlagStateUntilTimeout          0x08002e94   Section        0  stm32f4xx_hal_spi.o(i.SPI_WaitFlagStateUntilTimeout)
    SPI_WaitFlagStateUntilTimeout            0x08002e95   Thumb Code   180  stm32f4xx_hal_spi.o(i.SPI_WaitFlagStateUntilTimeout)
    i.SVC_Handler                            0x08002f4c   Section        0  stm32f4xx_it.o(i.SVC_Handler)
    i.SysTick_Handler                        0x08002f4e   Section        0  stm32f4xx_it.o(i.SysTick_Handler)
    i.SystemClock_Config                     0x08002f54   Section        0  main.o(i.SystemClock_Config)
    i.SystemInit                             0x08002ff0   Section        0  system_stm32f4xx.o(i.SystemInit)
    i.TIM3_IRQHandler                        0x08003000   Section        0  stm32f4xx_it.o(i.TIM3_IRQHandler)
    i.TIM_Base_SetConfig                     0x0800300c   Section        0  stm32f4xx_hal_tim.o(i.TIM_Base_SetConfig)
    i.TIM_ETR_SetConfig                      0x080030d4   Section        0  stm32f4xx_hal_tim.o(i.TIM_ETR_SetConfig)
    i.TIM_ITRx_SetConfig                     0x080030e8   Section        0  stm32f4xx_hal_tim.o(i.TIM_ITRx_SetConfig)
    TIM_ITRx_SetConfig                       0x080030e9   Thumb Code    16  stm32f4xx_hal_tim.o(i.TIM_ITRx_SetConfig)
    i.TIM_OC1_SetConfig                      0x080030f8   Section        0  stm32f4xx_hal_tim.o(i.TIM_OC1_SetConfig)
    TIM_OC1_SetConfig                        0x080030f9   Thumb Code    88  stm32f4xx_hal_tim.o(i.TIM_OC1_SetConfig)
    i.TIM_OC2_SetConfig                      0x08003158   Section        0  stm32f4xx_hal_tim.o(i.TIM_OC2_SetConfig)
    i.TIM_OC3_SetConfig                      0x080031c4   Section        0  stm32f4xx_hal_tim.o(i.TIM_OC3_SetConfig)
    TIM_OC3_SetConfig                        0x080031c5   Thumb Code    96  stm32f4xx_hal_tim.o(i.TIM_OC3_SetConfig)
    i.TIM_OC4_SetConfig                      0x0800322c   Section        0  stm32f4xx_hal_tim.o(i.TIM_OC4_SetConfig)
    TIM_OC4_SetConfig                        0x0800322d   Thumb Code    70  stm32f4xx_hal_tim.o(i.TIM_OC4_SetConfig)
    i.TIM_TI1_ConfigInputStage               0x0800327c   Section        0  stm32f4xx_hal_tim.o(i.TIM_TI1_ConfigInputStage)
    TIM_TI1_ConfigInputStage                 0x0800327d   Thumb Code    34  stm32f4xx_hal_tim.o(i.TIM_TI1_ConfigInputStage)
    i.TIM_TI1_SetConfig                      0x080032a0   Section        0  stm32f4xx_hal_tim.o(i.TIM_TI1_SetConfig)
    i.TIM_TI2_ConfigInputStage               0x08003320   Section        0  stm32f4xx_hal_tim.o(i.TIM_TI2_ConfigInputStage)
    TIM_TI2_ConfigInputStage                 0x08003321   Thumb Code    36  stm32f4xx_hal_tim.o(i.TIM_TI2_ConfigInputStage)
    i.TIM_TI2_SetConfig                      0x08003344   Section        0  stm32f4xx_hal_tim.o(i.TIM_TI2_SetConfig)
    TIM_TI2_SetConfig                        0x08003345   Thumb Code    54  stm32f4xx_hal_tim.o(i.TIM_TI2_SetConfig)
    i.UART_DMAAbortOnError                   0x0800337a   Section        0  stm32f4xx_hal_uart.o(i.UART_DMAAbortOnError)
    UART_DMAAbortOnError                     0x0800337b   Thumb Code    16  stm32f4xx_hal_uart.o(i.UART_DMAAbortOnError)
    i.UART_EndRxTransfer                     0x0800338a   Section        0  stm32f4xx_hal_uart.o(i.UART_EndRxTransfer)
    UART_EndRxTransfer                       0x0800338b   Thumb Code    78  stm32f4xx_hal_uart.o(i.UART_EndRxTransfer)
    i.UART_Receive_IT                        0x080033d8   Section        0  stm32f4xx_hal_uart.o(i.UART_Receive_IT)
    UART_Receive_IT                          0x080033d9   Thumb Code   192  stm32f4xx_hal_uart.o(i.UART_Receive_IT)
    i.UART_SetConfig                         0x08003498   Section        0  stm32f4xx_hal_uart.o(i.UART_SetConfig)
    UART_SetConfig                           0x08003499   Thumb Code   258  stm32f4xx_hal_uart.o(i.UART_SetConfig)
    i.UART_WaitOnFlagUntilTimeout            0x080035a4   Section        0  stm32f4xx_hal_uart.o(i.UART_WaitOnFlagUntilTimeout)
    UART_WaitOnFlagUntilTimeout              0x080035a5   Thumb Code   120  stm32f4xx_hal_uart.o(i.UART_WaitOnFlagUntilTimeout)
    i.USART3_IRQHandler                      0x0800361c   Section        0  stm32f4xx_it.o(i.USART3_IRQHandler)
    i.UsageFault_Handler                     0x08003628   Section        0  stm32f4xx_it.o(i.UsageFault_Handler)
    i.__0printf$2                            0x0800362c   Section        0  printf2.o(i.__0printf$2)
    i.__NVIC_SetPriority                     0x0800364c   Section        0  stm32f4xx_hal_cortex.o(i.__NVIC_SetPriority)
    __NVIC_SetPriority                       0x0800364d   Thumb Code    32  stm32f4xx_hal_cortex.o(i.__NVIC_SetPriority)
    i.__scatterload_copy                     0x0800366c   Section       14  handlers.o(i.__scatterload_copy)
    i.__scatterload_null                     0x0800367a   Section        2  handlers.o(i.__scatterload_null)
    i.__scatterload_zeroinit                 0x0800367c   Section       14  handlers.o(i.__scatterload_zeroinit)
    i._printf_core                           0x0800368a   Section        0  printf2.o(i._printf_core)
    _printf_core                             0x0800368b   Thumb Code   214  printf2.o(i._printf_core)
    i.convertCANid2Reg                       0x08003760   Section        0  canspi.o(i.convertCANid2Reg)
    convertCANid2Reg                         0x08003761   Thumb Code    52  canspi.o(i.convertCANid2Reg)
    i.fputc                                  0x08003794   Section        0  main.o(i.fputc)
    i.main                                   0x080037ac   Section        0  main.o(i.main)
    .constdata                               0x08003840   Section        8  stm32f4xx_hal_dma.o(.constdata)
    flagBitshiftOffset                       0x08003840   Data           8  stm32f4xx_hal_dma.o(.constdata)
    .constdata                               0x08003848   Section       16  system_stm32f4xx.o(.constdata)
    .constdata                               0x08003858   Section        8  system_stm32f4xx.o(.constdata)
    .data                                    0x20000000   Section       12  canspi.o(.data)
    .data                                    0x2000000c   Section        4  main.o(.data)
    temp                                     0x2000000c   Data           4  main.o(.data)
    .data                                    0x20000010   Section        4  main.o(.data)
    .data                                    0x20000014   Section       12  stm32f4xx_hal.o(.data)
    .data                                    0x20000020   Section        4  system_stm32f4xx.o(.data)
    .bss                                     0x20000024   Section       40  main.o(.bss)
    .bss                                     0x2000004c   Section       84  i2c.o(.bss)
    .bss                                     0x200000a0   Section      176  spi.o(.bss)
    .bss                                     0x20000150   Section      408  tim.o(.bss)
    .bss                                     0x200002e8   Section       68  usart.o(.bss)
    STACK                                    0x20000330   Section     1024  startup_stm32f429xx.o(STACK)

    Global Symbols

    Symbol Name                              Value     Ov Type        Size  Object(Section)

    BuildAttributes$$THM_ISAv4$E$P$D$K$B$S$7EM$VFPi3$EXTD16$VFPS$VFMA$PE$A:L22UL41UL21$X:L11$S22US41US21$IEEE1$IW$USESV6$~STKCKD$USESV7$~SHL$OSPACE$ROPI$EBA8$MICROLIB$REQ8$PRES8$EABIv2 0x00000000   Number         0  anon$$obj.o ABSOLUTE
    __ARM_use_no_argv                        0x00000000   Number         0  main.o ABSOLUTE
    _printf_a                                0x00000000   Number         0  stubs.o ABSOLUTE
    _printf_c                                0x00000000   Number         0  stubs.o ABSOLUTE
    _printf_charcount                        0x00000000   Number         0  stubs.o ABSOLUTE
    _printf_d                                0x00000000   Number         0  stubs.o ABSOLUTE
    _printf_e                                0x00000000   Number         0  stubs.o ABSOLUTE
    _printf_f                                0x00000000   Number         0  stubs.o ABSOLUTE
    _printf_flags                            0x00000000   Number         0  stubs.o ABSOLUTE
    _printf_fp_dec                           0x00000000   Number         0  stubs.o ABSOLUTE
    _printf_fp_hex                           0x00000000   Number         0  stubs.o ABSOLUTE
    _printf_g                                0x00000000   Number         0  stubs.o ABSOLUTE
    _printf_i                                0x00000000   Number         0  stubs.o ABSOLUTE
    _printf_int_dec                          0x00000000   Number         0  stubs.o ABSOLUTE
    _printf_l                                0x00000000   Number         0  stubs.o ABSOLUTE
    _printf_lc                               0x00000000   Number         0  stubs.o ABSOLUTE
    _printf_ll                               0x00000000   Number         0  stubs.o ABSOLUTE
    _printf_lld                              0x00000000   Number         0  stubs.o ABSOLUTE
    _printf_lli                              0x00000000   Number         0  stubs.o ABSOLUTE
    _printf_llo                              0x00000000   Number         0  stubs.o ABSOLUTE
    _printf_llu                              0x00000000   Number         0  stubs.o ABSOLUTE
    _printf_llx                              0x00000000   Number         0  stubs.o ABSOLUTE
    _printf_longlong_dec                     0x00000000   Number         0  stubs.o ABSOLUTE
    _printf_longlong_hex                     0x00000000   Number         0  stubs.o ABSOLUTE
    _printf_longlong_oct                     0x00000000   Number         0  stubs.o ABSOLUTE
    _printf_ls                               0x00000000   Number         0  stubs.o ABSOLUTE
    _printf_mbtowc                           0x00000000   Number         0  stubs.o ABSOLUTE
    _printf_n                                0x00000000   Number         0  stubs.o ABSOLUTE
    _printf_o                                0x00000000   Number         0  stubs.o ABSOLUTE
    _printf_p                                0x00000000   Number         0  stubs.o ABSOLUTE
    _printf_percent                          0x00000000   Number         0  stubs.o ABSOLUTE
    _printf_pre_padding                      0x00000000   Number         0  stubs.o ABSOLUTE
    _printf_return_value                     0x00000000   Number         0  stubs.o ABSOLUTE
    _printf_s                                0x00000000   Number         0  stubs.o ABSOLUTE
    _printf_sizespec                         0x00000000   Number         0  stubs.o ABSOLUTE
    _printf_str                              0x00000000   Number         0  stubs.o ABSOLUTE
    _printf_truncate_signed                  0x00000000   Number         0  stubs.o ABSOLUTE
    _printf_truncate_unsigned                0x00000000   Number         0  stubs.o ABSOLUTE
    _printf_u                                0x00000000   Number         0  stubs.o ABSOLUTE
    _printf_wc                               0x00000000   Number         0  stubs.o ABSOLUTE
    _printf_wctomb                           0x00000000   Number         0  stubs.o ABSOLUTE
    _printf_widthprec                        0x00000000   Number         0  stubs.o ABSOLUTE
    _printf_x                                0x00000000   Number         0  stubs.o ABSOLUTE
    __cpp_initialize__aeabi_                  - Undefined Weak Reference
    __cxa_finalize                            - Undefined Weak Reference
    __decompress                              - Undefined Weak Reference
    _clock_init                               - Undefined Weak Reference
    _microlib_exit                            - Undefined Weak Reference
    __Vectors_Size                           0x000001ac   Number         0  startup_stm32f429xx.o ABSOLUTE
    __Vectors                                0x08000000   Data           4  startup_stm32f429xx.o(RESET)
    __Vectors_End                            0x080001ac   Data           0  startup_stm32f429xx.o(RESET)
    __main                                   0x080001ad   Thumb Code     0  entry.o(.ARM.Collect$$$$00000000)
    _main_stk                                0x080001ad   Thumb Code     0  entry2.o(.ARM.Collect$$$$00000001)
    _main_scatterload                        0x080001b1   Thumb Code     0  entry5.o(.ARM.Collect$$$$00000004)
    __main_after_scatterload                 0x080001b5   Thumb Code     0  entry5.o(.ARM.Collect$$$$00000004)
    _main_clock                              0x080001b5   Thumb Code     0  entry7b.o(.ARM.Collect$$$$00000008)
    _main_cpp_init                           0x080001b5   Thumb Code     0  entry8b.o(.ARM.Collect$$$$0000000A)
    _main_init                               0x080001b5   Thumb Code     0  entry9a.o(.ARM.Collect$$$$0000000B)
    __rt_final_cpp                           0x080001bd   Thumb Code     0  entry10a.o(.ARM.Collect$$$$0000000D)
    __rt_final_exit                          0x080001bd   Thumb Code     0  entry11a.o(.ARM.Collect$$$$0000000F)
    Reset_Handler                            0x080001c1   Thumb Code     8  startup_stm32f429xx.o(.text)
    ADC_IRQHandler                           0x080001db   Thumb Code     0  startup_stm32f429xx.o(.text)
    CAN1_RX0_IRQHandler                      0x080001db   Thumb Code     0  startup_stm32f429xx.o(.text)
    CAN1_RX1_IRQHandler                      0x080001db   Thumb Code     0  startup_stm32f429xx.o(.text)
    CAN1_SCE_IRQHandler                      0x080001db   Thumb Code     0  startup_stm32f429xx.o(.text)
    CAN1_TX_IRQHandler                       0x080001db   Thumb Code     0  startup_stm32f429xx.o(.text)
    CAN2_RX0_IRQHandler                      0x080001db   Thumb Code     0  startup_stm32f429xx.o(.text)
    CAN2_RX1_IRQHandler                      0x080001db   Thumb Code     0  startup_stm32f429xx.o(.text)
    CAN2_SCE_IRQHandler                      0x080001db   Thumb Code     0  startup_stm32f429xx.o(.text)
    CAN2_TX_IRQHandler                       0x080001db   Thumb Code     0  startup_stm32f429xx.o(.text)
    DCMI_IRQHandler                          0x080001db   Thumb Code     0  startup_stm32f429xx.o(.text)
    DMA1_Stream0_IRQHandler                  0x080001db   Thumb Code     0  startup_stm32f429xx.o(.text)
    DMA1_Stream1_IRQHandler                  0x080001db   Thumb Code     0  startup_stm32f429xx.o(.text)
    DMA1_Stream2_IRQHandler                  0x080001db   Thumb Code     0  startup_stm32f429xx.o(.text)
    DMA1_Stream3_IRQHandler                  0x080001db   Thumb Code     0  startup_stm32f429xx.o(.text)
    DMA1_Stream4_IRQHandler                  0x080001db   Thumb Code     0  startup_stm32f429xx.o(.text)
    DMA1_Stream6_IRQHandler                  0x080001db   Thumb Code     0  startup_stm32f429xx.o(.text)
    DMA2D_IRQHandler                         0x080001db   Thumb Code     0  startup_stm32f429xx.o(.text)
    DMA2_Stream0_IRQHandler                  0x080001db   Thumb Code     0  startup_stm32f429xx.o(.text)
    DMA2_Stream1_IRQHandler                  0x080001db   Thumb Code     0  startup_stm32f429xx.o(.text)
    DMA2_Stream2_IRQHandler                  0x080001db   Thumb Code     0  startup_stm32f429xx.o(.text)
    DMA2_Stream3_IRQHandler                  0x080001db   Thumb Code     0  startup_stm32f429xx.o(.text)
    DMA2_Stream4_IRQHandler                  0x080001db   Thumb Code     0  startup_stm32f429xx.o(.text)
    DMA2_Stream5_IRQHandler                  0x080001db   Thumb Code     0  startup_stm32f429xx.o(.text)
    DMA2_Stream6_IRQHandler                  0x080001db   Thumb Code     0  startup_stm32f429xx.o(.text)
    DMA2_Stream7_IRQHandler                  0x080001db   Thumb Code     0  startup_stm32f429xx.o(.text)
    ETH_IRQHandler                           0x080001db   Thumb Code     0  startup_stm32f429xx.o(.text)
    ETH_WKUP_IRQHandler                      0x080001db   Thumb Code     0  startup_stm32f429xx.o(.text)
    EXTI0_IRQHandler                         0x080001db   Thumb Code     0  startup_stm32f429xx.o(.text)
    EXTI1_IRQHandler                         0x080001db   Thumb Code     0  startup_stm32f429xx.o(.text)
    EXTI2_IRQHandler                         0x080001db   Thumb Code     0  startup_stm32f429xx.o(.text)
    EXTI3_IRQHandler                         0x080001db   Thumb Code     0  startup_stm32f429xx.o(.text)
    EXTI4_IRQHandler                         0x080001db   Thumb Code     0  startup_stm32f429xx.o(.text)
    EXTI9_5_IRQHandler                       0x080001db   Thumb Code     0  startup_stm32f429xx.o(.text)
    FLASH_IRQHandler                         0x080001db   Thumb Code     0  startup_stm32f429xx.o(.text)
    FMC_IRQHandler                           0x080001db   Thumb Code     0  startup_stm32f429xx.o(.text)
    FPU_IRQHandler                           0x080001db   Thumb Code     0  startup_stm32f429xx.o(.text)
    HASH_RNG_IRQHandler                      0x080001db   Thumb Code     0  startup_stm32f429xx.o(.text)
    I2C1_ER_IRQHandler                       0x080001db   Thumb Code     0  startup_stm32f429xx.o(.text)
    I2C1_EV_IRQHandler                       0x080001db   Thumb Code     0  startup_stm32f429xx.o(.text)
    I2C2_ER_IRQHandler                       0x080001db   Thumb Code     0  startup_stm32f429xx.o(.text)
    I2C2_EV_IRQHandler                       0x080001db   Thumb Code     0  startup_stm32f429xx.o(.text)
    I2C3_ER_IRQHandler                       0x080001db   Thumb Code     0  startup_stm32f429xx.o(.text)
    I2C3_EV_IRQHandler                       0x080001db   Thumb Code     0  startup_stm32f429xx.o(.text)
    LTDC_ER_IRQHandler                       0x080001db   Thumb Code     0  startup_stm32f429xx.o(.text)
    LTDC_IRQHandler                          0x080001db   Thumb Code     0  startup_stm32f429xx.o(.text)
    OTG_FS_IRQHandler                        0x080001db   Thumb Code     0  startup_stm32f429xx.o(.text)
    OTG_FS_WKUP_IRQHandler                   0x080001db   Thumb Code     0  startup_stm32f429xx.o(.text)
    OTG_HS_EP1_IN_IRQHandler                 0x080001db   Thumb Code     0  startup_stm32f429xx.o(.text)
    OTG_HS_EP1_OUT_IRQHandler                0x080001db   Thumb Code     0  startup_stm32f429xx.o(.text)
    OTG_HS_IRQHandler                        0x080001db   Thumb Code     0  startup_stm32f429xx.o(.text)
    OTG_HS_WKUP_IRQHandler                   0x080001db   Thumb Code     0  startup_stm32f429xx.o(.text)
    PVD_IRQHandler                           0x080001db   Thumb Code     0  startup_stm32f429xx.o(.text)
    RCC_IRQHandler                           0x080001db   Thumb Code     0  startup_stm32f429xx.o(.text)
    RTC_Alarm_IRQHandler                     0x080001db   Thumb Code     0  startup_stm32f429xx.o(.text)
    RTC_WKUP_IRQHandler                      0x080001db   Thumb Code     0  startup_stm32f429xx.o(.text)
    SAI1_IRQHandler                          0x080001db   Thumb Code     0  startup_stm32f429xx.o(.text)
    SDIO_IRQHandler                          0x080001db   Thumb Code     0  startup_stm32f429xx.o(.text)
    SPI1_IRQHandler                          0x080001db   Thumb Code     0  startup_stm32f429xx.o(.text)
    SPI2_IRQHandler                          0x080001db   Thumb Code     0  startup_stm32f429xx.o(.text)
    SPI3_IRQHandler                          0x080001db   Thumb Code     0  startup_stm32f429xx.o(.text)
    SPI4_IRQHandler                          0x080001db   Thumb Code     0  startup_stm32f429xx.o(.text)
    SPI5_IRQHandler                          0x080001db   Thumb Code     0  startup_stm32f429xx.o(.text)
    SPI6_IRQHandler                          0x080001db   Thumb Code     0  startup_stm32f429xx.o(.text)
    TAMP_STAMP_IRQHandler                    0x080001db   Thumb Code     0  startup_stm32f429xx.o(.text)
    TIM1_BRK_TIM9_IRQHandler                 0x080001db   Thumb Code     0  startup_stm32f429xx.o(.text)
    TIM1_CC_IRQHandler                       0x080001db   Thumb Code     0  startup_stm32f429xx.o(.text)
    TIM1_TRG_COM_TIM11_IRQHandler            0x080001db   Thumb Code     0  startup_stm32f429xx.o(.text)
    TIM1_UP_TIM10_IRQHandler                 0x080001db   Thumb Code     0  startup_stm32f429xx.o(.text)
    TIM2_IRQHandler                          0x080001db   Thumb Code     0  startup_stm32f429xx.o(.text)
    TIM4_IRQHandler                          0x080001db   Thumb Code     0  startup_stm32f429xx.o(.text)
    TIM5_IRQHandler                          0x080001db   Thumb Code     0  startup_stm32f429xx.o(.text)
    TIM6_DAC_IRQHandler                      0x080001db   Thumb Code     0  startup_stm32f429xx.o(.text)
    TIM7_IRQHandler                          0x080001db   Thumb Code     0  startup_stm32f429xx.o(.text)
    TIM8_BRK_TIM12_IRQHandler                0x080001db   Thumb Code     0  startup_stm32f429xx.o(.text)
    TIM8_CC_IRQHandler                       0x080001db   Thumb Code     0  startup_stm32f429xx.o(.text)
    TIM8_TRG_COM_TIM14_IRQHandler            0x080001db   Thumb Code     0  startup_stm32f429xx.o(.text)
    TIM8_UP_TIM13_IRQHandler                 0x080001db   Thumb Code     0  startup_stm32f429xx.o(.text)
    UART4_IRQHandler                         0x080001db   Thumb Code     0  startup_stm32f429xx.o(.text)
    UART5_IRQHandler                         0x080001db   Thumb Code     0  startup_stm32f429xx.o(.text)
    UART7_IRQHandler                         0x080001db   Thumb Code     0  startup_stm32f429xx.o(.text)
    UART8_IRQHandler                         0x080001db   Thumb Code     0  startup_stm32f429xx.o(.text)
    USART1_IRQHandler                        0x080001db   Thumb Code     0  startup_stm32f429xx.o(.text)
    USART2_IRQHandler                        0x080001db   Thumb Code     0  startup_stm32f429xx.o(.text)
    USART6_IRQHandler                        0x080001db   Thumb Code     0  startup_stm32f429xx.o(.text)
    WWDG_IRQHandler                          0x080001db   Thumb Code     0  startup_stm32f429xx.o(.text)
    __aeabi_uldivmod                         0x080001e5   Thumb Code    98  uldiv.o(.text)
    __aeabi_memset                           0x08000247   Thumb Code    14  memseta.o(.text)
    __aeabi_memset4                          0x08000247   Thumb Code     0  memseta.o(.text)
    __aeabi_memset8                          0x08000247   Thumb Code     0  memseta.o(.text)
    __aeabi_memclr                           0x08000255   Thumb Code     4  memseta.o(.text)
    __aeabi_memclr4                          0x08000255   Thumb Code     0  memseta.o(.text)
    __aeabi_memclr8                          0x08000255   Thumb Code     0  memseta.o(.text)
    _memset$wrapper                          0x08000259   Thumb Code    18  memseta.o(.text)
    __aeabi_llsl                             0x0800026b   Thumb Code    30  llshl.o(.text)
    _ll_shift_l                              0x0800026b   Thumb Code     0  llshl.o(.text)
    __aeabi_llsr                             0x08000289   Thumb Code    32  llushr.o(.text)
    _ll_ushift_r                             0x08000289   Thumb Code     0  llushr.o(.text)
    __scatterload                            0x080002a9   Thumb Code    28  init.o(.text)
    __scatterload_rt2                        0x080002a9   Thumb Code     0  init.o(.text)
    BusFault_Handler                         0x080002cd   Thumb Code     2  stm32f4xx_it.o(i.BusFault_Handler)
    CANSPI_Initialize                        0x080002cf   Thumb Code   202  canspi.o(i.CANSPI_Initialize)
    CANSPI_Receive                           0x08000399   Thumb Code   204  canspi.o(i.CANSPI_Receive)
    CANSPI_Transmit                          0x08000465   Thumb Code   132  canspi.o(i.CANSPI_Transmit)
    DMA1_Stream5_IRQHandler                  0x080004ed   Thumb Code     6  stm32f4xx_it.o(i.DMA1_Stream5_IRQHandler)
    DMA1_Stream7_IRQHandler                  0x080004f9   Thumb Code     6  stm32f4xx_it.o(i.DMA1_Stream7_IRQHandler)
    DebugMon_Handler                         0x08000581   Thumb Code     2  stm32f4xx_it.o(i.DebugMon_Handler)
    EXTI15_10_IRQHandler                     0x08000583   Thumb Code    22  stm32f4xx_it.o(i.EXTI15_10_IRQHandler)
    Error_Handler                            0x08000599   Thumb Code     4  main.o(i.Error_Handler)
    HAL_DMA_Abort                            0x0800059d   Thumb Code   146  stm32f4xx_hal_dma.o(i.HAL_DMA_Abort)
    HAL_DMA_Abort_IT                         0x0800062f   Thumb Code    36  stm32f4xx_hal_dma.o(i.HAL_DMA_Abort_IT)
    HAL_DMA_IRQHandler                       0x08000655   Thumb Code   412  stm32f4xx_hal_dma.o(i.HAL_DMA_IRQHandler)
    HAL_DMA_Init                             0x080007f5   Thumb Code   206  stm32f4xx_hal_dma.o(i.HAL_DMA_Init)
    HAL_Delay                                0x080008c9   Thumb Code    32  stm32f4xx_hal.o(i.HAL_Delay)
    HAL_GPIO_EXTI_Callback                   0x080008ed   Thumb Code    68  main.o(i.HAL_GPIO_EXTI_Callback)
    HAL_GPIO_EXTI_IRQHandler                 0x08000959   Thumb Code    18  stm32f4xx_hal_gpio.o(i.HAL_GPIO_EXTI_IRQHandler)
    HAL_GPIO_Init                            0x08000971   Thumb Code   510  stm32f4xx_hal_gpio.o(i.HAL_GPIO_Init)
    HAL_GPIO_ReadPin                         0x08000ba5   Thumb Code    10  stm32f4xx_hal_gpio.o(i.HAL_GPIO_ReadPin)
    HAL_GPIO_TogglePin                       0x08000baf   Thumb Code    16  stm32f4xx_hal_gpio.o(i.HAL_GPIO_TogglePin)
    HAL_GPIO_WritePin                        0x08000bbf   Thumb Code    10  stm32f4xx_hal_gpio.o(i.HAL_GPIO_WritePin)
    HAL_GetTick                              0x08000bc9   Thumb Code     6  stm32f4xx_hal.o(i.HAL_GetTick)
    HAL_I2CEx_ConfigAnalogFilter             0x08000bd5   Thumb Code    66  stm32f4xx_hal_i2c_ex.o(i.HAL_I2CEx_ConfigAnalogFilter)
    HAL_I2CEx_ConfigDigitalFilter            0x08000c17   Thumb Code    62  stm32f4xx_hal_i2c_ex.o(i.HAL_I2CEx_ConfigDigitalFilter)
    HAL_I2C_Init                             0x08000c55   Thumb Code   376  stm32f4xx_hal_i2c.o(i.HAL_I2C_Init)
    HAL_I2C_MspInit                          0x08000ddd   Thumb Code    94  i2c.o(i.HAL_I2C_MspInit)
    HAL_IncTick                              0x08000e49   Thumb Code    12  stm32f4xx_hal.o(i.HAL_IncTick)
    HAL_Init                                 0x08000e59   Thumb Code    48  stm32f4xx_hal.o(i.HAL_Init)
    HAL_InitTick                             0x08000e8d   Thumb Code    54  stm32f4xx_hal.o(i.HAL_InitTick)
    HAL_MspInit                              0x08000ecd   Thumb Code    42  stm32f4xx_hal_msp.o(i.HAL_MspInit)
    HAL_NVIC_EnableIRQ                       0x08000efd   Thumb Code    26  stm32f4xx_hal_cortex.o(i.HAL_NVIC_EnableIRQ)
    HAL_NVIC_SetPriority                     0x08000f19   Thumb Code    60  stm32f4xx_hal_cortex.o(i.HAL_NVIC_SetPriority)
    HAL_NVIC_SetPriorityGrouping             0x08000f59   Thumb Code    26  stm32f4xx_hal_cortex.o(i.HAL_NVIC_SetPriorityGrouping)
    HAL_PWREx_EnableOverDrive                0x08000f7d   Thumb Code    98  stm32f4xx_hal_pwr_ex.o(i.HAL_PWREx_EnableOverDrive)
    HAL_RCC_ClockConfig                      0x08000fed   Thumb Code   288  stm32f4xx_hal_rcc.o(i.HAL_RCC_ClockConfig)
    HAL_RCC_GetPCLK1Freq                     0x08001121   Thumb Code    20  stm32f4xx_hal_rcc.o(i.HAL_RCC_GetPCLK1Freq)
    HAL_RCC_GetPCLK2Freq                     0x08001141   Thumb Code    20  stm32f4xx_hal_rcc.o(i.HAL_RCC_GetPCLK2Freq)
    HAL_RCC_GetSysClockFreq                  0x08001161   Thumb Code    88  stm32f4xx_hal_rcc.o(i.HAL_RCC_GetSysClockFreq)
    HAL_RCC_OscConfig                        0x080011c1   Thumb Code   856  stm32f4xx_hal_rcc.o(i.HAL_RCC_OscConfig)
    HAL_SPI_GetState                         0x0800152d   Thumb Code     6  stm32f4xx_hal_spi.o(i.HAL_SPI_GetState)
    HAL_SPI_Init                             0x08001533   Thumb Code   188  stm32f4xx_hal_spi.o(i.HAL_SPI_Init)
    HAL_SPI_MspInit                          0x080015f1   Thumb Code   148  spi.o(i.HAL_SPI_MspInit)
    HAL_SPI_Receive                          0x08001699   Thumb Code   346  stm32f4xx_hal_spi.o(i.HAL_SPI_Receive)
    HAL_SPI_Transmit                         0x080017f3   Thumb Code   358  stm32f4xx_hal_spi.o(i.HAL_SPI_Transmit)
    HAL_SPI_TransmitReceive                  0x08001959   Thumb Code   482  stm32f4xx_hal_spi.o(i.HAL_SPI_TransmitReceive)
    HAL_SYSTICK_Config                       0x08001b3b   Thumb Code    40  stm32f4xx_hal_cortex.o(i.HAL_SYSTICK_Config)
    HAL_TIMEx_BreakCallback                  0x08001b63   Thumb Code     2  stm32f4xx_hal_tim_ex.o(i.HAL_TIMEx_BreakCallback)
    HAL_TIMEx_CommutCallback                 0x08001b65   Thumb Code     2  stm32f4xx_hal_tim_ex.o(i.HAL_TIMEx_CommutCallback)
    HAL_TIMEx_MasterConfigSynchronization    0x08001b69   Thumb Code   116  stm32f4xx_hal_tim_ex.o(i.HAL_TIMEx_MasterConfigSynchronization)
    HAL_TIM_Base_Init                        0x08001bf9   Thumb Code    90  stm32f4xx_hal_tim.o(i.HAL_TIM_Base_Init)
    HAL_TIM_Base_MspInit                     0x08001c55   Thumb Code   256  tim.o(i.HAL_TIM_Base_MspInit)
    HAL_TIM_ConfigClockSource                0x08001d71   Thumb Code   220  stm32f4xx_hal_tim.o(i.HAL_TIM_ConfigClockSource)
    HAL_TIM_IC_CaptureCallback               0x08001e4d   Thumb Code     2  stm32f4xx_hal_tim.o(i.HAL_TIM_IC_CaptureCallback)
    HAL_TIM_IC_ConfigChannel                 0x08001e4f   Thumb Code   286  stm32f4xx_hal_tim.o(i.HAL_TIM_IC_ConfigChannel)
    HAL_TIM_IC_Init                          0x08001f6d   Thumb Code    90  stm32f4xx_hal_tim.o(i.HAL_TIM_IC_Init)
    HAL_TIM_IC_MspInit                       0x08001fc7   Thumb Code     2  stm32f4xx_hal_tim.o(i.HAL_TIM_IC_MspInit)
    HAL_TIM_IRQHandler                       0x08001fc9   Thumb Code   358  stm32f4xx_hal_tim.o(i.HAL_TIM_IRQHandler)
    HAL_TIM_MspPostInit                      0x08002131   Thumb Code    70  tim.o(i.HAL_TIM_MspPostInit)
    HAL_TIM_OC_DelayElapsedCallback          0x08002185   Thumb Code     2  stm32f4xx_hal_tim.o(i.HAL_TIM_OC_DelayElapsedCallback)
    HAL_TIM_PWM_ConfigChannel                0x08002187   Thumb Code   204  stm32f4xx_hal_tim.o(i.HAL_TIM_PWM_ConfigChannel)
    HAL_TIM_PWM_Init                         0x08002253   Thumb Code    90  stm32f4xx_hal_tim.o(i.HAL_TIM_PWM_Init)
    HAL_TIM_PWM_MspInit                      0x080022ad   Thumb Code     2  stm32f4xx_hal_tim.o(i.HAL_TIM_PWM_MspInit)
    HAL_TIM_PWM_PulseFinishedCallback        0x080022af   Thumb Code     2  stm32f4xx_hal_tim.o(i.HAL_TIM_PWM_PulseFinishedCallback)
    HAL_TIM_PeriodElapsedCallback            0x080022b1   Thumb Code     2  stm32f4xx_hal_tim.o(i.HAL_TIM_PeriodElapsedCallback)
    HAL_TIM_TriggerCallback                  0x080022b3   Thumb Code     2  stm32f4xx_hal_tim.o(i.HAL_TIM_TriggerCallback)
    HAL_UARTEx_RxEventCallback               0x080022b5   Thumb Code     2  stm32f4xx_hal_uart.o(i.HAL_UARTEx_RxEventCallback)
    HAL_UART_ErrorCallback                   0x080022b7   Thumb Code     2  stm32f4xx_hal_uart.o(i.HAL_UART_ErrorCallback)
    HAL_UART_IRQHandler                      0x080022b9   Thumb Code   610  stm32f4xx_hal_uart.o(i.HAL_UART_IRQHandler)
    HAL_UART_Init                            0x08002521   Thumb Code    98  stm32f4xx_hal_uart.o(i.HAL_UART_Init)
    HAL_UART_MspInit                         0x08002585   Thumb Code   110  usart.o(i.HAL_UART_MspInit)
    HAL_UART_RxCpltCallback                  0x08002601   Thumb Code     2  stm32f4xx_hal_uart.o(i.HAL_UART_RxCpltCallback)
    HAL_UART_Transmit                        0x08002605   Thumb Code   178  stm32f4xx_hal_uart.o(i.HAL_UART_Transmit)
    HAL_UART_TxCpltCallback                  0x080026b7   Thumb Code     2  stm32f4xx_hal_uart.o(i.HAL_UART_TxCpltCallback)
    HardFault_Handler                        0x080026b9   Thumb Code     2  stm32f4xx_it.o(i.HardFault_Handler)
    MCP2515_GetRxStatus                      0x080026bd   Thumb Code    40  mcp2515.o(i.MCP2515_GetRxStatus)
    MCP2515_Initialize                       0x080026e9   Thumb Code    36  mcp2515.o(i.MCP2515_Initialize)
    MCP2515_LoadTxSequence                   0x08002715   Thumb Code    66  mcp2515.o(i.MCP2515_LoadTxSequence)
    MCP2515_ReadByte                         0x0800275d   Thumb Code    48  mcp2515.o(i.MCP2515_ReadByte)
    MCP2515_ReadRxSequence                   0x08002791   Thumb Code    54  mcp2515.o(i.MCP2515_ReadRxSequence)
    MCP2515_ReadStatus                       0x080027d1   Thumb Code    40  mcp2515.o(i.MCP2515_ReadStatus)
    MCP2515_RequestToSend                    0x080027fd   Thumb Code    36  mcp2515.o(i.MCP2515_RequestToSend)
    MCP2515_SetConfigMode                    0x08002825   Thumb Code    42  mcp2515.o(i.MCP2515_SetConfigMode)
    MCP2515_SetNormalMode                    0x0800284f   Thumb Code    38  mcp2515.o(i.MCP2515_SetNormalMode)
    MCP2515_WriteByte                        0x08002875   Thumb Code    50  mcp2515.o(i.MCP2515_WriteByte)
    MCP2515_WriteByteSequence                0x080028ad   Thumb Code    60  mcp2515.o(i.MCP2515_WriteByteSequence)
    MX_DMA_Init                              0x080028ed   Thumb Code    56  dma.o(i.MX_DMA_Init)
    MX_GPIO_Init                             0x08002929   Thumb Code   428  gpio.o(i.MX_GPIO_Init)
    MX_I2C1_Init                             0x08002af1   Thumb Code    78  i2c.o(i.MX_I2C1_Init)
    MX_SPI2_Init                             0x08002b4d   Thumb Code    62  spi.o(i.MX_SPI2_Init)
    MX_SPI3_Init                             0x08002b95   Thumb Code    62  spi.o(i.MX_SPI3_Init)
    MX_TIM3_Init                             0x08002bdd   Thumb Code   160  tim.o(i.MX_TIM3_Init)
    MX_TIM4_Init                             0x08002c85   Thumb Code   146  tim.o(i.MX_TIM4_Init)
    MX_TIM7_Init                             0x08002d21   Thumb Code    58  tim.o(i.MX_TIM7_Init)
    MX_USART3_UART_Init                      0x08002d65   Thumb Code    48  usart.o(i.MX_USART3_UART_Init)
    MemManage_Handler                        0x08002d9d   Thumb Code     2  stm32f4xx_it.o(i.MemManage_Handler)
    NMI_Handler                              0x08002d9f   Thumb Code     2  stm32f4xx_it.o(i.NMI_Handler)
    PendSV_Handler                           0x08002da1   Thumb Code     2  stm32f4xx_it.o(i.PendSV_Handler)
    SVC_Handler                              0x08002f4d   Thumb Code     2  stm32f4xx_it.o(i.SVC_Handler)
    SysTick_Handler                          0x08002f4f   Thumb Code     4  stm32f4xx_it.o(i.SysTick_Handler)
    SystemClock_Config                       0x08002f55   Thumb Code   148  main.o(i.SystemClock_Config)
    SystemInit                               0x08002ff1   Thumb Code    12  system_stm32f4xx.o(i.SystemInit)
    TIM3_IRQHandler                          0x08003001   Thumb Code     6  stm32f4xx_it.o(i.TIM3_IRQHandler)
    TIM_Base_SetConfig                       0x0800300d   Thumb Code   156  stm32f4xx_hal_tim.o(i.TIM_Base_SetConfig)
    TIM_ETR_SetConfig                        0x080030d5   Thumb Code    20  stm32f4xx_hal_tim.o(i.TIM_ETR_SetConfig)
    TIM_OC2_SetConfig                        0x08003159   Thumb Code    98  stm32f4xx_hal_tim.o(i.TIM_OC2_SetConfig)
    TIM_TI1_SetConfig                        0x080032a1   Thumb Code   100  stm32f4xx_hal_tim.o(i.TIM_TI1_SetConfig)
    USART3_IRQHandler                        0x0800361d   Thumb Code     6  stm32f4xx_it.o(i.USART3_IRQHandler)
    UsageFault_Handler                       0x08003629   Thumb Code     2  stm32f4xx_it.o(i.UsageFault_Handler)
    __0printf$2                              0x0800362d   Thumb Code    22  printf2.o(i.__0printf$2)
    __1printf$2                              0x0800362d   Thumb Code     0  printf2.o(i.__0printf$2)
    __2printf                                0x0800362d   Thumb Code     0  printf2.o(i.__0printf$2)
    __scatterload_copy                       0x0800366d   Thumb Code    14  handlers.o(i.__scatterload_copy)
    __scatterload_null                       0x0800367b   Thumb Code     2  handlers.o(i.__scatterload_null)
    __scatterload_zeroinit                   0x0800367d   Thumb Code    14  handlers.o(i.__scatterload_zeroinit)
    fputc                                    0x08003795   Thumb Code    20  main.o(i.fputc)
    main                                     0x080037ad   Thumb Code   132  main.o(i.main)
    AHBPrescTable                            0x08003848   Data          16  system_stm32f4xx.o(.constdata)
    APBPrescTable                            0x08003858   Data           8  system_stm32f4xx.o(.constdata)
    Region$$Table$$Base                      0x08003860   Number         0  anon$$obj.o(Region$$Table)
    Region$$Table$$Limit                     0x08003880   Number         0  anon$$obj.o(Region$$Table)
    ctrlStatus                               0x20000000   Data           4  canspi.o(.data)
    errorStatus                              0x20000004   Data           4  canspi.o(.data)
    idReg                                    0x20000008   Data           4  canspi.o(.data)
    __stdout                                 0x20000010   Data           4  main.o(.data)
    uwTickFreq                               0x20000014   Data           1  stm32f4xx_hal.o(.data)
    uwTickPrio                               0x20000018   Data           4  stm32f4xx_hal.o(.data)
    uwTick                                   0x2000001c   Data           4  stm32f4xx_hal.o(.data)
    SystemCoreClock                          0x20000020   Data           4  system_stm32f4xx.o(.data)
    txMessage                                0x20000024   Data          20  main.o(.bss)
    rxMessage                                0x20000038   Data          20  main.o(.bss)
    hi2c1                                    0x2000004c   Data          84  i2c.o(.bss)
    hspi2                                    0x200000a0   Data          88  spi.o(.bss)
    hspi3                                    0x200000f8   Data          88  spi.o(.bss)
    htim3                                    0x20000150   Data          72  tim.o(.bss)
    htim4                                    0x20000198   Data          72  tim.o(.bss)
    htim7                                    0x200001e0   Data          72  tim.o(.bss)
    hdma_tim3_ch2                            0x20000228   Data          96  tim.o(.bss)
    hdma_tim3_ch3                            0x20000288   Data          96  tim.o(.bss)
    huart3                                   0x200002e8   Data          68  usart.o(.bss)
    __initial_sp                             0x20000730   Data           0  startup_stm32f429xx.o(STACK)



==============================================================================

Memory Map of the image

  Image Entry point : 0x080001ad

  Load Region LR_IROM1 (Base: 0x08000000, Size: 0x000038a4, Max: 0x00200000, ABSOLUTE)

    Execution Region ER_IROM1 (Exec base: 0x08000000, Load base: 0x08000000, Size: 0x00003880, Max: 0x00200000, ABSOLUTE)

    Exec Addr    Load Addr    Size         Type   Attr      Idx    E Section Name        Object

    0x08000000   0x08000000   0x000001ac   Data   RO            3    RESET               startup_stm32f429xx.o
    0x080001ac   0x080001ac   0x00000000   Code   RO         4135  * .ARM.Collect$$$$00000000  mc_w.l(entry.o)
    0x080001ac   0x080001ac   0x00000004   Code   RO         4403    .ARM.Collect$$$$00000001  mc_w.l(entry2.o)
    0x080001b0   0x080001b0   0x00000004   Code   RO         4406    .ARM.Collect$$$$00000004  mc_w.l(entry5.o)
    0x080001b4   0x080001b4   0x00000000   Code   RO         4408    .ARM.Collect$$$$00000008  mc_w.l(entry7b.o)
    0x080001b4   0x080001b4   0x00000000   Code   RO         4410    .ARM.Collect$$$$0000000A  mc_w.l(entry8b.o)
    0x080001b4   0x080001b4   0x00000008   Code   RO         4411    .ARM.Collect$$$$0000000B  mc_w.l(entry9a.o)
    0x080001bc   0x080001bc   0x00000000   Code   RO         4413    .ARM.Collect$$$$0000000D  mc_w.l(entry10a.o)
    0x080001bc   0x080001bc   0x00000000   Code   RO         4415    .ARM.Collect$$$$0000000F  mc_w.l(entry11a.o)
    0x080001bc   0x080001bc   0x00000004   Code   RO         4404    .ARM.Collect$$$$00002712  mc_w.l(entry2.o)
    0x080001c0   0x080001c0   0x00000024   Code   RO            4    .text               startup_stm32f429xx.o
    0x080001e4   0x080001e4   0x00000062   Code   RO         4138    .text               mc_w.l(uldiv.o)
    0x08000246   0x08000246   0x00000024   Code   RO         4140    .text               mc_w.l(memseta.o)
    0x0800026a   0x0800026a   0x0000001e   Code   RO         4419    .text               mc_w.l(llshl.o)
    0x08000288   0x08000288   0x00000020   Code   RO         4421    .text               mc_w.l(llushr.o)
    0x080002a8   0x080002a8   0x00000024   Code   RO         4434    .text               mc_w.l(init.o)
    0x080002cc   0x080002cc   0x00000002   Code   RO          642    i.BusFault_Handler  stm32f4xx_it.o
    0x080002ce   0x080002ce   0x000000ca   Code   RO          246    i.CANSPI_Initialize  canspi.o
    0x08000398   0x08000398   0x000000cc   Code   RO          247    i.CANSPI_Receive    canspi.o
    0x08000464   0x08000464   0x00000088   Code   RO          249    i.CANSPI_Transmit   canspi.o
    0x080004ec   0x080004ec   0x0000000c   Code   RO          643    i.DMA1_Stream5_IRQHandler  stm32f4xx_it.o
    0x080004f8   0x080004f8   0x0000000c   Code   RO          644    i.DMA1_Stream7_IRQHandler  stm32f4xx_it.o
    0x08000504   0x08000504   0x00000028   Code   RO         1745    i.DMA_CalcBaseAndBitshift  stm32f4xx_hal_dma.o
    0x0800052c   0x0800052c   0x00000054   Code   RO         1746    i.DMA_CheckFifoParam  stm32f4xx_hal_dma.o
    0x08000580   0x08000580   0x00000002   Code   RO          645    i.DebugMon_Handler  stm32f4xx_it.o
    0x08000582   0x08000582   0x00000016   Code   RO          646    i.EXTI15_10_IRQHandler  stm32f4xx_it.o
    0x08000598   0x08000598   0x00000004   Code   RO          323    i.Error_Handler     main.o
    0x0800059c   0x0800059c   0x00000092   Code   RO         1748    i.HAL_DMA_Abort     stm32f4xx_hal_dma.o
    0x0800062e   0x0800062e   0x00000024   Code   RO         1749    i.HAL_DMA_Abort_IT  stm32f4xx_hal_dma.o
    0x08000652   0x08000652   0x00000002   PAD
    0x08000654   0x08000654   0x000001a0   Code   RO         1753    i.HAL_DMA_IRQHandler  stm32f4xx_hal_dma.o
    0x080007f4   0x080007f4   0x000000d4   Code   RO         1754    i.HAL_DMA_Init      stm32f4xx_hal_dma.o
    0x080008c8   0x080008c8   0x00000024   Code   RO         2185    i.HAL_Delay         stm32f4xx_hal.o
    0x080008ec   0x080008ec   0x0000006c   Code   RO          324    i.HAL_GPIO_EXTI_Callback  main.o
    0x08000958   0x08000958   0x00000018   Code   RO         1640    i.HAL_GPIO_EXTI_IRQHandler  stm32f4xx_hal_gpio.o
    0x08000970   0x08000970   0x00000234   Code   RO         1641    i.HAL_GPIO_Init     stm32f4xx_hal_gpio.o
    0x08000ba4   0x08000ba4   0x0000000a   Code   RO         1643    i.HAL_GPIO_ReadPin  stm32f4xx_hal_gpio.o
    0x08000bae   0x08000bae   0x00000010   Code   RO         1644    i.HAL_GPIO_TogglePin  stm32f4xx_hal_gpio.o
    0x08000bbe   0x08000bbe   0x0000000a   Code   RO         1645    i.HAL_GPIO_WritePin  stm32f4xx_hal_gpio.o
    0x08000bc8   0x08000bc8   0x0000000c   Code   RO         2193    i.HAL_GetTick       stm32f4xx_hal.o
    0x08000bd4   0x08000bd4   0x00000042   Code   RO         1204    i.HAL_I2CEx_ConfigAnalogFilter  stm32f4xx_hal_i2c_ex.o
    0x08000c16   0x08000c16   0x0000003e   Code   RO         1205    i.HAL_I2CEx_ConfigDigitalFilter  stm32f4xx_hal_i2c_ex.o
    0x08000c54   0x08000c54   0x00000188   Code   RO          783    i.HAL_I2C_Init      stm32f4xx_hal_i2c.o
    0x08000ddc   0x08000ddc   0x0000006c   Code   RO          451    i.HAL_I2C_MspInit   i2c.o
    0x08000e48   0x08000e48   0x00000010   Code   RO         2199    i.HAL_IncTick       stm32f4xx_hal.o
    0x08000e58   0x08000e58   0x00000034   Code   RO         2200    i.HAL_Init          stm32f4xx_hal.o
    0x08000e8c   0x08000e8c   0x00000040   Code   RO         2201    i.HAL_InitTick      stm32f4xx_hal.o
    0x08000ecc   0x08000ecc   0x00000030   Code   RO          748    i.HAL_MspInit       stm32f4xx_hal_msp.o
    0x08000efc   0x08000efc   0x0000001a   Code   RO         2048    i.HAL_NVIC_EnableIRQ  stm32f4xx_hal_cortex.o
    0x08000f16   0x08000f16   0x00000002   PAD
    0x08000f18   0x08000f18   0x00000040   Code   RO         2054    i.HAL_NVIC_SetPriority  stm32f4xx_hal_cortex.o
    0x08000f58   0x08000f58   0x00000024   Code   RO         2055    i.HAL_NVIC_SetPriorityGrouping  stm32f4xx_hal_cortex.o
    0x08000f7c   0x08000f7c   0x00000070   Code   RO         1977    i.HAL_PWREx_EnableOverDrive  stm32f4xx_hal_pwr_ex.o
    0x08000fec   0x08000fec   0x00000134   Code   RO         1235    i.HAL_RCC_ClockConfig  stm32f4xx_hal_rcc.o
    0x08001120   0x08001120   0x00000020   Code   RO         1242    i.HAL_RCC_GetPCLK1Freq  stm32f4xx_hal_rcc.o
    0x08001140   0x08001140   0x00000020   Code   RO         1243    i.HAL_RCC_GetPCLK2Freq  stm32f4xx_hal_rcc.o
    0x08001160   0x08001160   0x00000060   Code   RO         1244    i.HAL_RCC_GetSysClockFreq  stm32f4xx_hal_rcc.o
    0x080011c0   0x080011c0   0x0000036c   Code   RO         1247    i.HAL_RCC_OscConfig  stm32f4xx_hal_rcc.o
    0x0800152c   0x0800152c   0x00000006   Code   RO         2457    i.HAL_SPI_GetState  stm32f4xx_hal_spi.o
    0x08001532   0x08001532   0x000000bc   Code   RO         2459    i.HAL_SPI_Init      stm32f4xx_hal_spi.o
    0x080015ee   0x080015ee   0x00000002   PAD
    0x080015f0   0x080015f0   0x000000a8   Code   RO          493    i.HAL_SPI_MspInit   spi.o
    0x08001698   0x08001698   0x0000015a   Code   RO         2462    i.HAL_SPI_Receive   stm32f4xx_hal_spi.o
    0x080017f2   0x080017f2   0x00000166   Code   RO         2467    i.HAL_SPI_Transmit  stm32f4xx_hal_spi.o
    0x08001958   0x08001958   0x000001e2   Code   RO         2468    i.HAL_SPI_TransmitReceive  stm32f4xx_hal_spi.o
    0x08001b3a   0x08001b3a   0x00000028   Code   RO         2059    i.HAL_SYSTICK_Config  stm32f4xx_hal_cortex.o
    0x08001b62   0x08001b62   0x00000002   Code   RO         3476    i.HAL_TIMEx_BreakCallback  stm32f4xx_hal_tim_ex.o
    0x08001b64   0x08001b64   0x00000002   Code   RO         3477    i.HAL_TIMEx_CommutCallback  stm32f4xx_hal_tim_ex.o
    0x08001b66   0x08001b66   0x00000002   PAD
    0x08001b68   0x08001b68   0x00000090   Code   RO         3495    i.HAL_TIMEx_MasterConfigSynchronization  stm32f4xx_hal_tim_ex.o
    0x08001bf8   0x08001bf8   0x0000005a   Code   RO         2772    i.HAL_TIM_Base_Init  stm32f4xx_hal_tim.o
    0x08001c52   0x08001c52   0x00000002   PAD
    0x08001c54   0x08001c54   0x0000011c   Code   RO          541    i.HAL_TIM_Base_MspInit  tim.o
    0x08001d70   0x08001d70   0x000000dc   Code   RO         2781    i.HAL_TIM_ConfigClockSource  stm32f4xx_hal_tim.o
    0x08001e4c   0x08001e4c   0x00000002   Code   RO         2806    i.HAL_TIM_IC_CaptureCallback  stm32f4xx_hal_tim.o
    0x08001e4e   0x08001e4e   0x0000011e   Code   RO         2808    i.HAL_TIM_IC_ConfigChannel  stm32f4xx_hal_tim.o
    0x08001f6c   0x08001f6c   0x0000005a   Code   RO         2811    i.HAL_TIM_IC_Init   stm32f4xx_hal_tim.o
    0x08001fc6   0x08001fc6   0x00000002   Code   RO         2813    i.HAL_TIM_IC_MspInit  stm32f4xx_hal_tim.o
    0x08001fc8   0x08001fc8   0x00000166   Code   RO         2820    i.HAL_TIM_IRQHandler  stm32f4xx_hal_tim.o
    0x0800212e   0x0800212e   0x00000002   PAD
    0x08002130   0x08002130   0x00000054   Code   RO          542    i.HAL_TIM_MspPostInit  tim.o
    0x08002184   0x08002184   0x00000002   Code   RO         2823    i.HAL_TIM_OC_DelayElapsedCallback  stm32f4xx_hal_tim.o
    0x08002186   0x08002186   0x000000cc   Code   RO         2844    i.HAL_TIM_PWM_ConfigChannel  stm32f4xx_hal_tim.o
    0x08002252   0x08002252   0x0000005a   Code   RO         2847    i.HAL_TIM_PWM_Init  stm32f4xx_hal_tim.o
    0x080022ac   0x080022ac   0x00000002   Code   RO         2849    i.HAL_TIM_PWM_MspInit  stm32f4xx_hal_tim.o
    0x080022ae   0x080022ae   0x00000002   Code   RO         2850    i.HAL_TIM_PWM_PulseFinishedCallback  stm32f4xx_hal_tim.o
    0x080022b0   0x080022b0   0x00000002   Code   RO         2858    i.HAL_TIM_PeriodElapsedCallback  stm32f4xx_hal_tim.o
    0x080022b2   0x080022b2   0x00000002   Code   RO         2863    i.HAL_TIM_TriggerCallback  stm32f4xx_hal_tim.o
    0x080022b4   0x080022b4   0x00000002   Code   RO         3754    i.HAL_UARTEx_RxEventCallback  stm32f4xx_hal_uart.o
    0x080022b6   0x080022b6   0x00000002   Code   RO         3768    i.HAL_UART_ErrorCallback  stm32f4xx_hal_uart.o
    0x080022b8   0x080022b8   0x00000268   Code   RO         3771    i.HAL_UART_IRQHandler  stm32f4xx_hal_uart.o
    0x08002520   0x08002520   0x00000062   Code   RO         3772    i.HAL_UART_Init     stm32f4xx_hal_uart.o
    0x08002582   0x08002582   0x00000002   PAD
    0x08002584   0x08002584   0x0000007c   Code   RO          601    i.HAL_UART_MspInit  usart.o
    0x08002600   0x08002600   0x00000002   Code   RO         3778    i.HAL_UART_RxCpltCallback  stm32f4xx_hal_uart.o
    0x08002602   0x08002602   0x00000002   PAD
    0x08002604   0x08002604   0x000000b2   Code   RO         3780    i.HAL_UART_Transmit  stm32f4xx_hal_uart.o
    0x080026b6   0x080026b6   0x00000002   Code   RO         3783    i.HAL_UART_TxCpltCallback  stm32f4xx_hal_uart.o
    0x080026b8   0x080026b8   0x00000002   Code   RO          647    i.HardFault_Handler  stm32f4xx_it.o
    0x080026ba   0x080026ba   0x00000002   PAD
    0x080026bc   0x080026bc   0x0000002c   Code   RO           14    i.MCP2515_GetRxStatus  mcp2515.o
    0x080026e8   0x080026e8   0x0000002c   Code   RO           15    i.MCP2515_Initialize  mcp2515.o
    0x08002714   0x08002714   0x00000048   Code   RO           17    i.MCP2515_LoadTxSequence  mcp2515.o
    0x0800275c   0x0800275c   0x00000034   Code   RO           18    i.MCP2515_ReadByte  mcp2515.o
    0x08002790   0x08002790   0x00000040   Code   RO           19    i.MCP2515_ReadRxSequence  mcp2515.o
    0x080027d0   0x080027d0   0x0000002c   Code   RO           20    i.MCP2515_ReadStatus  mcp2515.o
    0x080027fc   0x080027fc   0x00000028   Code   RO           21    i.MCP2515_RequestToSend  mcp2515.o
    0x08002824   0x08002824   0x0000002a   Code   RO           23    i.MCP2515_SetConfigMode  mcp2515.o
    0x0800284e   0x0800284e   0x00000026   Code   RO           24    i.MCP2515_SetNormalMode  mcp2515.o
    0x08002874   0x08002874   0x00000038   Code   RO           26    i.MCP2515_WriteByte  mcp2515.o
    0x080028ac   0x080028ac   0x00000040   Code   RO           27    i.MCP2515_WriteByteSequence  mcp2515.o
    0x080028ec   0x080028ec   0x0000003c   Code   RO          426    i.MX_DMA_Init       dma.o
    0x08002928   0x08002928   0x000001c8   Code   RO          402    i.MX_GPIO_Init      gpio.o
    0x08002af0   0x08002af0   0x0000005c   Code   RO          452    i.MX_I2C1_Init      i2c.o
    0x08002b4c   0x08002b4c   0x00000048   Code   RO          494    i.MX_SPI2_Init      spi.o
    0x08002b94   0x08002b94   0x00000048   Code   RO          495    i.MX_SPI3_Init      spi.o
    0x08002bdc   0x08002bdc   0x000000a8   Code   RO          543    i.MX_TIM3_Init      tim.o
    0x08002c84   0x08002c84   0x0000009c   Code   RO          544    i.MX_TIM4_Init      tim.o
    0x08002d20   0x08002d20   0x00000044   Code   RO          545    i.MX_TIM7_Init      tim.o
    0x08002d64   0x08002d64   0x00000038   Code   RO          602    i.MX_USART3_UART_Init  usart.o
    0x08002d9c   0x08002d9c   0x00000002   Code   RO          648    i.MemManage_Handler  stm32f4xx_it.o
    0x08002d9e   0x08002d9e   0x00000002   Code   RO          649    i.NMI_Handler       stm32f4xx_it.o
    0x08002da0   0x08002da0   0x00000002   Code   RO          650    i.PendSV_Handler    stm32f4xx_it.o
    0x08002da2   0x08002da2   0x0000005c   Code   RO         2496    i.SPI_EndRxTransaction  stm32f4xx_hal_spi.o
    0x08002dfe   0x08002dfe   0x00000002   PAD
    0x08002e00   0x08002e00   0x00000058   Code   RO         2497    i.SPI_EndRxTxTransaction  stm32f4xx_hal_spi.o
    0x08002e58   0x08002e58   0x00000018   Code   RO           28    i.SPI_Rx            mcp2515.o
    0x08002e70   0x08002e70   0x00000014   Code   RO           29    i.SPI_Tx            mcp2515.o
    0x08002e84   0x08002e84   0x00000010   Code   RO           30    i.SPI_TxBuffer      mcp2515.o
    0x08002e94   0x08002e94   0x000000b8   Code   RO         2502    i.SPI_WaitFlagStateUntilTimeout  stm32f4xx_hal_spi.o
    0x08002f4c   0x08002f4c   0x00000002   Code   RO          651    i.SVC_Handler       stm32f4xx_it.o
    0x08002f4e   0x08002f4e   0x00000004   Code   RO          652    i.SysTick_Handler   stm32f4xx_it.o
    0x08002f52   0x08002f52   0x00000002   PAD
    0x08002f54   0x08002f54   0x0000009c   Code   RO          325    i.SystemClock_Config  main.o
    0x08002ff0   0x08002ff0   0x00000010   Code   RO         4101    i.SystemInit        system_stm32f4xx.o
    0x08003000   0x08003000   0x0000000c   Code   RO          653    i.TIM3_IRQHandler   stm32f4xx_it.o
    0x0800300c   0x0800300c   0x000000c8   Code   RO         2865    i.TIM_Base_SetConfig  stm32f4xx_hal_tim.o
    0x080030d4   0x080030d4   0x00000014   Code   RO         2876    i.TIM_ETR_SetConfig  stm32f4xx_hal_tim.o
    0x080030e8   0x080030e8   0x00000010   Code   RO         2877    i.TIM_ITRx_SetConfig  stm32f4xx_hal_tim.o
    0x080030f8   0x080030f8   0x00000060   Code   RO         2878    i.TIM_OC1_SetConfig  stm32f4xx_hal_tim.o
    0x08003158   0x08003158   0x0000006c   Code   RO         2879    i.TIM_OC2_SetConfig  stm32f4xx_hal_tim.o
    0x080031c4   0x080031c4   0x00000068   Code   RO         2880    i.TIM_OC3_SetConfig  stm32f4xx_hal_tim.o
    0x0800322c   0x0800322c   0x00000050   Code   RO         2881    i.TIM_OC4_SetConfig  stm32f4xx_hal_tim.o
    0x0800327c   0x0800327c   0x00000022   Code   RO         2883    i.TIM_TI1_ConfigInputStage  stm32f4xx_hal_tim.o
    0x0800329e   0x0800329e   0x00000002   PAD
    0x080032a0   0x080032a0   0x00000080   Code   RO         2884    i.TIM_TI1_SetConfig  stm32f4xx_hal_tim.o
    0x08003320   0x08003320   0x00000024   Code   RO         2885    i.TIM_TI2_ConfigInputStage  stm32f4xx_hal_tim.o
    0x08003344   0x08003344   0x00000036   Code   RO         2886    i.TIM_TI2_SetConfig  stm32f4xx_hal_tim.o
    0x0800337a   0x0800337a   0x00000010   Code   RO         3785    i.UART_DMAAbortOnError  stm32f4xx_hal_uart.o
    0x0800338a   0x0800338a   0x0000004e   Code   RO         3795    i.UART_EndRxTransfer  stm32f4xx_hal_uart.o
    0x080033d8   0x080033d8   0x000000c0   Code   RO         3797    i.UART_Receive_IT   stm32f4xx_hal_uart.o
    0x08003498   0x08003498   0x0000010c   Code   RO         3798    i.UART_SetConfig    stm32f4xx_hal_uart.o
    0x080035a4   0x080035a4   0x00000078   Code   RO         3801    i.UART_WaitOnFlagUntilTimeout  stm32f4xx_hal_uart.o
    0x0800361c   0x0800361c   0x0000000c   Code   RO          654    i.USART3_IRQHandler  stm32f4xx_it.o
    0x08003628   0x08003628   0x00000002   Code   RO          655    i.UsageFault_Handler  stm32f4xx_it.o
    0x0800362a   0x0800362a   0x00000002   PAD
    0x0800362c   0x0800362c   0x00000020   Code   RO         4209    i.__0printf$2       mc_w.l(printf2.o)
    0x0800364c   0x0800364c   0x00000020   Code   RO         2061    i.__NVIC_SetPriority  stm32f4xx_hal_cortex.o
    0x0800366c   0x0800366c   0x0000000e   Code   RO         4442    i.__scatterload_copy  mc_w.l(handlers.o)
    0x0800367a   0x0800367a   0x00000002   Code   RO         4443    i.__scatterload_null  mc_w.l(handlers.o)
    0x0800367c   0x0800367c   0x0000000e   Code   RO         4444    i.__scatterload_zeroinit  mc_w.l(handlers.o)
    0x0800368a   0x0800368a   0x000000d6   Code   RO         4216    i._printf_core      mc_w.l(printf2.o)
    0x08003760   0x08003760   0x00000034   Code   RO          254    i.convertCANid2Reg  canspi.o
    0x08003794   0x08003794   0x00000018   Code   RO          326    i.fputc             main.o
    0x080037ac   0x080037ac   0x00000094   Code   RO          327    i.main              main.o
    0x08003840   0x08003840   0x00000008   Data   RO         1760    .constdata          stm32f4xx_hal_dma.o
    0x08003848   0x08003848   0x00000010   Data   RO         4102    .constdata          system_stm32f4xx.o
    0x08003858   0x08003858   0x00000008   Data   RO         4103    .constdata          system_stm32f4xx.o
    0x08003860   0x08003860   0x00000020   Data   RO         4440    Region$$Table       anon$$obj.o


    Execution Region RW_IRAM2 (Exec base: 0x10000000, Load base: 0x080038a4, Size: 0x00000000, Max: 0x00010000, ABSOLUTE)

    **** No section assigned to this execution region ****


    Execution Region RW_IRAM1 (Exec base: 0x20000000, Load base: 0x08003880, Size: 0x00000730, Max: 0x00030000, ABSOLUTE)

    Exec Addr    Load Addr    Size         Type   Attr      Idx    E Section Name        Object

    0x20000000   0x08003880   0x0000000c   Data   RW          255    .data               canspi.o
    0x2000000c   0x0800388c   0x00000004   Data   RW          329    .data               main.o
    0x20000010   0x08003890   0x00000004   Data   RW          330    .data               main.o
    0x20000014   0x08003894   0x0000000c   Data   RW         2207    .data               stm32f4xx_hal.o
    0x20000020   0x080038a0   0x00000004   Data   RW         4104    .data               system_stm32f4xx.o
    0x20000024        -       0x00000028   Zero   RW          328    .bss                main.o
    0x2000004c        -       0x00000054   Zero   RW          453    .bss                i2c.o
    0x200000a0        -       0x000000b0   Zero   RW          496    .bss                spi.o
    0x20000150        -       0x00000198   Zero   RW          546    .bss                tim.o
    0x200002e8        -       0x00000044   Zero   RW          603    .bss                usart.o
    0x2000032c   0x080038a4   0x00000004   PAD
    0x20000330        -       0x00000400   Zero   RW            1    STACK               startup_stm32f429xx.o


==============================================================================

Image component sizes


      Code (inc. data)   RO Data    RW Data    ZI Data      Debug   Object Name

       594          4          0         12          0       4850   canspi.o
        60          4          0          0          0        782   dma.o
       456         28          0          0          0       1199   gpio.o
       200         28          0          0         84       1701   i2c.o
       440         68          0          8         40       4871   main.o
       620         62          0          0          0     780077   mcp2515.o
       312         40          0          0        176       2378   spi.o
        36          8        428          0       1024        836   startup_stm32f429xx.o
       180         28          0         12          0       9557   stm32f4xx_hal.o
       198         14          0          0          0      33947   stm32f4xx_hal_cortex.o
       934         16          8          0          0       5611   stm32f4xx_hal_dma.o
       624         60          0          0          0       4139   stm32f4xx_hal_gpio.o
       392         16          0          0          0       3119   stm32f4xx_hal_i2c.o
       128          0          0          0          0       1859   stm32f4xx_hal_i2c_ex.o
        48          6          0          0          0        854   stm32f4xx_hal_msp.o
       112         14          0          0          0       1288   stm32f4xx_hal_pwr_ex.o
      1344         72          0          0          0       5240   stm32f4xx_hal_rcc.o
      1744         12          0          0          0       9073   stm32f4xx_hal_spi.o
      2228        108          0          0          0      19188   stm32f4xx_hal_tim.o
       148         28          0          0          0       2453   stm32f4xx_hal_tim_ex.o
      1574         16          0          0          0      10472   stm32f4xx_hal_uart.o
        90         24          0          0          0       6571   stm32f4xx_it.o
        16          4         24          4          0       1127   system_stm32f4xx.o
       760         70          0          0        408       4126   tim.o
       180         22          0          0         68       1714   usart.o

    ----------------------------------------------------------------------
     13444        752        492         36       1804     917032   Object Totals
         0          0         32          0          0          0   (incl. Generated)
        26          0          0          0          4          0   (incl. Padding)

    ----------------------------------------------------------------------

      Code (inc. data)   RO Data    RW Data    ZI Data      Debug   Library Member Name

         0          0          0          0          0          0   entry.o
         0          0          0          0          0          0   entry10a.o
         0          0          0          0          0          0   entry11a.o
         8          4          0          0          0          0   entry2.o
         4          0          0          0          0          0   entry5.o
         0          0          0          0          0          0   entry7b.o
         0          0          0          0          0          0   entry8b.o
         8          4          0          0          0          0   entry9a.o
        30          0          0          0          0          0   handlers.o
        36          8          0          0          0         68   init.o
        30          0          0          0          0         68   llshl.o
        32          0          0          0          0         68   llushr.o
        36          0          0          0          0        108   memseta.o
       246         10          0          0          0        176   printf2.o
        98          0          0          0          0         92   uldiv.o

    ----------------------------------------------------------------------
       528         26          0          0          0        580   Library Totals
         0          0          0          0          0          0   (incl. Padding)

    ----------------------------------------------------------------------

      Code (inc. data)   RO Data    RW Data    ZI Data      Debug   Library Name

       528         26          0          0          0        580   mc_w.l

    ----------------------------------------------------------------------
       528         26          0          0          0        580   Library Totals

    ----------------------------------------------------------------------

==============================================================================


      Code (inc. data)   RO Data    RW Data    ZI Data      Debug   

     13972        778        492         36       1804     905308   Grand Totals
     13972        778        492         36       1804     905308   ELF Image Totals
     13972        778        492         36          0          0   ROM Totals

==============================================================================

    Total RO  Size (Code + RO Data)                14464 (  14.13kB)
    Total RW  Size (RW Data + ZI Data)              1840 (   1.80kB)
    Total ROM Size (Code + RO Data + RW Data)      14500 (  14.16kB)

==============================================================================

