Component: ARM Compiler 5.06 update 6 (build 750) Tool: armlink [4d35ed]

==============================================================================

Section Cross References

    startup_stm32f429xx.o(STACK) refers (Special) to heapauxi.o(.text) for __use_two_region_memory
    startup_stm32f429xx.o(HEAP) refers (Special) to heapauxi.o(.text) for __use_two_region_memory
    startup_stm32f429xx.o(RESET) refers (Special) to heapauxi.o(.text) for __use_two_region_memory
    startup_stm32f429xx.o(RESET) refers to startup_stm32f429xx.o(STACK) for __initial_sp
    startup_stm32f429xx.o(RESET) refers to startup_stm32f429xx.o(.text) for Reset_Handler
    startup_stm32f429xx.o(RESET) refers to stm32f4xx_it.o(i.NMI_Handler) for NMI_Handler
    startup_stm32f429xx.o(RESET) refers to stm32f4xx_it.o(i.HardFault_Handler) for HardFault_Handler
    startup_stm32f429xx.o(RESET) refers to stm32f4xx_it.o(i.MemManage_Handler) for MemManage_Handler
    startup_stm32f429xx.o(RESET) refers to stm32f4xx_it.o(i.BusFault_Handler) for BusFault_Handler
    startup_stm32f429xx.o(RESET) refers to stm32f4xx_it.o(i.UsageFault_Handler) for UsageFault_Handler
    startup_stm32f429xx.o(RESET) refers to stm32f4xx_it.o(i.SVC_Handler) for SVC_Handler
    startup_stm32f429xx.o(RESET) refers to stm32f4xx_it.o(i.DebugMon_Handler) for DebugMon_Handler
    startup_stm32f429xx.o(RESET) refers to stm32f4xx_it.o(i.PendSV_Handler) for PendSV_Handler
    startup_stm32f429xx.o(RESET) refers to stm32f4xx_it.o(i.SysTick_Handler) for SysTick_Handler
    startup_stm32f429xx.o(RESET) refers to stm32f4xx_it.o(i.DMA1_Stream4_IRQHandler) for DMA1_Stream4_IRQHandler
    startup_stm32f429xx.o(RESET) refers to stm32f4xx_it.o(i.TIM3_IRQHandler) for TIM3_IRQHandler
    startup_stm32f429xx.o(RESET) refers to stm32f4xx_it.o(i.TIM4_IRQHandler) for TIM4_IRQHandler
    startup_stm32f429xx.o(RESET) refers to stm32f4xx_it.o(i.USART3_IRQHandler) for USART3_IRQHandler
    startup_stm32f429xx.o(.text) refers (Special) to heapauxi.o(.text) for __use_two_region_memory
    startup_stm32f429xx.o(.text) refers to system_stm32f4xx.o(i.SystemInit) for SystemInit
    startup_stm32f429xx.o(.text) refers to __main.o(!!!main) for __main
    startup_stm32f429xx.o(.text) refers to startup_stm32f429xx.o(HEAP) for Heap_Mem
    startup_stm32f429xx.o(.text) refers to startup_stm32f429xx.o(STACK) for Stack_Mem
    main.o(i.DWT_Delay_us) refers to stm32f4xx_hal_rcc.o(i.HAL_RCC_GetHCLKFreq) for HAL_RCC_GetHCLKFreq
    main.o(i.HAL_TIM_IC_CaptureCallback) refers to main.o(.data) for .data
    main.o(i.SystemClock_Config) refers to rt_memclr_w.o(.text) for __aeabi_memclr4
    main.o(i.SystemClock_Config) refers to stm32f4xx_hal_rcc.o(i.HAL_RCC_OscConfig) for HAL_RCC_OscConfig
    main.o(i.SystemClock_Config) refers to stm32f4xx_hal_pwr_ex.o(i.HAL_PWREx_EnableOverDrive) for HAL_PWREx_EnableOverDrive
    main.o(i.SystemClock_Config) refers to stm32f4xx_hal_rcc.o(i.HAL_RCC_ClockConfig) for HAL_RCC_ClockConfig
    main.o(i.TriggerEnable) refers to main.o(i.DWT_Delay_us) for DWT_Delay_us
    main.o(i.fputc) refers to stm32f4xx_hal_uart.o(i.HAL_UART_Transmit) for HAL_UART_Transmit
    main.o(i.fputc) refers to usart.o(.bss) for huart3
    main.o(i.main) refers to _printf_percent.o(.ARM.Collect$$_printf_percent$$00000000) for _printf_percent
    main.o(i.main) refers to _printf_f.o(.ARM.Collect$$_printf_percent$$00000003) for _printf_f
    main.o(i.main) refers to printf1.o(x$fpl$printf1) for _printf_fp_dec
    main.o(i.main) refers to stm32f4xx_hal.o(i.HAL_Init) for HAL_Init
    main.o(i.main) refers to main.o(i.SystemClock_Config) for SystemClock_Config
    main.o(i.main) refers to gpio.o(i.MX_GPIO_Init) for MX_GPIO_Init
    main.o(i.main) refers to tim.o(i.MX_TIM3_Init) for MX_TIM3_Init
    main.o(i.main) refers to dma.o(i.MX_DMA_Init) for MX_DMA_Init
    main.o(i.main) refers to tim.o(i.MX_TIM4_Init) for MX_TIM4_Init
    main.o(i.main) refers to usart.o(i.MX_USART3_UART_Init) for MX_USART3_UART_Init
    main.o(i.main) refers to main.o(i.DWT_Delay_Init) for DWT_Delay_Init
    main.o(i.main) refers to stm32f4xx_hal_tim.o(i.HAL_TIM_Base_Start_IT) for HAL_TIM_Base_Start_IT
    main.o(i.main) refers to stm32f4xx_hal_tim.o(i.HAL_TIM_OC_Start_IT) for HAL_TIM_OC_Start_IT
    main.o(i.main) refers to stm32f4xx_hal_tim.o(i.HAL_TIM_IC_Start_DMA) for HAL_TIM_IC_Start_DMA
    main.o(i.main) refers to noretval__2printf.o(.text) for __2printf
    main.o(i.main) refers to stm32f4xx_hal.o(i.HAL_Delay) for HAL_Delay
    main.o(i.main) refers to stm32f4xx_hal_rcc.o(i.HAL_RCC_GetPCLK1Freq) for HAL_RCC_GetPCLK1Freq
    main.o(i.main) refers to dflt_clz.o(x$fpl$dfltu) for __aeabi_ui2d
    main.o(i.main) refers to tim.o(.bss) for htim4
    main.o(i.main) refers to main.o(.data) for .data
    gpio.o(i.MX_GPIO_Init) refers to rt_memclr_w.o(.text) for __aeabi_memclr4
    gpio.o(i.MX_GPIO_Init) refers to stm32f4xx_hal_gpio.o(i.HAL_GPIO_WritePin) for HAL_GPIO_WritePin
[...]
    dc.s                                     0x00000000   Number         0  dc.o ABSOLUTE
    startup_stm32f429xx.s                    0x00000000   Number         0  startup_stm32f429xx.o ABSOLUTE
    RESET                                    0x08000000   Section      428  startup_stm32f429xx.o(RESET)
    !!!main                                  0x080001ac   Section        8  __main.o(!!!main)
    !!!scatter                               0x080001b4   Section       52  __scatter.o(!!!scatter)
    !!handler_copy                           0x080001e8   Section       26  __scatter_copy.o(!!handler_copy)
    !!handler_zi                             0x08000204   Section       28  __scatter_zi.o(!!handler_zi)
    .ARM.Collect$$_printf_percent$$00000000  0x08000220   Section        0  _printf_percent.o(.ARM.Collect$$_printf_percent$$00000000)
    .ARM.Collect$$_printf_percent$$00000003  0x08000220   Section        6  _printf_f.o(.ARM.Collect$$_printf_percent$$00000003)
    .ARM.Collect$$_printf_percent$$00000017  0x08000226   Section        4  _printf_percent_end.o(.ARM.Collect$$_printf_percent$$00000017)
    .ARM.Collect$$libinit$$00000000          0x0800022a   Section        2  libinit.o(.ARM.Collect$$libinit$$00000000)
    .ARM.Collect$$libinit$$00000001          0x0800022c   Section        4  libinit2.o(.ARM.Collect$$libinit$$00000001)
    .ARM.Collect$$libinit$$00000004          0x08000230   Section        0  libinit2.o(.ARM.Collect$$libinit$$00000004)
    .ARM.Collect$$libinit$$0000000A          0x08000230   Section        0  libinit2.o(.ARM.Collect$$libinit$$0000000A)
    .ARM.Collect$$libinit$$0000000C          0x08000230   Section        0  libinit2.o(.ARM.Collect$$libinit$$0000000C)
    .ARM.Collect$$libinit$$0000000E          0x08000230   Section        0  libinit2.o(.ARM.Collect$$libinit$$0000000E)
    .ARM.Collect$$libinit$$0000000F          0x08000230   Section        6  libinit2.o(.ARM.Collect$$libinit$$0000000F)
    .ARM.Collect$$libinit$$00000011          0x08000236   Section        0  libinit2.o(.ARM.Collect$$libinit$$00000011)
    .ARM.Collect$$libinit$$00000013          0x08000236   Section        0  libinit2.o(.ARM.Collect$$libinit$$00000013)
    .ARM.Collect$$libinit$$00000015          0x08000236   Section        0  libinit2.o(.ARM.Collect$$libinit$$00000015)
    .ARM.Collect$$libinit$$00000016          0x08000236   Section       10  libinit2.o(.ARM.Collect$$libinit$$00000016)
    .ARM.Collect$$libinit$$00000017          0x08000240   Section        0  libinit2.o(.ARM.Collect$$libinit$$00000017)
    .ARM.Collect$$libinit$$00000019          0x08000240   Section        0  libinit2.o(.ARM.Collect$$libinit$$00000019)
    .ARM.Collect$$libinit$$0000001B          0x08000240   Section        0  libinit2.o(.ARM.Collect$$libinit$$0000001B)
    .ARM.Collect$$libinit$$0000001D          0x08000240   Section        0  libinit2.o(.ARM.Collect$$libinit$$0000001D)
    .ARM.Collect$$libinit$$0000001F          0x08000240   Section        0  libinit2.o(.ARM.Collect$$libinit$$0000001F)
    .ARM.Collect$$libinit$$00000021          0x08000240   Section        0  libinit2.o(.ARM.Collect$$libinit$$00000021)
    .ARM.Collect$$libinit$$00000023          0x08000240   Section        0  libinit2.o(.ARM.Collect$$libinit$$00000023)
    .ARM.Collect$$libinit$$00000025          0x08000240   Section        0  libinit2.o(.ARM.Collect$$libinit$$00000025)
    .ARM.Collect$$libinit$$0000002C          0x08000240   Section        0  libinit2.o(.ARM.Collect$$libinit$$0000002C)
    .ARM.Collect$$libinit$$0000002E          0x08000240   Section        0  libinit2.o(.ARM.Collect$$libinit$$0000002E)
    .ARM.Collect$$libinit$$00000030          0x08000240   Section        0  libinit2.o(.ARM.Collect$$libinit$$00000030)
    .ARM.Collect$$libinit$$00000032          0x08000240   Section        0  libinit2.o(.ARM.Collect$$libinit$$00000032)
    .ARM.Collect$$libinit$$00000033          0x08000240   Section        2  libinit2.o(.ARM.Collect$$libinit$$00000033)
    .ARM.Collect$$libshutdown$$00000000      0x08000242   Section        2  libshutdown.o(.ARM.Collect$$libshutdown$$00000000)
    .ARM.Collect$$libshutdown$$00000002      0x08000244   Section        0  libshutdown2.o(.ARM.Collect$$libshutdown$$00000002)
    .ARM.Collect$$libshutdown$$00000004      0x08000244   Section        0  libshutdown2.o(.ARM.Collect$$libshutdown$$00000004)
    .ARM.Collect$$libshutdown$$00000007      0x08000244   Section        0  libshutdown2.o(.ARM.Collect$$libshutdown$$00000007)
    .ARM.Collect$$libshutdown$$0000000A      0x08000244   Section        0  libshutdown2.o(.ARM.Collect$$libshutdown$$0000000A)
    .ARM.Collect$$libshutdown$$0000000C      0x08000244   Section        0  libshutdown2.o(.ARM.Collect$$libshutdown$$0000000C)
    .ARM.Collect$$libshutdown$$0000000F      0x08000244   Section        0  libshutdown2.o(.ARM.Collect$$libshutdown$$0000000F)
    .ARM.Collect$$libshutdown$$00000010      0x08000244   Section        2  libshutdown2.o(.ARM.Collect$$libshutdown$$00000010)
    .ARM.Collect$$rtentry$$00000000          0x08000246   Section        0  __rtentry.o(.ARM.Collect$$rtentry$$00000000)
    .ARM.Collect$$rtentry$$00000002          0x08000246   Section        0  __rtentry2.o(.ARM.Collect$$rtentry$$00000002)
    .ARM.Collect$$rtentry$$00000004          0x08000246   Section        6  __rtentry4.o(.ARM.Collect$$rtentry$$00000004)
    .ARM.Collect$$rtentry$$00000009          0x0800024c   Section        0  __rtentry2.o(.ARM.Collect$$rtentry$$00000009)
    .ARM.Collect$$rtentry$$0000000A          0x0800024c   Section        4  __rtentry2.o(.ARM.Collect$$rtentry$$0000000A)
    .ARM.Collect$$rtentry$$0000000C          0x08000250   Section        0  __rtentry2.o(.ARM.Collect$$rtentry$$0000000C)
    .ARM.Collect$$rtentry$$0000000D          0x08000250   Section        8  __rtentry2.o(.ARM.Collect$$rtentry$$0000000D)
    .ARM.Collect$$rtexit$$00000000           0x08000258   Section        2  rtexit.o(.ARM.Collect$$rtexit$$00000000)
    .ARM.Collect$$rtexit$$00000002           0x0800025a   Section        0  rtexit2.o(.ARM.Collect$$rtexit$$00000002)
    .ARM.Collect$$rtexit$$00000003           0x0800025a   Section        4  rtexit2.o(.ARM.Collect$$rtexit$$00000003)
    .ARM.Collect$$rtexit$$00000004           0x0800025e   Section        6  rtexit2.o(.ARM.Collect$$rtexit$$00000004)
    .text                                    0x08000264   Section       64  startup_stm32f429xx.o(.text)
    $v0                                      0x08000264   Number         0  startup_stm32f429xx.o(.text)
    .text                                    0x080002a4   Section      238  lludivv7m.o(.text)
    .text                                    0x08000394   Section        0  noretval__2printf.o(.text)
    .text                                    0x080003ac   Section        0  __printf_ss_wp.o(.text)
    .text                                    0x0800050c   Section       78  rt_memclr_w.o(.text)
    .text                                    0x0800055a   Section        0  heapauxi.o(.text)
    .text                                    0x08000560   Section        0  _printf_fp_dec.o(.text)
    _fp_digits                               0x08000563   Thumb Code   432  _printf_fp_dec.o(.text)
    .text                                    0x08000980   Section        0  _printf_char_file.o(.text)
    .text                                    0x080009a4   Section        8  rt_locale_intlibspace.o(.text)
    .text                                    0x080009ac   Section      138  lludiv10.o(.text)
    .text                                    0x08000a38   Section        0  _printf_char_common.o(.text)
    _printf_input_char                       0x08000a39   Thumb Code    10  _printf_char_common.o(.text)
    .text                                    0x08000a68   Section        0  _printf_fp_infnan.o(.text)
    .text                                    0x08000ae8   Section        0  bigflt0.o(.text)
    .text                                    0x08000bcc   Section        0  ferror.o(.text)
    .text                                    0x08000bd4   Section        8  libspace.o(.text)
    .text                                    0x08000bdc   Section       74  sys_stackheap_outer.o(.text)
    .text                                    0x08000c26   Section        0  exit.o(.text)
    .text                                    0x08000c38   Section      128  strcmpv7m.o(.text)
    .text                                    0x08000cb8   Section        0  sys_exit.o(.text)
    .text                                    0x08000cc4   Section        2  use_no_semi.o(.text)
    .text                                    0x08000cc6   Section        0  indicate_semi.o(.text)
    CL$$btod_d2e                             0x08000cc6   Section       62  btod.o(CL$$btod_d2e)
    CL$$btod_d2e_denorm_low                  0x08000d04   Section       70  btod.o(CL$$btod_d2e_denorm_low)
    CL$$btod_d2e_norm_op1                    0x08000d4a   Section       96  btod.o(CL$$btod_d2e_norm_op1)
    CL$$btod_div_common                      0x08000daa   Section      824  btod.o(CL$$btod_div_common)
    CL$$btod_e2e                             0x080010e2   Section      220  btod.o(CL$$btod_e2e)
    CL$$btod_ediv                            0x080011be   Section       42  btod.o(CL$$btod_ediv)
    CL$$btod_emul                            0x080011e8   Section       42  btod.o(CL$$btod_emul)
    CL$$btod_mult_common                     0x08001212   Section      580  btod.o(CL$$btod_mult_common)
    i.BusFault_Handler                       0x08001456   Section        0  stm32f4xx_it.o(i.BusFault_Handler)
    i.DMA1_Stream4_IRQHandler                0x08001458   Section        0  stm32f4xx_it.o(i.DMA1_Stream4_IRQHandler)
    i.DMA_CalcBaseAndBitshift                0x08001464   Section        0  stm32f4xx_hal_dma.o(i.DMA_CalcBaseAndBitshift)
    DMA_CalcBaseAndBitshift                  0x08001465   Thumb Code    34  stm32f4xx_hal_dma.o(i.DMA_CalcBaseAndBitshift)
    i.DMA_CheckFifoParam                     0x0800148c   Section        0  stm32f4xx_hal_dma.o(i.DMA_CheckFifoParam)
    DMA_CheckFifoParam                       0x0800148d   Thumb Code    84  stm32f4xx_hal_dma.o(i.DMA_CheckFifoParam)
    i.DMA_SetConfig                          0x080014e0   Section        0  stm32f4xx_hal_dma.o(i.DMA_SetConfig)
    DMA_SetConfig                            0x080014e1   Thumb Code    40  stm32f4xx_hal_dma.o(i.DMA_SetConfig)
    i.DWT_Delay_Init                         0x08001508   Section        0  main.o(i.DWT_Delay_Init)
    i.DebugMon_Handler                       0x0800154c   Section        0  stm32f4xx_it.o(i.DebugMon_Handler)
    i.Error_Handler                          0x0800154e   Section        0  main.o(i.Error_Handler)
    i.HAL_DMA_Abort                          0x08001552   Section        0  stm32f4xx_hal_dma.o(i.HAL_DMA_Abort)
    i.HAL_DMA_Abort_IT                       0x080015e4   Section        0  stm32f4xx_hal_dma.o(i.HAL_DMA_Abort_IT)
    i.HAL_DMA_IRQHandler                     0x08001608   Section        0  stm32f4xx_hal_dma.o(i.HAL_DMA_IRQHandler)
    i.HAL_DMA_Init                           0x080017a8   Section        0  stm32f4xx_hal_dma.o(i.HAL_DMA_Init)
    i.HAL_DMA_Start_IT                       0x0800187c   Section        0  stm32f4xx_hal_dma.o(i.HAL_DMA_Start_IT)
    i.HAL_Delay                              0x080018ec   Section        0  stm32f4xx_hal.o(i.HAL_Delay)
    i.HAL_GPIO_Init                          0x08001910   Section        0  stm32f4xx_hal_gpio.o(i.HAL_GPIO_Init)
    i.HAL_GPIO_WritePin                      0x08001b44   Section        0  stm32f4xx_hal_gpio.o(i.HAL_GPIO_WritePin)
    i.HAL_GetTick                            0x08001b50   Section        0  stm32f4xx_hal.o(i.HAL_GetTick)
    i.HAL_IncTick                            0x08001b5c   Section        0  stm32f4xx_hal.o(i.HAL_IncTick)
    i.HAL_Init                               0x08001b6c   Section        0  stm32f4xx_hal.o(i.HAL_Init)
    i.HAL_InitTick                           0x08001ba0   Section        0  stm32f4xx_hal.o(i.HAL_InitTick)
    i.HAL_MspInit                            0x08001be0   Section        0  stm32f4xx_hal_msp.o(i.HAL_MspInit)
    i.HAL_NVIC_EnableIRQ                     0x08001c10   Section        0  stm32f4xx_hal_cortex.o(i.HAL_NVIC_EnableIRQ)
    i.HAL_NVIC_SetPriority                   0x08001c2c   Section        0  stm32f4xx_hal_cortex.o(i.HAL_NVIC_SetPriority)
    i.HAL_NVIC_SetPriorityGrouping           0x08001c6c   Section        0  stm32f4xx_hal_cortex.o(i.HAL_NVIC_SetPriorityGrouping)
    i.HAL_PWREx_EnableOverDrive              0x08001c90   Section        0  stm32f4xx_hal_pwr_ex.o(i.HAL_PWREx_EnableOverDrive)
    i.HAL_RCC_ClockConfig                    0x08001d00   Section        0  stm32f4xx_hal_rcc.o(i.HAL_RCC_ClockConfig)
    i.HAL_RCC_GetPCLK1Freq                   0x08001e34   Section        0  stm32f4xx_hal_rcc.o(i.HAL_RCC_GetPCLK1Freq)
    i.HAL_RCC_GetPCLK2Freq                   0x08001e54   Section        0  stm32f4xx_hal_rcc.o(i.HAL_RCC_GetPCLK2Freq)
    i.HAL_RCC_GetSysClockFreq                0x08001e74   Section        0  stm32f4xx_hal_rcc.o(i.HAL_RCC_GetSysClockFreq)
    i.HAL_RCC_OscConfig                      0x08001ed4   Section        0  stm32f4xx_hal_rcc.o(i.HAL_RCC_OscConfig)
    i.HAL_SYSTICK_Config                     0x08002240   Section        0  stm32f4xx_hal_cortex.o(i.HAL_SYSTICK_Config)
    i.HAL_TIMEx_BreakCallback                0x08002268   Section        0  stm32f4xx_hal_tim_ex.o(i.HAL_TIMEx_BreakCallback)
    i.HAL_TIMEx_CommutCallback               0x0800226a   Section        0  stm32f4xx_hal_tim_ex.o(i.HAL_TIMEx_CommutCallback)
    i.HAL_TIMEx_MasterConfigSynchronization  0x0800226c   Section        0  stm32f4xx_hal_tim_ex.o(i.HAL_TIMEx_MasterConfigSynchronization)
    i.HAL_TIM_Base_Init                      0x080022fc   Section        0  stm32f4xx_hal_tim.o(i.HAL_TIM_Base_Init)
    i.HAL_TIM_Base_MspInit                   0x08002358   Section        0  tim.o(i.HAL_TIM_Base_MspInit)
    i.HAL_TIM_Base_Start_IT                  0x08002458   Section        0  stm32f4xx_hal_tim.o(i.HAL_TIM_Base_Start_IT)
    i.HAL_TIM_ConfigClockSource              0x080024d8   Section        0  stm32f4xx_hal_tim.o(i.HAL_TIM_ConfigClockSource)
    i.HAL_TIM_ErrorCallback                  0x080025b4   Section        0  stm32f4xx_hal_tim.o(i.HAL_TIM_ErrorCallback)
    i.HAL_TIM_IC_CaptureCallback             0x080025b8   Section        0  main.o(i.HAL_TIM_IC_CaptureCallback)
    i.HAL_TIM_IC_CaptureHalfCpltCallback     0x080025e4   Section        0  stm32f4xx_hal_tim.o(i.HAL_TIM_IC_CaptureHalfCpltCallback)
    i.HAL_TIM_IC_ConfigChannel               0x080025e6   Section        0  stm32f4xx_hal_tim.o(i.HAL_TIM_IC_ConfigChannel)
    i.HAL_TIM_IC_Init                        0x08002704   Section        0  stm32f4xx_hal_tim.o(i.HAL_TIM_IC_Init)
    i.HAL_TIM_IC_MspInit                     0x0800275e   Section        0  stm32f4xx_hal_tim.o(i.HAL_TIM_IC_MspInit)
    i.HAL_TIM_IC_Start_DMA                   0x08002760   Section        0  stm32f4xx_hal_tim.o(i.HAL_TIM_IC_Start_DMA)
    i.HAL_TIM_IRQHandler                     0x0800292c   Section        0  stm32f4xx_hal_tim.o(i.HAL_TIM_IRQHandler)
    i.HAL_TIM_MspPostInit                    0x08002a94   Section        0  tim.o(i.HAL_TIM_MspPostInit)
    i.HAL_TIM_OC_ConfigChannel               0x08002ae8   Section        0  stm32f4xx_hal_tim.o(i.HAL_TIM_OC_ConfigChannel)
    i.HAL_TIM_OC_DelayElapsedCallback        0x08002b3c   Section        0  main.o(i.HAL_TIM_OC_DelayElapsedCallback)
    i.HAL_TIM_OC_Init                        0x08002b4c   Section        0  stm32f4xx_hal_tim.o(i.HAL_TIM_OC_Init)
    i.HAL_TIM_OC_MspInit                     0x08002ba6   Section        0  stm32f4xx_hal_tim.o(i.HAL_TIM_OC_MspInit)
    i.HAL_TIM_OC_Start_IT                    0x08002ba8   Section        0  stm32f4xx_hal_tim.o(i.HAL_TIM_OC_Start_IT)
    i.HAL_TIM_PWM_PulseFinishedCallback      0x08002c9c   Section        0  stm32f4xx_hal_tim.o(i.HAL_TIM_PWM_PulseFinishedCallback)
    i.HAL_TIM_PeriodElapsedCallback          0x08002ca0   Section        0  main.o(i.HAL_TIM_PeriodElapsedCallback)
    i.HAL_TIM_TriggerCallback                0x08002cb0   Section        0  stm32f4xx_hal_tim.o(i.HAL_TIM_TriggerCallback)
    i.HAL_UARTEx_RxEventCallback             0x08002cb2   Section        0  stm32f4xx_hal_uart.o(i.HAL_UARTEx_RxEventCallback)
    i.HAL_UART_ErrorCallback                 0x08002cb4   Section        0  stm32f4xx_hal_uart.o(i.HAL_UART_ErrorCallback)
    i.HAL_UART_IRQHandler                    0x08002cb8   Section        0  stm32f4xx_hal_uart.o(i.HAL_UART_IRQHandler)
    i.HAL_UART_Init                          0x08002f20   Section        0  stm32f4xx_hal_uart.o(i.HAL_UART_Init)
    i.HAL_UART_MspInit                       0x08002f84   Section        0  usart.o(i.HAL_UART_MspInit)
    i.HAL_UART_RxCpltCallback                0x08003000   Section        0  stm32f4xx_hal_uart.o(i.HAL_UART_RxCpltCallback)
    i.HAL_UART_Transmit                      0x08003004   Section        0  stm32f4xx_hal_uart.o(i.HAL_UART_Transmit)
    i.HAL_UART_TxCpltCallback                0x080030b6   Section        0  stm32f4xx_hal_uart.o(i.HAL_UART_TxCpltCallback)
    i.HardFault_Handler                      0x080030b8   Section        0  stm32f4xx_it.o(i.HardFault_Handler)
    i.MX_DMA_Init                            0x080030bc   Section        0  dma.o(i.MX_DMA_Init)
    i.MX_GPIO_Init                           0x080030e8   Section        0  gpio.o(i.MX_GPIO_Init)
    i.MX_TIM3_Init                           0x08003268   Section        0  tim.o(i.MX_TIM3_Init)
    i.MX_TIM4_Init                           0x08003314   Section        0  tim.o(i.MX_TIM4_Init)
    i.MX_USART3_UART_Init                    0x080033b0   Section        0  usart.o(i.MX_USART3_UART_Init)
    i.MemManage_Handler                      0x080033e8   Section        0  stm32f4xx_it.o(i.MemManage_Handler)
    i.NMI_Handler                            0x080033ea   Section        0  stm32f4xx_it.o(i.NMI_Handler)
    i.PendSV_Handler                         0x080033ec   Section        0  stm32f4xx_it.o(i.PendSV_Handler)
    i.SVC_Handler                            0x080033ee   Section        0  stm32f4xx_it.o(i.SVC_Handler)
    i.SysTick_Handler                        0x080033f0   Section        0  stm32f4xx_it.o(i.SysTick_Handler)
    i.SystemClock_Config                     0x080033f4   Section        0  main.o(i.SystemClock_Config)
    i.SystemInit                             0x08003494   Section        0  system_stm32f4xx.o(i.SystemInit)
    i.TIM3_IRQHandler                        0x080034a4   Section        0  stm32f4xx_it.o(i.TIM3_IRQHandler)
    i.TIM4_IRQHandler                        0x080034b0   Section        0  stm32f4xx_it.o(i.TIM4_IRQHandler)
    i.TIM_Base_SetConfig                     0x080034bc   Section        0  stm32f4xx_hal_tim.o(i.TIM_Base_SetConfig)
    i.TIM_CCxChannelCmd                      0x08003584   Section        0  stm32f4xx_hal_tim.o(i.TIM_CCxChannelCmd)
    i.TIM_DMACaptureCplt                     0x0800359e   Section        0  stm32f4xx_hal_tim.o(i.TIM_DMACaptureCplt)
    i.TIM_DMACaptureHalfCplt                 0x0800360c   Section        0  stm32f4xx_hal_tim.o(i.TIM_DMACaptureHalfCplt)
    i.TIM_DMAError                           0x08003644   Section        0  stm32f4xx_hal_tim.o(i.TIM_DMAError)
    i.TIM_ETR_SetConfig                      0x08003698   Section        0  stm32f4xx_hal_tim.o(i.TIM_ETR_SetConfig)
    i.TIM_ITRx_SetConfig                     0x080036ac   Section        0  stm32f4xx_hal_tim.o(i.TIM_ITRx_SetConfig)
    TIM_ITRx_SetConfig                       0x080036ad   Thumb Code    16  stm32f4xx_hal_tim.o(i.TIM_ITRx_SetConfig)
    i.TIM_OC1_SetConfig                      0x080036bc   Section        0  stm32f4xx_hal_tim.o(i.TIM_OC1_SetConfig)
    TIM_OC1_SetConfig                        0x080036bd   Thumb Code    88  stm32f4xx_hal_tim.o(i.TIM_OC1_SetConfig)
    i.TIM_OC2_SetConfig                      0x0800371c   Section        0  stm32f4xx_hal_tim.o(i.TIM_OC2_SetConfig)
    i.TIM_OC3_SetConfig                      0x08003788   Section        0  stm32f4xx_hal_tim.o(i.TIM_OC3_SetConfig)
    TIM_OC3_SetConfig                        0x08003789   Thumb Code    96  stm32f4xx_hal_tim.o(i.TIM_OC3_SetConfig)
    i.TIM_OC4_SetConfig                      0x080037f0   Section        0  stm32f4xx_hal_tim.o(i.TIM_OC4_SetConfig)
    TIM_OC4_SetConfig                        0x080037f1   Thumb Code    70  stm32f4xx_hal_tim.o(i.TIM_OC4_SetConfig)
    i.TIM_TI1_ConfigInputStage               0x08003840   Section        0  stm32f4xx_hal_tim.o(i.TIM_TI1_ConfigInputStage)
    TIM_TI1_ConfigInputStage                 0x08003841   Thumb Code    34  stm32f4xx_hal_tim.o(i.TIM_TI1_ConfigInputStage)
    i.TIM_TI1_SetConfig                      0x08003864   Section        0  stm32f4xx_hal_tim.o(i.TIM_TI1_SetConfig)
    i.TIM_TI2_ConfigInputStage               0x080038e4   Section        0  stm32f4xx_hal_tim.o(i.TIM_TI2_ConfigInputStage)
    TIM_TI2_ConfigInputStage                 0x080038e5   Thumb Code    36  stm32f4xx_hal_tim.o(i.TIM_TI2_ConfigInputStage)
    i.TIM_TI2_SetConfig                      0x08003908   Section        0  stm32f4xx_hal_tim.o(i.TIM_TI2_SetConfig)
    TIM_TI2_SetConfig                        0x08003909   Thumb Code    54  stm32f4xx_hal_tim.o(i.TIM_TI2_SetConfig)
    i.UART_DMAAbortOnError                   0x0800393e   Section        0  stm32f4xx_hal_uart.o(i.UART_DMAAbortOnError)
    UART_DMAAbortOnError                     0x0800393f   Thumb Code    16  stm32f4xx_hal_uart.o(i.UART_DMAAbortOnError)
    i.UART_EndRxTransfer                     0x0800394e   Section        0  stm32f4xx_hal_uart.o(i.UART_EndRxTransfer)
    UART_EndRxTransfer                       0x0800394f   Thumb Code    78  stm32f4xx_hal_uart.o(i.UART_EndRxTransfer)
    i.UART_Receive_IT                        0x0800399c   Section        0  stm32f4xx_hal_uart.o(i.UART_Receive_IT)
    UART_Receive_IT                          0x0800399d   Thumb Code   192  stm32f4xx_hal_uart.o(i.UART_Receive_IT)
    i.UART_SetConfig                         0x08003a5c   Section        0  stm32f4xx_hal_uart.o(i.UART_SetConfig)
    UART_SetConfig                           0x08003a5d   Thumb Code   258  stm32f4xx_hal_uart.o(i.UART_SetConfig)
    i.UART_WaitOnFlagUntilTimeout            0x08003b68   Section        0  stm32f4xx_hal_uart.o(i.UART_WaitOnFlagUntilTimeout)
    UART_WaitOnFlagUntilTimeout              0x08003b69   Thumb Code   120  stm32f4xx_hal_uart.o(i.UART_WaitOnFlagUntilTimeout)
    i.USART3_IRQHandler                      0x08003be0   Section        0  stm32f4xx_it.o(i.USART3_IRQHandler)
    i.UsageFault_Handler                     0x08003bec   Section        0  stm32f4xx_it.o(i.UsageFault_Handler)
    i.__ARM_fpclassify                       0x08003bee   Section        0  fpclassify.o(i.__ARM_fpclassify)
    i.__NVIC_SetPriority                     0x08003c1e   Section        0  stm32f4xx_hal_cortex.o(i.__NVIC_SetPriority)
    __NVIC_SetPriority                       0x08003c1f   Thumb Code    32  stm32f4xx_hal_cortex.o(i.__NVIC_SetPriority)
    i._is_digit                              0x08003c3e   Section        0  __printf_wp.o(i._is_digit)
    i.fputc                                  0x08003c4c   Section        0  main.o(i.fputc)
    i.main                                   0x08003c64   Section        0  main.o(i.main)
    locale$$code                             0x08003db0   Section       44  lc_numeric_c.o(locale$$code)
    x$fpl$dfltu                              0x08003ddc   Section       38  dflt_clz.o(x$fpl$dfltu)
    $v0                                      0x08003ddc   Number         0  dflt_clz.o(x$fpl$dfltu)
    x$fpl$fpinit                             0x08003e02   Section       10  fpinit.o(x$fpl$fpinit)
    $v0                                      0x08003e02   Number         0  fpinit.o(x$fpl$fpinit)
    x$fpl$printf1                            0x08003e0c   Section        4  printf1.o(x$fpl$printf1)
    $v0                                      0x08003e0c   Number         0  printf1.o(x$fpl$printf1)
    .constdata                               0x08003e10   Section        8  stm32f4xx_hal_dma.o(.constdata)
    x$fpl$usenofp                            0x08003e10   Section        0  usenofp.o(x$fpl$usenofp)
    flagBitshiftOffset                       0x08003e10   Data           8  stm32f4xx_hal_dma.o(.constdata)
    .constdata                               0x08003e18   Section       16  system_stm32f4xx.o(.constdata)
    .constdata                               0x08003e28   Section        8  system_stm32f4xx.o(.constdata)
    .constdata                               0x08003e30   Section      148  bigflt0.o(.constdata)
    tenpwrs_x                                0x08003e30   Data          60  bigflt0.o(.constdata)
    tenpwrs_i                                0x08003e6c   Data          64  bigflt0.o(.constdata)
    locale$$data                             0x08003ee4   Section       28  lc_numeric_c.o(locale$$data)
    __lcnum_c_name                           0x08003ee8   Data           2  lc_numeric_c.o(locale$$data)
    __lcnum_c_start                          0x08003ef0   Data           0  lc_numeric_c.o(locale$$data)
    __lcnum_c_point                          0x08003efc   Data           0  lc_numeric_c.o(locale$$data)
    __lcnum_c_thousands                      0x08003efe   Data           0  lc_numeric_c.o(locale$$data)
    __lcnum_c_grouping                       0x08003eff   Data           0  lc_numeric_c.o(locale$$data)
    __lcnum_c_end                            0x08003f00   Data           0  lc_numeric_c.o(locale$$data)
    .data                                    0x20000000   Section       28  main.o(.data)
    .data                                    0x2000001c   Section        4  main.o(.data)
    .data                                    0x20000020   Section       12  stm32f4xx_hal.o(.data)
    .data                                    0x2000002c   Section        4  system_stm32f4xx.o(.data)
    .bss                                     0x20000030   Section      240  tim.o(.bss)
    .bss                                     0x20000120   Section       68  usart.o(.bss)
    .bss                                     0x20000164   Section       96  libspace.o(.bss)
    HEAP                                     0x200001c8   Section      512  startup_stm32f429xx.o(HEAP)
    Heap_Mem                                 0x200001c8   Data         512  startup_stm32f429xx.o(HEAP)
    STACK                                    0x200003c8   Section     1024  startup_stm32f429xx.o(STACK)
    Stack_Mem                                0x200003c8   Data        1024  startup_stm32f429xx.o(STACK)
    __initial_sp                             0x200007c8   Data           0  startup_stm32f429xx.o(STACK)

    Global Symbols

    Symbol Name                              Value     Ov Type        Size  Object(Section)

    BuildAttributes$$THM_ISAv4$E$P$D$K$B$S$7EM$VFPi3$EXTD16$VFPS$VFMA$PE$A:L22UL41UL21$X:L11$S22US41US21$IEEE1$IW$USESV6$~STKCKD$USESV7$~SHL$OTIME$ROPI$IEEEJ$EBA8$UX$STANDARDLIB$REQ8$PRES8$EABIv2 0x00000000   Number         0  anon$$obj.o ABSOLUTE
    __ARM_use_no_argv                        0x00000000   Number         0  main.o ABSOLUTE
    _printf_flags                            0x00000000   Number         0  printf_stubs.o ABSOLUTE
    _printf_return_value                     0x00000000   Number         0  printf_stubs.o ABSOLUTE
    _printf_sizespec                         0x00000000   Number         0  printf_stubs.o ABSOLUTE
    _printf_widthprec                        0x00000000   Number         0  printf_stubs.o ABSOLUTE
    __ARM_exceptions_init                     - Undefined Weak Reference
    __alloca_initialize                       - Undefined Weak Reference
    __arm_preinit_                            - Undefined Weak Reference
    __cpp_initialize__aeabi_                  - Undefined Weak Reference
    __cxa_finalize                            - Undefined Weak Reference
    __sigvec_lookup                           - Undefined Weak Reference
    _atexit_init                              - Undefined Weak Reference
    _call_atexit_fns                          - Undefined Weak Reference
    _clock_init                               - Undefined Weak Reference
    _fp_trap_init                             - Undefined Weak Reference
    _fp_trap_shutdown                         - Undefined Weak Reference
    _get_lc_collate                           - Undefined Weak Reference
    _get_lc_ctype                             - Undefined Weak Reference
    _get_lc_monetary                          - Undefined Weak Reference
    _get_lc_time                              - Undefined Weak Reference
    _getenv_init                              - Undefined Weak Reference
    _handle_redirection                       - Undefined Weak Reference
    _init_alloc                               - Undefined Weak Reference
    _init_user_alloc                          - Undefined Weak Reference
    _initio                                   - Undefined Weak Reference
    _mutex_acquire                            - Undefined Weak Reference
    _mutex_release                            - Undefined Weak Reference
    _printf_post_padding                      - Undefined Weak Reference
    _printf_pre_padding                       - Undefined Weak Reference
    _rand_init                                - Undefined Weak Reference
    _signal_finish                            - Undefined Weak Reference
    _signal_init                              - Undefined Weak Reference
    _terminate_alloc                          - Undefined Weak Reference
    _terminate_user_alloc                     - Undefined Weak Reference
    _terminateio                              - Undefined Weak Reference
    __Vectors_Size                           0x000001ac   Number         0  startup_stm32f429xx.o ABSOLUTE
    __Vectors                                0x08000000   Data           4  startup_stm32f429xx.o(RESET)
    __Vectors_End                            0x080001ac   Data           0  startup_stm32f429xx.o(RESET)
    __main                                   0x080001ad   Thumb Code     8  __main.o(!!!main)
    __scatterload                            0x080001b5   Thumb Code     0  __scatter.o(!!!scatter)
    __scatterload_rt2                        0x080001b5   Thumb Code    44  __scatter.o(!!!scatter)
    __scatterload_rt2_thumb_only             0x080001b5   Thumb Code     0  __scatter.o(!!!scatter)
    __scatterload_null                       0x080001c3   Thumb Code     0  __scatter.o(!!!scatter)
    __scatterload_copy                       0x080001e9   Thumb Code    26  __scatter_copy.o(!!handler_copy)
    __scatterload_zeroinit                   0x08000205   Thumb Code    28  __scatter_zi.o(!!handler_zi)
    _printf_f                                0x08000221   Thumb Code     0  _printf_f.o(.ARM.Collect$$_printf_percent$$00000003)
    _printf_percent                          0x08000221   Thumb Code     0  _printf_percent.o(.ARM.Collect$$_printf_percent$$00000000)
    _printf_percent_end                      0x08000227   Thumb Code     0  _printf_percent_end.o(.ARM.Collect$$_printf_percent$$00000017)
    __rt_lib_init                            0x0800022b   Thumb Code     0  libinit.o(.ARM.Collect$$libinit$$00000000)
    __rt_lib_init_fp_1                       0x0800022d   Thumb Code     0  libinit2.o(.ARM.Collect$$libinit$$00000001)
    __rt_lib_init_heap_1                     0x08000231   Thumb Code     0  libinit2.o(.ARM.Collect$$libinit$$0000000A)
    __rt_lib_init_lc_common                  0x08000231   Thumb Code     0  libinit2.o(.ARM.Collect$$libinit$$0000000F)
    __rt_lib_init_preinit_1                  0x08000231   Thumb Code     0  libinit2.o(.ARM.Collect$$libinit$$00000004)
    __rt_lib_init_rand_1                     0x08000231   Thumb Code     0  libinit2.o(.ARM.Collect$$libinit$$0000000E)
    __rt_lib_init_user_alloc_1               0x08000231   Thumb Code     0  libinit2.o(.ARM.Collect$$libinit$$0000000C)
    __rt_lib_init_lc_collate_1               0x08000237   Thumb Code     0  libinit2.o(.ARM.Collect$$libinit$$00000011)
    __rt_lib_init_lc_ctype_1                 0x08000237   Thumb Code     0  libinit2.o(.ARM.Collect$$libinit$$00000013)
    __rt_lib_init_lc_monetary_1              0x08000237   Thumb Code     0  libinit2.o(.ARM.Collect$$libinit$$00000015)
    __rt_lib_init_lc_numeric_2               0x08000237   Thumb Code     0  libinit2.o(.ARM.Collect$$libinit$$00000016)
    __rt_lib_init_alloca_1                   0x08000241   Thumb Code     0  libinit2.o(.ARM.Collect$$libinit$$0000002E)
    __rt_lib_init_argv_1                     0x08000241   Thumb Code     0  libinit2.o(.ARM.Collect$$libinit$$0000002C)
    __rt_lib_init_atexit_1                   0x08000241   Thumb Code     0  libinit2.o(.ARM.Collect$$libinit$$0000001B)
    __rt_lib_init_clock_1                    0x08000241   Thumb Code     0  libinit2.o(.ARM.Collect$$libinit$$00000021)
    __rt_lib_init_cpp_1                      0x08000241   Thumb Code     0  libinit2.o(.ARM.Collect$$libinit$$00000032)
    __rt_lib_init_exceptions_1               0x08000241   Thumb Code     0  libinit2.o(.ARM.Collect$$libinit$$00000030)
    __rt_lib_init_fp_trap_1                  0x08000241   Thumb Code     0  libinit2.o(.ARM.Collect$$libinit$$0000001F)
    __rt_lib_init_getenv_1                   0x08000241   Thumb Code     0  libinit2.o(.ARM.Collect$$libinit$$00000023)
    __rt_lib_init_lc_numeric_1               0x08000241   Thumb Code     0  libinit2.o(.ARM.Collect$$libinit$$00000017)
    __rt_lib_init_lc_time_1                  0x08000241   Thumb Code     0  libinit2.o(.ARM.Collect$$libinit$$00000019)
    __rt_lib_init_return                     0x08000241   Thumb Code     0  libinit2.o(.ARM.Collect$$libinit$$00000033)
    __rt_lib_init_signal_1                   0x08000241   Thumb Code     0  libinit2.o(.ARM.Collect$$libinit$$0000001D)
    __rt_lib_init_stdio_1                    0x08000241   Thumb Code     0  libinit2.o(.ARM.Collect$$libinit$$00000025)
    __rt_lib_shutdown                        0x08000243   Thumb Code     0  libshutdown.o(.ARM.Collect$$libshutdown$$00000000)
    __rt_lib_shutdown_cpp_1                  0x08000245   Thumb Code     0  libshutdown2.o(.ARM.Collect$$libshutdown$$00000002)
    __rt_lib_shutdown_fp_trap_1              0x08000245   Thumb Code     0  libshutdown2.o(.ARM.Collect$$libshutdown$$00000007)
    __rt_lib_shutdown_heap_1                 0x08000245   Thumb Code     0  libshutdown2.o(.ARM.Collect$$libshutdown$$0000000F)
    __rt_lib_shutdown_return                 0x08000245   Thumb Code     0  libshutdown2.o(.ARM.Collect$$libshutdown$$00000010)
    __rt_lib_shutdown_signal_1               0x08000245   Thumb Code     0  libshutdown2.o(.ARM.Collect$$libshutdown$$0000000A)
    __rt_lib_shutdown_stdio_1                0x08000245   Thumb Code     0  libshutdown2.o(.ARM.Collect$$libshutdown$$00000004)
    __rt_lib_shutdown_user_alloc_1           0x08000245   Thumb Code     0  libshutdown2.o(.ARM.Collect$$libshutdown$$0000000C)
    __rt_entry                               0x08000247   Thumb Code     0  __rtentry.o(.ARM.Collect$$rtentry$$00000000)
    __rt_entry_presh_1                       0x08000247   Thumb Code     0  __rtentry2.o(.ARM.Collect$$rtentry$$00000002)
    __rt_entry_sh                            0x08000247   Thumb Code     0  __rtentry4.o(.ARM.Collect$$rtentry$$00000004)
    __rt_entry_li                            0x0800024d   Thumb Code     0  __rtentry2.o(.ARM.Collect$$rtentry$$0000000A)
    __rt_entry_postsh_1                      0x0800024d   Thumb Code     0  __rtentry2.o(.ARM.Collect$$rtentry$$00000009)
    __rt_entry_main                          0x08000251   Thumb Code     0  __rtentry2.o(.ARM.Collect$$rtentry$$0000000D)
    __rt_entry_postli_1                      0x08000251   Thumb Code     0  __rtentry2.o(.ARM.Collect$$rtentry$$0000000C)
    __rt_exit                                0x08000259   Thumb Code     0  rtexit.o(.ARM.Collect$$rtexit$$00000000)
    __rt_exit_ls                             0x0800025b   Thumb Code     0  rtexit2.o(.ARM.Collect$$rtexit$$00000003)
    __rt_exit_prels_1                        0x0800025b   Thumb Code     0  rtexit2.o(.ARM.Collect$$rtexit$$00000002)
    __rt_exit_exit                           0x0800025f   Thumb Code     0  rtexit2.o(.ARM.Collect$$rtexit$$00000004)
    Reset_Handler                            0x08000265   Thumb Code     8  startup_stm32f429xx.o(.text)
    ADC_IRQHandler                           0x0800027f   Thumb Code     0  startup_stm32f429xx.o(.text)
    CAN1_RX0_IRQHandler                      0x0800027f   Thumb Code     0  startup_stm32f429xx.o(.text)
    CAN1_RX1_IRQHandler                      0x0800027f   Thumb Code     0  startup_stm32f429xx.o(.text)
    CAN1_SCE_IRQHandler                      0x0800027f   Thumb Code     0  startup_stm32f429xx.o(.text)
    CAN1_TX_IRQHandler                       0x0800027f   Thumb Code     0  startup_stm32f429xx.o(.text)
    CAN2_RX0_IRQHandler                      0x0800027f   Thumb Code     0  startup_stm32f429xx.o(.text)
    CAN2_RX1_IRQHandler                      0x0800027f   Thumb Code     0  startup_stm32f429xx.o(.text)
    CAN2_SCE_IRQHandler                      0x0800027f   Thumb Code     0  startup_stm32f429xx.o(.text)
    CAN2_TX_IRQHandler                       0x0800027f   Thumb Code     0  startup_stm32f429xx.o(.text)
    DCMI_IRQHandler                          0x0800027f   Thumb Code     0  startup_stm32f429xx.o(.text)
    DMA1_Stream0_IRQHandler                  0x0800027f   Thumb Code     0  startup_stm32f429xx.o(.text)
    DMA1_Stream1_IRQHandler                  0x0800027f   Thumb Code     0  startup_stm32f429xx.o(.text)
    DMA1_Stream2_IRQHandler                  0x0800027f   Thumb Code     0  startup_stm32f429xx.o(.text)
    DMA1_Stream3_IRQHandler                  0x0800027f   Thumb Code     0  startup_stm32f429xx.o(.text)
    DMA1_Stream5_IRQHandler                  0x0800027f   Thumb Code     0  startup_stm32f429xx.o(.text)
    DMA1_Stream6_IRQHandler                  0x0800027f   Thumb Code     0  startup_stm32f429xx.o(.text)
    DMA1_Stream7_IRQHandler                  0x0800027f   Thumb Code     0  startup_stm32f429xx.o(.text)
    DMA2D_IRQHandler                         0x0800027f   Thumb Code     0  startup_stm32f429xx.o(.text)
    DMA2_Stream0_IRQHandler                  0x0800027f   Thumb Code     0  startup_stm32f429xx.o(.text)
    DMA2_Stream1_IRQHandler                  0x0800027f   Thumb Code     0  startup_stm32f429xx.o(.text)
    DMA2_Stream2_IRQHandler                  0x0800027f   Thumb Code     0  startup_stm32f429xx.o(.text)
    DMA2_Stream3_IRQHandler                  0x0800027f   Thumb Code     0  startup_stm32f429xx.o(.text)
    DMA2_Stream4_IRQHandler                  0x0800027f   Thumb Code     0  startup_stm32f429xx.o(.text)
    DMA2_Stream5_IRQHandler                  0x0800027f   Thumb Code     0  startup_stm32f429xx.o(.text)
    DMA2_Stream6_IRQHandler                  0x0800027f   Thumb Code     0  startup_stm32f429xx.o(.text)
    DMA2_Stream7_IRQHandler                  0x0800027f   Thumb Code     0  startup_stm32f429xx.o(.text)
    ETH_IRQHandler                           0x0800027f   Thumb Code     0  startup_stm32f429xx.o(.text)
    ETH_WKUP_IRQHandler                      0x0800027f   Thumb Code     0  startup_stm32f429xx.o(.text)
    EXTI0_IRQHandler                         0x0800027f   Thumb Code     0  startup_stm32f429xx.o(.text)
    EXTI15_10_IRQHandler                     0x0800027f   Thumb Code     0  startup_stm32f429xx.o(.text)
    EXTI1_IRQHandler                         0x0800027f   Thumb Code     0  startup_stm32f429xx.o(.text)
    EXTI2_IRQHandler                         0x0800027f   Thumb Code     0  startup_stm32f429xx.o(.text)
    EXTI3_IRQHandler                         0x0800027f   Thumb Code     0  startup_stm32f429xx.o(.text)
    EXTI4_IRQHandler                         0x0800027f   Thumb Code     0  startup_stm32f429xx.o(.text)
    EXTI9_5_IRQHandler                       0x0800027f   Thumb Code     0  startup_stm32f429xx.o(.text)
    FLASH_IRQHandler                         0x0800027f   Thumb Code     0  startup_stm32f429xx.o(.text)
    FMC_IRQHandler                           0x0800027f   Thumb Code     0  startup_stm32f429xx.o(.text)
    FPU_IRQHandler                           0x0800027f   Thumb Code     0  startup_stm32f429xx.o(.text)
    HASH_RNG_IRQHandler                      0x0800027f   Thumb Code     0  startup_stm32f429xx.o(.text)
    I2C1_ER_IRQHandler                       0x0800027f   Thumb Code     0  startup_stm32f429xx.o(.text)
    I2C1_EV_IRQHandler                       0x0800027f   Thumb Code     0  startup_stm32f429xx.o(.text)
    I2C2_ER_IRQHandler                       0x0800027f   Thumb Code     0  startup_stm32f429xx.o(.text)
    I2C2_EV_IRQHandler                       0x0800027f   Thumb Code     0  startup_stm32f429xx.o(.text)
    I2C3_ER_IRQHandler                       0x0800027f   Thumb Code     0  startup_stm32f429xx.o(.text)
    I2C3_EV_IRQHandler                       0x0800027f   Thumb Code     0  startup_stm32f429xx.o(.text)
    LTDC_ER_IRQHandler                       0x0800027f   Thumb Code     0  startup_stm32f429xx.o(.text)
    LTDC_IRQHandler                          0x0800027f   Thumb Code     0  startup_stm32f429xx.o(.text)
    OTG_FS_IRQHandler                        0x0800027f   Thumb Code     0  startup_stm32f429xx.o(.text)
    OTG_FS_WKUP_IRQHandler                   0x0800027f   Thumb Code     0  startup_stm32f429xx.o(.text)
    OTG_HS_EP1_IN_IRQHandler                 0x0800027f   Thumb Code     0  startup_stm32f429xx.o(.text)
    OTG_HS_EP1_OUT_IRQHandler                0x0800027f   Thumb Code     0  startup_stm32f429xx.o(.text)
    OTG_HS_IRQHandler                        0x0800027f   Thumb Code     0  startup_stm32f429xx.o(.text)
    OTG_HS_WKUP_IRQHandler                   0x0800027f   Thumb Code     0  startup_stm32f429xx.o(.text)
    PVD_IRQHandler                           0x0800027f   Thumb Code     0  startup_stm32f429xx.o(.text)
    RCC_IRQHandler                           0x0800027f   Thumb Code     0  startup_stm32f429xx.o(.text)
    RTC_Alarm_IRQHandler                     0x0800027f   Thumb Code     0  startup_stm32f429xx.o(.text)
    RTC_WKUP_IRQHandler                      0x0800027f   Thumb Code     0  startup_stm32f429xx.o(.text)
    SAI1_IRQHandler                          0x0800027f   Thumb Code     0  startup_stm32f429xx.o(.text)
    SDIO_IRQHandler                          0x0800027f   Thumb Code     0  startup_stm32f429xx.o(.text)
    SPI1_IRQHandler                          0x0800027f   Thumb Code     0  startup_stm32f429xx.o(.text)
    SPI2_IRQHandler                          0x0800027f   Thumb Code     0  startup_stm32f429xx.o(.text)
    SPI3_IRQHandler                          0x0800027f   Thumb Code     0  startup_stm32f429xx.o(.text)
    SPI4_IRQHandler                          0x0800027f   Thumb Code     0  startup_stm32f429xx.o(.text)
    SPI5_IRQHandler                          0x0800027f   Thumb Code     0  startup_stm32f429xx.o(.text)
    SPI6_IRQHandler                          0x0800027f   Thumb Code     0  startup_stm32f429xx.o(.text)
    TAMP_STAMP_IRQHandler                    0x0800027f   Thumb Code     0  startup_stm32f429xx.o(.text)
    TIM1_BRK_TIM9_IRQHandler                 0x0800027f   Thumb Code     0  startup_stm32f429xx.o(.text)
    TIM1_CC_IRQHandler                       0x0800027f   Thumb Code     0  startup_stm32f429xx.o(.text)
    TIM1_TRG_COM_TIM11_IRQHandler            0x0800027f   Thumb Code     0  startup_stm32f429xx.o(.text)
    TIM1_UP_TIM10_IRQHandler                 0x0800027f   Thumb Code     0  startup_stm32f429xx.o(.text)
    TIM2_IRQHandler                          0x0800027f   Thumb Code     0  startup_stm32f429xx.o(.text)
    TIM5_IRQHandler                          0x0800027f   Thumb Code     0  startup_stm32f429xx.o(.text)
    TIM6_DAC_IRQHandler                      0x0800027f   Thumb Code     0  startup_stm32f429xx.o(.text)
    TIM7_IRQHandler                          0x0800027f   Thumb Code     0  startup_stm32f429xx.o(.text)
    TIM8_BRK_TIM12_IRQHandler                0x0800027f   Thumb Code     0  startup_stm32f429xx.o(.text)
    TIM8_CC_IRQHandler                       0x0800027f   Thumb Code     0  startup_stm32f429xx.o(.text)
    TIM8_TRG_COM_TIM14_IRQHandler            0x0800027f   Thumb Code     0  startup_stm32f429xx.o(.text)
    TIM8_UP_TIM13_IRQHandler                 0x0800027f   Thumb Code     0  startup_stm32f429xx.o(.text)
    UART4_IRQHandler                         0x0800027f   Thumb Code     0  startup_stm32f429xx.o(.text)
    UART5_IRQHandler                         0x0800027f   Thumb Code     0  startup_stm32f429xx.o(.text)
    UART7_IRQHandler                         0x0800027f   Thumb Code     0  startup_stm32f429xx.o(.text)
    UART8_IRQHandler                         0x0800027f   Thumb Code     0  startup_stm32f429xx.o(.text)
    USART1_IRQHandler                        0x0800027f   Thumb Code     0  startup_stm32f429xx.o(.text)
    USART2_IRQHandler                        0x0800027f   Thumb Code     0  startup_stm32f429xx.o(.text)
    USART6_IRQHandler                        0x0800027f   Thumb Code     0  startup_stm32f429xx.o(.text)
    WWDG_IRQHandler                          0x0800027f   Thumb Code     0  startup_stm32f429xx.o(.text)
    __user_initial_stackheap                 0x08000281   Thumb Code     0  startup_stm32f429xx.o(.text)
    __aeabi_uldivmod                         0x080002a5   Thumb Code     0  lludivv7m.o(.text)
    _ll_udiv                                 0x080002a5   Thumb Code   238  lludivv7m.o(.text)
    __2printf                                0x08000395   Thumb Code    20  noretval__2printf.o(.text)
    __printf                                 0x080003ad   Thumb Code   352  __printf_ss_wp.o(.text)
    __aeabi_memclr4                          0x0800050d   Thumb Code     0  rt_memclr_w.o(.text)
    __aeabi_memclr8                          0x0800050d   Thumb Code     0  rt_memclr_w.o(.text)
    __rt_memclr_w                            0x0800050d   Thumb Code    78  rt_memclr_w.o(.text)
    _memset_w                                0x08000511   Thumb Code     0  rt_memclr_w.o(.text)
    __use_two_region_memory                  0x0800055b   Thumb Code     2  heapauxi.o(.text)
    __rt_heap_escrow$2region                 0x0800055d   Thumb Code     2  heapauxi.o(.text)
    __rt_heap_expand$2region                 0x0800055f   Thumb Code     2  heapauxi.o(.text)
    __lib_sel_fp_printf                      0x08000561   Thumb Code     2  _printf_fp_dec.o(.text)
    _printf_fp_dec_real                      0x08000713   Thumb Code   620  _printf_fp_dec.o(.text)
    _printf_char_file                        0x08000981   Thumb Code    32  _printf_char_file.o(.text)
    __rt_locale                              0x080009a5   Thumb Code     8  rt_locale_intlibspace.o(.text)
    _ll_udiv10                               0x080009ad   Thumb Code   138  lludiv10.o(.text)
    _printf_char_common                      0x08000a43   Thumb Code    32  _printf_char_common.o(.text)
    _printf_fp_infnan                        0x08000a69   Thumb Code   112  _printf_fp_infnan.o(.text)
    _btod_etento                             0x08000ae9   Thumb Code   224  bigflt0.o(.text)
    ferror                                   0x08000bcd   Thumb Code     8  ferror.o(.text)
    __user_libspace                          0x08000bd5   Thumb Code     8  libspace.o(.text)
    __user_perproc_libspace                  0x08000bd5   Thumb Code     0  libspace.o(.text)
    __user_perthread_libspace                0x08000bd5   Thumb Code     0  libspace.o(.text)
    __user_setup_stackheap                   0x08000bdd   Thumb Code    74  sys_stackheap_outer.o(.text)
    exit                                     0x08000c27   Thumb Code    18  exit.o(.text)
    strcmp                                   0x08000c39   Thumb Code   128  strcmpv7m.o(.text)
    _sys_exit                                0x08000cb9   Thumb Code     8  sys_exit.o(.text)
    __I$use$semihosting                      0x08000cc5   Thumb Code     0  use_no_semi.o(.text)
    __use_no_semihosting_swi                 0x08000cc5   Thumb Code     2  use_no_semi.o(.text)
    __semihosting_library_function           0x08000cc7   Thumb Code     0  indicate_semi.o(.text)
    _btod_d2e                                0x08000cc7   Thumb Code    62  btod.o(CL$$btod_d2e)
    _d2e_denorm_low                          0x08000d05   Thumb Code    70  btod.o(CL$$btod_d2e_denorm_low)
    _d2e_norm_op1                            0x08000d4b   Thumb Code    96  btod.o(CL$$btod_d2e_norm_op1)
    __btod_div_common                        0x08000dab   Thumb Code   696  btod.o(CL$$btod_div_common)
    _e2e                                     0x080010e3   Thumb Code   220  btod.o(CL$$btod_e2e)
    _btod_ediv                               0x080011bf   Thumb Code    42  btod.o(CL$$btod_ediv)
    _btod_emul                               0x080011e9   Thumb Code    42  btod.o(CL$$btod_emul)
    __btod_mult_common                       0x08001213   Thumb Code   580  btod.o(CL$$btod_mult_common)
    BusFault_Handler                         0x08001457   Thumb Code     2  stm32f4xx_it.o(i.BusFault_Handler)
    DMA1_Stream4_IRQHandler                  0x08001459   Thumb Code     6  stm32f4xx_it.o(i.DMA1_Stream4_IRQHandler)
    DWT_Delay_Init                           0x08001509   Thumb Code    58  main.o(i.DWT_Delay_Init)
    DebugMon_Handler                         0x0800154d   Thumb Code     2  stm32f4xx_it.o(i.DebugMon_Handler)
    Error_Handler                            0x0800154f   Thumb Code     4  main.o(i.Error_Handler)
    HAL_DMA_Abort                            0x08001553   Thumb Code   146  stm32f4xx_hal_dma.o(i.HAL_DMA_Abort)
    HAL_DMA_Abort_IT                         0x080015e5   Thumb Code    36  stm32f4xx_hal_dma.o(i.HAL_DMA_Abort_IT)
    HAL_DMA_IRQHandler                       0x08001609   Thumb Code   412  stm32f4xx_hal_dma.o(i.HAL_DMA_IRQHandler)
    HAL_DMA_Init                             0x080017a9   Thumb Code   206  stm32f4xx_hal_dma.o(i.HAL_DMA_Init)
    HAL_DMA_Start_IT                         0x0800187d   Thumb Code   110  stm32f4xx_hal_dma.o(i.HAL_DMA_Start_IT)
    HAL_Delay                                0x080018ed   Thumb Code    32  stm32f4xx_hal.o(i.HAL_Delay)
    HAL_GPIO_Init                            0x08001911   Thumb Code   510  stm32f4xx_hal_gpio.o(i.HAL_GPIO_Init)
    HAL_GPIO_WritePin                        0x08001b45   Thumb Code    10  stm32f4xx_hal_gpio.o(i.HAL_GPIO_WritePin)
    HAL_GetTick                              0x08001b51   Thumb Code     6  stm32f4xx_hal.o(i.HAL_GetTick)
    HAL_IncTick                              0x08001b5d   Thumb Code    12  stm32f4xx_hal.o(i.HAL_IncTick)
    HAL_Init                                 0x08001b6d   Thumb Code    48  stm32f4xx_hal.o(i.HAL_Init)
    HAL_InitTick                             0x08001ba1   Thumb Code    54  stm32f4xx_hal.o(i.HAL_InitTick)
    HAL_MspInit                              0x08001be1   Thumb Code    42  stm32f4xx_hal_msp.o(i.HAL_MspInit)
    HAL_NVIC_EnableIRQ                       0x08001c11   Thumb Code    26  stm32f4xx_hal_cortex.o(i.HAL_NVIC_EnableIRQ)
    HAL_NVIC_SetPriority                     0x08001c2d   Thumb Code    60  stm32f4xx_hal_cortex.o(i.HAL_NVIC_SetPriority)
    HAL_NVIC_SetPriorityGrouping             0x08001c6d   Thumb Code    26  stm32f4xx_hal_cortex.o(i.HAL_NVIC_SetPriorityGrouping)
    HAL_PWREx_EnableOverDrive                0x08001c91   Thumb Code    98  stm32f4xx_hal_pwr_ex.o(i.HAL_PWREx_EnableOverDrive)
    HAL_RCC_ClockConfig                      0x08001d01   Thumb Code   288  stm32f4xx_hal_rcc.o(i.HAL_RCC_ClockConfig)
    HAL_RCC_GetPCLK1Freq                     0x08001e35   Thumb Code    20  stm32f4xx_hal_rcc.o(i.HAL_RCC_GetPCLK1Freq)
    HAL_RCC_GetPCLK2Freq                     0x08001e55   Thumb Code    20  stm32f4xx_hal_rcc.o(i.HAL_RCC_GetPCLK2Freq)
    HAL_RCC_GetSysClockFreq                  0x08001e75   Thumb Code    88  stm32f4xx_hal_rcc.o(i.HAL_RCC_GetSysClockFreq)
    HAL_RCC_OscConfig                        0x08001ed5   Thumb Code   856  stm32f4xx_hal_rcc.o(i.HAL_RCC_OscConfig)
    HAL_SYSTICK_Config                       0x08002241   Thumb Code    40  stm32f4xx_hal_cortex.o(i.HAL_SYSTICK_Config)
    HAL_TIMEx_BreakCallback                  0x08002269   Thumb Code     2  stm32f4xx_hal_tim_ex.o(i.HAL_TIMEx_BreakCallback)
    HAL_TIMEx_CommutCallback                 0x0800226b   Thumb Code     2  stm32f4xx_hal_tim_ex.o(i.HAL_TIMEx_CommutCallback)
    HAL_TIMEx_MasterConfigSynchronization    0x0800226d   Thumb Code   116  stm32f4xx_hal_tim_ex.o(i.HAL_TIMEx_MasterConfigSynchronization)
    HAL_TIM_Base_Init                        0x080022fd   Thumb Code    90  stm32f4xx_hal_tim.o(i.HAL_TIM_Base_Init)
    HAL_TIM_Base_MspInit                     0x08002359   Thumb Code   228  tim.o(i.HAL_TIM_Base_MspInit)
    HAL_TIM_Base_Start_IT                    0x08002459   Thumb Code   100  stm32f4xx_hal_tim.o(i.HAL_TIM_Base_Start_IT)
    HAL_TIM_ConfigClockSource                0x080024d9   Thumb Code   220  stm32f4xx_hal_tim.o(i.HAL_TIM_ConfigClockSource)
    HAL_TIM_ErrorCallback                    0x080025b5   Thumb Code     2  stm32f4xx_hal_tim.o(i.HAL_TIM_ErrorCallback)
    HAL_TIM_IC_CaptureCallback               0x080025b9   Thumb Code    36  main.o(i.HAL_TIM_IC_CaptureCallback)
    HAL_TIM_IC_CaptureHalfCpltCallback       0x080025e5   Thumb Code     2  stm32f4xx_hal_tim.o(i.HAL_TIM_IC_CaptureHalfCpltCallback)
    HAL_TIM_IC_ConfigChannel                 0x080025e7   Thumb Code   286  stm32f4xx_hal_tim.o(i.HAL_TIM_IC_ConfigChannel)
    HAL_TIM_IC_Init                          0x08002705   Thumb Code    90  stm32f4xx_hal_tim.o(i.HAL_TIM_IC_Init)
    HAL_TIM_IC_MspInit                       0x0800275f   Thumb Code     2  stm32f4xx_hal_tim.o(i.HAL_TIM_IC_MspInit)
    HAL_TIM_IC_Start_DMA                     0x08002761   Thumb Code   418  stm32f4xx_hal_tim.o(i.HAL_TIM_IC_Start_DMA)
    HAL_TIM_IRQHandler                       0x0800292d   Thumb Code   358  stm32f4xx_hal_tim.o(i.HAL_TIM_IRQHandler)
    HAL_TIM_MspPostInit                      0x08002a95   Thumb Code    70  tim.o(i.HAL_TIM_MspPostInit)
    HAL_TIM_OC_ConfigChannel                 0x08002ae9   Thumb Code    82  stm32f4xx_hal_tim.o(i.HAL_TIM_OC_ConfigChannel)
    HAL_TIM_OC_DelayElapsedCallback          0x08002b3d   Thumb Code    12  main.o(i.HAL_TIM_OC_DelayElapsedCallback)
    HAL_TIM_OC_Init                          0x08002b4d   Thumb Code    90  stm32f4xx_hal_tim.o(i.HAL_TIM_OC_Init)
    HAL_TIM_OC_MspInit                       0x08002ba7   Thumb Code     2  stm32f4xx_hal_tim.o(i.HAL_TIM_OC_MspInit)
    HAL_TIM_OC_Start_IT                      0x08002ba9   Thumb Code   216  stm32f4xx_hal_tim.o(i.HAL_TIM_OC_Start_IT)
    HAL_TIM_PWM_PulseFinishedCallback        0x08002c9d   Thumb Code     2  stm32f4xx_hal_tim.o(i.HAL_TIM_PWM_PulseFinishedCallback)
    HAL_TIM_PeriodElapsedCallback            0x08002ca1   Thumb Code    12  main.o(i.HAL_TIM_PeriodElapsedCallback)
    HAL_TIM_TriggerCallback                  0x08002cb1   Thumb Code     2  stm32f4xx_hal_tim.o(i.HAL_TIM_TriggerCallback)
    HAL_UARTEx_RxEventCallback               0x08002cb3   Thumb Code     2  stm32f4xx_hal_uart.o(i.HAL_UARTEx_RxEventCallback)
    HAL_UART_ErrorCallback                   0x08002cb5   Thumb Code     2  stm32f4xx_hal_uart.o(i.HAL_UART_ErrorCallback)
    HAL_UART_IRQHandler                      0x08002cb9   Thumb Code   610  stm32f4xx_hal_uart.o(i.HAL_UART_IRQHandler)
    HAL_UART_Init                            0x08002f21   Thumb Code    98  stm32f4xx_hal_uart.o(i.HAL_UART_Init)
    HAL_UART_MspInit                         0x08002f85   Thumb Code   110  usart.o(i.HAL_UART_MspInit)
    HAL_UART_RxCpltCallback                  0x08003001   Thumb Code     2  stm32f4xx_hal_uart.o(i.HAL_UART_RxCpltCallback)
    HAL_UART_Transmit                        0x08003005   Thumb Code   178  stm32f4xx_hal_uart.o(i.HAL_UART_Transmit)
    HAL_UART_TxCpltCallback                  0x080030b7   Thumb Code     2  stm32f4xx_hal_uart.o(i.HAL_UART_TxCpltCallback)
    HardFault_Handler                        0x080030b9   Thumb Code     2  stm32f4xx_it.o(i.HardFault_Handler)
    MX_DMA_Init                              0x080030bd   Thumb Code    40  dma.o(i.MX_DMA_Init)
    MX_GPIO_Init                             0x080030e9   Thumb Code   362  gpio.o(i.MX_GPIO_Init)
    MX_TIM3_Init                             0x08003269   Thumb Code   164  tim.o(i.MX_TIM3_Init)
    MX_TIM4_Init                             0x08003315   Thumb Code   146  tim.o(i.MX_TIM4_Init)
    MX_USART3_UART_Init                      0x080033b1   Thumb Code    48  usart.o(i.MX_USART3_UART_Init)
    MemManage_Handler                        0x080033e9   Thumb Code     2  stm32f4xx_it.o(i.MemManage_Handler)
    NMI_Handler                              0x080033eb   Thumb Code     2  stm32f4xx_it.o(i.NMI_Handler)
    PendSV_Handler                           0x080033ed   Thumb Code     2  stm32f4xx_it.o(i.PendSV_Handler)
    SVC_Handler                              0x080033ef   Thumb Code     2  stm32f4xx_it.o(i.SVC_Handler)
    SysTick_Handler                          0x080033f1   Thumb Code     4  stm32f4xx_it.o(i.SysTick_Handler)
    SystemClock_Config                       0x080033f5   Thumb Code   150  main.o(i.SystemClock_Config)
    SystemInit                               0x08003495   Thumb Code    12  system_stm32f4xx.o(i.SystemInit)
    TIM3_IRQHandler                          0x080034a5   Thumb Code     6  stm32f4xx_it.o(i.TIM3_IRQHandler)
    TIM4_IRQHandler                          0x080034b1   Thumb Code     6  stm32f4xx_it.o(i.TIM4_IRQHandler)
    TIM_Base_SetConfig                       0x080034bd   Thumb Code   156  stm32f4xx_hal_tim.o(i.TIM_Base_SetConfig)
    TIM_CCxChannelCmd                        0x08003585   Thumb Code    26  stm32f4xx_hal_tim.o(i.TIM_CCxChannelCmd)
    TIM_DMACaptureCplt                       0x0800359f   Thumb Code   110  stm32f4xx_hal_tim.o(i.TIM_DMACaptureCplt)
    TIM_DMACaptureHalfCplt                   0x0800360d   Thumb Code    56  stm32f4xx_hal_tim.o(i.TIM_DMACaptureHalfCplt)
    TIM_DMAError                             0x08003645   Thumb Code    84  stm32f4xx_hal_tim.o(i.TIM_DMAError)
    TIM_ETR_SetConfig                        0x08003699   Thumb Code    20  stm32f4xx_hal_tim.o(i.TIM_ETR_SetConfig)
    TIM_OC2_SetConfig                        0x0800371d   Thumb Code    98  stm32f4xx_hal_tim.o(i.TIM_OC2_SetConfig)
    TIM_TI1_SetConfig                        0x08003865   Thumb Code   100  stm32f4xx_hal_tim.o(i.TIM_TI1_SetConfig)
    USART3_IRQHandler                        0x08003be1   Thumb Code     6  stm32f4xx_it.o(i.USART3_IRQHandler)
    UsageFault_Handler                       0x08003bed   Thumb Code     2  stm32f4xx_it.o(i.UsageFault_Handler)
    __ARM_fpclassify                         0x08003bef   Thumb Code    48  fpclassify.o(i.__ARM_fpclassify)
    _is_digit                                0x08003c3f   Thumb Code    14  __printf_wp.o(i._is_digit)
    fputc                                    0x08003c4d   Thumb Code    20  main.o(i.fputc)
    main                                     0x08003c65   Thumb Code   268  main.o(i.main)
    _get_lc_numeric                          0x08003db1   Thumb Code    44  lc_numeric_c.o(locale$$code)
    __aeabi_ui2d                             0x08003ddd   Thumb Code     0  dflt_clz.o(x$fpl$dfltu)
    _dfltu                                   0x08003ddd   Thumb Code    38  dflt_clz.o(x$fpl$dfltu)
    _fp_init                                 0x08003e03   Thumb Code    10  fpinit.o(x$fpl$fpinit)
    __fplib_config_fpu_vfp                   0x08003e0b   Thumb Code     0  fpinit.o(x$fpl$fpinit)
    __fplib_config_pureend_doubles           0x08003e0b   Thumb Code     0  fpinit.o(x$fpl$fpinit)
    _printf_fp_dec                           0x08003e0d   Thumb Code     4  printf1.o(x$fpl$printf1)
    __I$use$fp                               0x08003e10   Number         0  usenofp.o(x$fpl$usenofp)
    AHBPrescTable                            0x08003e18   Data          16  system_stm32f4xx.o(.constdata)
    APBPrescTable                            0x08003e28   Data           8  system_stm32f4xx.o(.constdata)
    Region$$Table$$Base                      0x08003ec4   Number         0  anon$$obj.o(Region$$Table)
    Region$$Table$$Limit                     0x08003ee4   Number         0  anon$$obj.o(Region$$Table)
    ch1captureFlag                           0x20000000   Data           1  main.o(.data)
    ch2captureFlag                           0x20000001   Data           1  main.o(.data)
    capture1                                 0x20000002   Data           4  main.o(.data)
    capture2                                 0x20000006   Data           4  main.o(.data)
    period                                   0x2000000c   Data           4  main.o(.data)
    active                                   0x20000010   Data           4  main.o(.data)
    freq                                     0x20000014   Data           4  main.o(.data)
    duty                                     0x20000018   Data           4  main.o(.data)
    __stdout                                 0x2000001c   Data           4  main.o(.data)
    uwTickFreq                               0x20000020   Data           1  stm32f4xx_hal.o(.data)
    uwTickPrio                               0x20000024   Data           4  stm32f4xx_hal.o(.data)
    uwTick                                   0x20000028   Data           4  stm32f4xx_hal.o(.data)
    SystemCoreClock                          0x2000002c   Data           4  system_stm32f4xx.o(.data)
    htim3                                    0x20000030   Data          72  tim.o(.bss)
    htim4                                    0x20000078   Data          72  tim.o(.bss)
    hdma_tim3_ch1_trig                       0x200000c0   Data          96  tim.o(.bss)
    huart3                                   0x20000120   Data          68  usart.o(.bss)
    __libspace_start                         0x20000164   Data          96  libspace.o(.bss)
    __temporary_stack_top$libspace           0x200001c4   Data           0  libspace.o(.bss)



==============================================================================

Memory Map of the image

  Image Entry point : 0x080001ad

  Load Region LR_IROM1 (Base: 0x08000000, Size: 0x00003f30, Max: 0x00200000, ABSOLUTE)

    Execution Region ER_IROM1 (Exec base: 0x08000000, Load base: 0x08000000, Size: 0x00003f00, Max: 0x00200000, ABSOLUTE)

    Exec Addr    Load Addr    Size         Type   Attr      Idx    E Section Name        Object

    0x08000000   0x08000000   0x000001ac   Data   RO            3    RESET               startup_stm32f429xx.o
    0x080001ac   0x080001ac   0x00000008   Code   RO         3095  * !!!main             c_w.l(__main.o)
    0x080001b4   0x080001b4   0x00000034   Code   RO         3327    !!!scatter          c_w.l(__scatter.o)
    0x080001e8   0x080001e8   0x0000001a   Code   RO         3329    !!handler_copy      c_w.l(__scatter_copy.o)
    0x08000202   0x08000202   0x00000002   PAD
    0x08000204   0x08000204   0x0000001c   Code   RO         3331    !!handler_zi        c_w.l(__scatter_zi.o)
    0x08000220   0x08000220   0x00000000   Code   RO         3090    .ARM.Collect$$_printf_percent$$00000000  c_w.l(_printf_percent.o)
    0x08000220   0x08000220   0x00000006   Code   RO         3089    .ARM.Collect$$_printf_percent$$00000003  c_w.l(_printf_f.o)
    0x08000226   0x08000226   0x00000004   Code   RO         3114    .ARM.Collect$$_printf_percent$$00000017  c_w.l(_printf_percent_end.o)
    0x0800022a   0x0800022a   0x00000002   Code   RO         3200    .ARM.Collect$$libinit$$00000000  c_w.l(libinit.o)
    0x0800022c   0x0800022c   0x00000004   Code   RO         3201    .ARM.Collect$$libinit$$00000001  c_w.l(libinit2.o)
    0x08000230   0x08000230   0x00000000   Code   RO         3204    .ARM.Collect$$libinit$$00000004  c_w.l(libinit2.o)
    0x08000230   0x08000230   0x00000000   Code   RO         3207    .ARM.Collect$$libinit$$0000000A  c_w.l(libinit2.o)
    0x08000230   0x08000230   0x00000000   Code   RO         3209    .ARM.Collect$$libinit$$0000000C  c_w.l(libinit2.o)
    0x08000230   0x08000230   0x00000000   Code   RO         3211    .ARM.Collect$$libinit$$0000000E  c_w.l(libinit2.o)
    0x08000230   0x08000230   0x00000006   Code   RO         3212    .ARM.Collect$$libinit$$0000000F  c_w.l(libinit2.o)
    0x08000236   0x08000236   0x00000000   Code   RO         3214    .ARM.Collect$$libinit$$00000011  c_w.l(libinit2.o)
    0x08000236   0x08000236   0x00000000   Code   RO         3216    .ARM.Collect$$libinit$$00000013  c_w.l(libinit2.o)
    0x08000236   0x08000236   0x00000000   Code   RO         3218    .ARM.Collect$$libinit$$00000015  c_w.l(libinit2.o)
    0x08000236   0x08000236   0x0000000a   Code   RO         3219    .ARM.Collect$$libinit$$00000016  c_w.l(libinit2.o)
    0x08000240   0x08000240   0x00000000   Code   RO         3220    .ARM.Collect$$libinit$$00000017  c_w.l(libinit2.o)
    0x08000240   0x08000240   0x00000000   Code   RO         3222    .ARM.Collect$$libinit$$00000019  c_w.l(libinit2.o)
    0x08000240   0x08000240   0x00000000   Code   RO         3224    .ARM.Collect$$libinit$$0000001B  c_w.l(libinit2.o)
    0x08000240   0x08000240   0x00000000   Code   RO         3226    .ARM.Collect$$libinit$$0000001D  c_w.l(libinit2.o)
    0x08000240   0x08000240   0x00000000   Code   RO         3228    .ARM.Collect$$libinit$$0000001F  c_w.l(libinit2.o)
    0x08000240   0x08000240   0x00000000   Code   RO         3230    .ARM.Collect$$libinit$$00000021  c_w.l(libinit2.o)
    0x08000240   0x08000240   0x00000000   Code   RO         3232    .ARM.Collect$$libinit$$00000023  c_w.l(libinit2.o)
    0x08000240   0x08000240   0x00000000   Code   RO         3234    .ARM.Collect$$libinit$$00000025  c_w.l(libinit2.o)
    0x08000240   0x08000240   0x00000000   Code   RO         3238    .ARM.Collect$$libinit$$0000002C  c_w.l(libinit2.o)
    0x08000240   0x08000240   0x00000000   Code   RO         3240    .ARM.Collect$$libinit$$0000002E  c_w.l(libinit2.o)
    0x08000240   0x08000240   0x00000000   Code   RO         3242    .ARM.Collect$$libinit$$00000030  c_w.l(libinit2.o)
    0x08000240   0x08000240   0x00000000   Code   RO         3244    .ARM.Collect$$libinit$$00000032  c_w.l(libinit2.o)
    0x08000240   0x08000240   0x00000002   Code   RO         3245    .ARM.Collect$$libinit$$00000033  c_w.l(libinit2.o)
    0x08000242   0x08000242   0x00000002   Code   RO         3292    .ARM.Collect$$libshutdown$$00000000  c_w.l(libshutdown.o)
    0x08000244   0x08000244   0x00000000   Code   RO         3310    .ARM.Collect$$libshutdown$$00000002  c_w.l(libshutdown2.o)
    0x08000244   0x08000244   0x00000000   Code   RO         3312    .ARM.Collect$$libshutdown$$00000004  c_w.l(libshutdown2.o)
    0x08000244   0x08000244   0x00000000   Code   RO         3315    .ARM.Collect$$libshutdown$$00000007  c_w.l(libshutdown2.o)
    0x08000244   0x08000244   0x00000000   Code   RO         3318    .ARM.Collect$$libshutdown$$0000000A  c_w.l(libshutdown2.o)
    0x08000244   0x08000244   0x00000000   Code   RO         3320    .ARM.Collect$$libshutdown$$0000000C  c_w.l(libshutdown2.o)
    0x08000244   0x08000244   0x00000000   Code   RO         3323    .ARM.Collect$$libshutdown$$0000000F  c_w.l(libshutdown2.o)
    0x08000244   0x08000244   0x00000002   Code   RO         3324    .ARM.Collect$$libshutdown$$00000010  c_w.l(libshutdown2.o)
    0x08000246   0x08000246   0x00000000   Code   RO         3105    .ARM.Collect$$rtentry$$00000000  c_w.l(__rtentry.o)
    0x08000246   0x08000246   0x00000000   Code   RO         3117    .ARM.Collect$$rtentry$$00000002  c_w.l(__rtentry2.o)
    0x08000246   0x08000246   0x00000006   Code   RO         3129    .ARM.Collect$$rtentry$$00000004  c_w.l(__rtentry4.o)
    0x0800024c   0x0800024c   0x00000000   Code   RO         3119    .ARM.Collect$$rtentry$$00000009  c_w.l(__rtentry2.o)
    0x0800024c   0x0800024c   0x00000004   Code   RO         3120    .ARM.Collect$$rtentry$$0000000A  c_w.l(__rtentry2.o)
    0x08000250   0x08000250   0x00000000   Code   RO         3122    .ARM.Collect$$rtentry$$0000000C  c_w.l(__rtentry2.o)
    0x08000250   0x08000250   0x00000008   Code   RO         3123    .ARM.Collect$$rtentry$$0000000D  c_w.l(__rtentry2.o)
    0x08000258   0x08000258   0x00000002   Code   RO         3246    .ARM.Collect$$rtexit$$00000000  c_w.l(rtexit.o)
    0x0800025a   0x0800025a   0x00000000   Code   RO         3261    .ARM.Collect$$rtexit$$00000002  c_w.l(rtexit2.o)
    0x0800025a   0x0800025a   0x00000004   Code   RO         3262    .ARM.Collect$$rtexit$$00000003  c_w.l(rtexit2.o)
    0x0800025e   0x0800025e   0x00000006   Code   RO         3263    .ARM.Collect$$rtexit$$00000004  c_w.l(rtexit2.o)
    0x08000264   0x08000264   0x00000040   Code   RO            4    .text               startup_stm32f429xx.o
    0x080002a4   0x080002a4   0x000000ee   Code   RO         3061    .text               c_w.l(lludivv7m.o)
    0x08000392   0x08000392   0x00000002   PAD
    0x08000394   0x08000394   0x00000018   Code   RO         3065    .text               c_w.l(noretval__2printf.o)
    0x080003ac   0x080003ac   0x00000160   Code   RO         3084    .text               c_w.l(__printf_ss_wp.o)
    0x0800050c   0x0800050c   0x0000004e   Code   RO         3091    .text               c_w.l(rt_memclr_w.o)
    0x0800055a   0x0800055a   0x00000006   Code   RO         3093    .text               c_w.l(heapauxi.o)
    0x08000560   0x08000560   0x0000041e   Code   RO         3110    .text               c_w.l(_printf_fp_dec.o)
    0x0800097e   0x0800097e   0x00000002   PAD
    0x08000980   0x08000980   0x00000024   Code   RO         3112    .text               c_w.l(_printf_char_file.o)
    0x080009a4   0x080009a4   0x00000008   Code   RO         3136    .text               c_w.l(rt_locale_intlibspace.o)
    0x080009ac   0x080009ac   0x0000008a   Code   RO         3138    .text               c_w.l(lludiv10.o)
    0x08000a36   0x08000a36   0x00000002   PAD
    0x08000a38   0x08000a38   0x00000030   Code   RO         3140    .text               c_w.l(_printf_char_common.o)
    0x08000a68   0x08000a68   0x00000080   Code   RO         3142    .text               c_w.l(_printf_fp_infnan.o)
    0x08000ae8   0x08000ae8   0x000000e4   Code   RO         3144    .text               c_w.l(bigflt0.o)
    0x08000bcc   0x08000bcc   0x00000008   Code   RO         3169    .text               c_w.l(ferror.o)
    0x08000bd4   0x08000bd4   0x00000008   Code   RO         3180    .text               c_w.l(libspace.o)
    0x08000bdc   0x08000bdc   0x0000004a   Code   RO         3183    .text               c_w.l(sys_stackheap_outer.o)
    0x08000c26   0x08000c26   0x00000012   Code   RO         3187    .text               c_w.l(exit.o)
    0x08000c38   0x08000c38   0x00000080   Code   RO         3193    .text               c_w.l(strcmpv7m.o)
    0x08000cb8   0x08000cb8   0x0000000c   Code   RO         3258    .text               c_w.l(sys_exit.o)
    0x08000cc4   0x08000cc4   0x00000002   Code   RO         3279    .text               c_w.l(use_no_semi.o)
    0x08000cc6   0x08000cc6   0x00000000   Code   RO         3281    .text               c_w.l(indicate_semi.o)
    0x08000cc6   0x08000cc6   0x0000003e   Code   RO         3147    CL$$btod_d2e        c_w.l(btod.o)
    0x08000d04   0x08000d04   0x00000046   Code   RO         3149    CL$$btod_d2e_denorm_low  c_w.l(btod.o)
    0x08000d4a   0x08000d4a   0x00000060   Code   RO         3148    CL$$btod_d2e_norm_op1  c_w.l(btod.o)
    0x08000daa   0x08000daa   0x00000338   Code   RO         3157    CL$$btod_div_common  c_w.l(btod.o)
    0x080010e2   0x080010e2   0x000000dc   Code   RO         3154    CL$$btod_e2e        c_w.l(btod.o)
    0x080011be   0x080011be   0x0000002a   Code   RO         3151    CL$$btod_ediv       c_w.l(btod.o)
    0x080011e8   0x080011e8   0x0000002a   Code   RO         3150    CL$$btod_emul       c_w.l(btod.o)
    0x08001212   0x08001212   0x00000244   Code   RO         3156    CL$$btod_mult_common  c_w.l(btod.o)
    0x08001456   0x08001456   0x00000002   Code   RO          356    i.BusFault_Handler  stm32f4xx_it.o
    0x08001458   0x08001458   0x0000000c   Code   RO          357    i.DMA1_Stream4_IRQHandler  stm32f4xx_it.o
    0x08001464   0x08001464   0x00000028   Code   RO         1964    i.DMA_CalcBaseAndBitshift  stm32f4xx_hal_dma.o
    0x0800148c   0x0800148c   0x00000054   Code   RO         1965    i.DMA_CheckFifoParam  stm32f4xx_hal_dma.o
    0x080014e0   0x080014e0   0x00000028   Code   RO         1966    i.DMA_SetConfig     stm32f4xx_hal_dma.o
    0x08001508   0x08001508   0x00000044   Code   RO           13    i.DWT_Delay_Init    main.o
    0x0800154c   0x0800154c   0x00000002   Code   RO          358    i.DebugMon_Handler  stm32f4xx_it.o
    0x0800154e   0x0800154e   0x00000004   Code   RO           15    i.Error_Handler     main.o
    0x08001552   0x08001552   0x00000092   Code   RO         1967    i.HAL_DMA_Abort     stm32f4xx_hal_dma.o
    0x080015e4   0x080015e4   0x00000024   Code   RO         1968    i.HAL_DMA_Abort_IT  stm32f4xx_hal_dma.o
    0x08001608   0x08001608   0x000001a0   Code   RO         1972    i.HAL_DMA_IRQHandler  stm32f4xx_hal_dma.o
    0x080017a8   0x080017a8   0x000000d4   Code   RO         1973    i.HAL_DMA_Init      stm32f4xx_hal_dma.o
    0x0800187c   0x0800187c   0x0000006e   Code   RO         1977    i.HAL_DMA_Start_IT  stm32f4xx_hal_dma.o
    0x080018ea   0x080018ea   0x00000002   PAD
    0x080018ec   0x080018ec   0x00000024   Code   RO         2404    i.HAL_Delay         stm32f4xx_hal.o
    0x08001910   0x08001910   0x00000234   Code   RO         1860    i.HAL_GPIO_Init     stm32f4xx_hal_gpio.o
    0x08001b44   0x08001b44   0x0000000a   Code   RO         1864    i.HAL_GPIO_WritePin  stm32f4xx_hal_gpio.o
    0x08001b4e   0x08001b4e   0x00000002   PAD
    0x08001b50   0x08001b50   0x0000000c   Code   RO         2412    i.HAL_GetTick       stm32f4xx_hal.o
    0x08001b5c   0x08001b5c   0x00000010   Code   RO         2418    i.HAL_IncTick       stm32f4xx_hal.o
    0x08001b6c   0x08001b6c   0x00000034   Code   RO         2419    i.HAL_Init          stm32f4xx_hal.o
    0x08001ba0   0x08001ba0   0x00000040   Code   RO         2420    i.HAL_InitTick      stm32f4xx_hal.o
    0x08001be0   0x08001be0   0x00000030   Code   RO          456    i.HAL_MspInit       stm32f4xx_hal_msp.o
    0x08001c10   0x08001c10   0x0000001a   Code   RO         2267    i.HAL_NVIC_EnableIRQ  stm32f4xx_hal_cortex.o
    0x08001c2a   0x08001c2a   0x00000002   PAD
    0x08001c2c   0x08001c2c   0x00000040   Code   RO         2273    i.HAL_NVIC_SetPriority  stm32f4xx_hal_cortex.o
    0x08001c6c   0x08001c6c   0x00000024   Code   RO         2274    i.HAL_NVIC_SetPriorityGrouping  stm32f4xx_hal_cortex.o
    0x08001c90   0x08001c90   0x00000070   Code   RO         2196    i.HAL_PWREx_EnableOverDrive  stm32f4xx_hal_pwr_ex.o
    0x08001d00   0x08001d00   0x00000134   Code   RO         1454    i.HAL_RCC_ClockConfig  stm32f4xx_hal_rcc.o
    0x08001e34   0x08001e34   0x00000020   Code   RO         1461    i.HAL_RCC_GetPCLK1Freq  stm32f4xx_hal_rcc.o
    0x08001e54   0x08001e54   0x00000020   Code   RO         1462    i.HAL_RCC_GetPCLK2Freq  stm32f4xx_hal_rcc.o
    0x08001e74   0x08001e74   0x00000060   Code   RO         1463    i.HAL_RCC_GetSysClockFreq  stm32f4xx_hal_rcc.o
    0x08001ed4   0x08001ed4   0x0000036c   Code   RO         1466    i.HAL_RCC_OscConfig  stm32f4xx_hal_rcc.o
    0x08002240   0x08002240   0x00000028   Code   RO         2278    i.HAL_SYSTICK_Config  stm32f4xx_hal_cortex.o
    0x08002268   0x08002268   0x00000002   Code   RO         1186    i.HAL_TIMEx_BreakCallback  stm32f4xx_hal_tim_ex.o
    0x0800226a   0x0800226a   0x00000002   Code   RO         1187    i.HAL_TIMEx_CommutCallback  stm32f4xx_hal_tim_ex.o
    0x0800226c   0x0800226c   0x00000090   Code   RO         1205    i.HAL_TIMEx_MasterConfigSynchronization  stm32f4xx_hal_tim_ex.o
    0x080022fc   0x080022fc   0x0000005a   Code   RO          482    i.HAL_TIM_Base_Init  stm32f4xx_hal_tim.o
    0x08002356   0x08002356   0x00000002   PAD
    0x08002358   0x08002358   0x00000100   Code   RO          261    i.HAL_TIM_Base_MspInit  tim.o
    0x08002458   0x08002458   0x00000080   Code   RO          487    i.HAL_TIM_Base_Start_IT  stm32f4xx_hal_tim.o
    0x080024d8   0x080024d8   0x000000dc   Code   RO          491    i.HAL_TIM_ConfigClockSource  stm32f4xx_hal_tim.o
    0x080025b4   0x080025b4   0x00000002   Code   RO          512    i.HAL_TIM_ErrorCallback  stm32f4xx_hal_tim.o
    0x080025b6   0x080025b6   0x00000002   PAD
    0x080025b8   0x080025b8   0x0000002c   Code   RO           16    i.HAL_TIM_IC_CaptureCallback  main.o
    0x080025e4   0x080025e4   0x00000002   Code   RO          517    i.HAL_TIM_IC_CaptureHalfCpltCallback  stm32f4xx_hal_tim.o
    0x080025e6   0x080025e6   0x0000011e   Code   RO          518    i.HAL_TIM_IC_ConfigChannel  stm32f4xx_hal_tim.o
    0x08002704   0x08002704   0x0000005a   Code   RO          521    i.HAL_TIM_IC_Init   stm32f4xx_hal_tim.o
    0x0800275e   0x0800275e   0x00000002   Code   RO          523    i.HAL_TIM_IC_MspInit  stm32f4xx_hal_tim.o
    0x08002760   0x08002760   0x000001cc   Code   RO          525    i.HAL_TIM_IC_Start_DMA  stm32f4xx_hal_tim.o
    0x0800292c   0x0800292c   0x00000166   Code   RO          530    i.HAL_TIM_IRQHandler  stm32f4xx_hal_tim.o
    0x08002a92   0x08002a92   0x00000002   PAD
    0x08002a94   0x08002a94   0x00000054   Code   RO          262    i.HAL_TIM_MspPostInit  tim.o
    0x08002ae8   0x08002ae8   0x00000052   Code   RO          531    i.HAL_TIM_OC_ConfigChannel  stm32f4xx_hal_tim.o
    0x08002b3a   0x08002b3a   0x00000002   PAD
    0x08002b3c   0x08002b3c   0x00000010   Code   RO           17    i.HAL_TIM_OC_DelayElapsedCallback  main.o
    0x08002b4c   0x08002b4c   0x0000005a   Code   RO          535    i.HAL_TIM_OC_Init   stm32f4xx_hal_tim.o
    0x08002ba6   0x08002ba6   0x00000002   Code   RO          537    i.HAL_TIM_OC_MspInit  stm32f4xx_hal_tim.o
    0x08002ba8   0x08002ba8   0x000000f4   Code   RO          540    i.HAL_TIM_OC_Start_IT  stm32f4xx_hal_tim.o
    0x08002c9c   0x08002c9c   0x00000002   Code   RO          560    i.HAL_TIM_PWM_PulseFinishedCallback  stm32f4xx_hal_tim.o
    0x08002c9e   0x08002c9e   0x00000002   PAD
    0x08002ca0   0x08002ca0   0x00000010   Code   RO           18    i.HAL_TIM_PeriodElapsedCallback  main.o
    0x08002cb0   0x08002cb0   0x00000002   Code   RO          573    i.HAL_TIM_TriggerCallback  stm32f4xx_hal_tim.o
    0x08002cb2   0x08002cb2   0x00000002   Code   RO         2678    i.HAL_UARTEx_RxEventCallback  stm32f4xx_hal_uart.o
    0x08002cb4   0x08002cb4   0x00000002   Code   RO         2692    i.HAL_UART_ErrorCallback  stm32f4xx_hal_uart.o
    0x08002cb6   0x08002cb6   0x00000002   PAD
    0x08002cb8   0x08002cb8   0x00000268   Code   RO         2695    i.HAL_UART_IRQHandler  stm32f4xx_hal_uart.o
    0x08002f20   0x08002f20   0x00000062   Code   RO         2696    i.HAL_UART_Init     stm32f4xx_hal_uart.o
    0x08002f82   0x08002f82   0x00000002   PAD
    0x08002f84   0x08002f84   0x0000007c   Code   RO          315    i.HAL_UART_MspInit  usart.o
    0x08003000   0x08003000   0x00000002   Code   RO         2702    i.HAL_UART_RxCpltCallback  stm32f4xx_hal_uart.o
    0x08003002   0x08003002   0x00000002   PAD
    0x08003004   0x08003004   0x000000b2   Code   RO         2704    i.HAL_UART_Transmit  stm32f4xx_hal_uart.o
    0x080030b6   0x080030b6   0x00000002   Code   RO         2707    i.HAL_UART_TxCpltCallback  stm32f4xx_hal_uart.o
    0x080030b8   0x080030b8   0x00000002   Code   RO          359    i.HardFault_Handler  stm32f4xx_it.o
    0x080030ba   0x080030ba   0x00000002   PAD
    0x080030bc   0x080030bc   0x0000002c   Code   RO          236    i.MX_DMA_Init       dma.o
    0x080030e8   0x080030e8   0x00000180   Code   RO          212    i.MX_GPIO_Init      gpio.o
    0x08003268   0x08003268   0x000000ac   Code   RO          263    i.MX_TIM3_Init      tim.o
    0x08003314   0x08003314   0x0000009c   Code   RO          264    i.MX_TIM4_Init      tim.o
    0x080033b0   0x080033b0   0x00000038   Code   RO          316    i.MX_USART3_UART_Init  usart.o
    0x080033e8   0x080033e8   0x00000002   Code   RO          360    i.MemManage_Handler  stm32f4xx_it.o
    0x080033ea   0x080033ea   0x00000002   Code   RO          361    i.NMI_Handler       stm32f4xx_it.o
    0x080033ec   0x080033ec   0x00000002   Code   RO          362    i.PendSV_Handler    stm32f4xx_it.o
    0x080033ee   0x080033ee   0x00000002   Code   RO          363    i.SVC_Handler       stm32f4xx_it.o
    0x080033f0   0x080033f0   0x00000004   Code   RO          364    i.SysTick_Handler   stm32f4xx_it.o
    0x080033f4   0x080033f4   0x000000a0   Code   RO           19    i.SystemClock_Config  main.o
    0x08003494   0x08003494   0x00000010   Code   RO         3025    i.SystemInit        system_stm32f4xx.o
    0x080034a4   0x080034a4   0x0000000c   Code   RO          365    i.TIM3_IRQHandler   stm32f4xx_it.o
    0x080034b0   0x080034b0   0x0000000c   Code   RO          366    i.TIM4_IRQHandler   stm32f4xx_it.o
    0x080034bc   0x080034bc   0x000000c8   Code   RO          575    i.TIM_Base_SetConfig  stm32f4xx_hal_tim.o
    0x08003584   0x08003584   0x0000001a   Code   RO          576    i.TIM_CCxChannelCmd  stm32f4xx_hal_tim.o
    0x0800359e   0x0800359e   0x0000006e   Code   RO          577    i.TIM_DMACaptureCplt  stm32f4xx_hal_tim.o
    0x0800360c   0x0800360c   0x00000038   Code   RO          578    i.TIM_DMACaptureHalfCplt  stm32f4xx_hal_tim.o
    0x08003644   0x08003644   0x00000054   Code   RO          581    i.TIM_DMAError      stm32f4xx_hal_tim.o
    0x08003698   0x08003698   0x00000014   Code   RO          586    i.TIM_ETR_SetConfig  stm32f4xx_hal_tim.o
    0x080036ac   0x080036ac   0x00000010   Code   RO          587    i.TIM_ITRx_SetConfig  stm32f4xx_hal_tim.o
    0x080036bc   0x080036bc   0x00000060   Code   RO          588    i.TIM_OC1_SetConfig  stm32f4xx_hal_tim.o
    0x0800371c   0x0800371c   0x0000006c   Code   RO          589    i.TIM_OC2_SetConfig  stm32f4xx_hal_tim.o
    0x08003788   0x08003788   0x00000068   Code   RO          590    i.TIM_OC3_SetConfig  stm32f4xx_hal_tim.o
    0x080037f0   0x080037f0   0x00000050   Code   RO          591    i.TIM_OC4_SetConfig  stm32f4xx_hal_tim.o
    0x08003840   0x08003840   0x00000022   Code   RO          593    i.TIM_TI1_ConfigInputStage  stm32f4xx_hal_tim.o
    0x08003862   0x08003862   0x00000002   PAD
    0x08003864   0x08003864   0x00000080   Code   RO          594    i.TIM_TI1_SetConfig  stm32f4xx_hal_tim.o
    0x080038e4   0x080038e4   0x00000024   Code   RO          595    i.TIM_TI2_ConfigInputStage  stm32f4xx_hal_tim.o
    0x08003908   0x08003908   0x00000036   Code   RO          596    i.TIM_TI2_SetConfig  stm32f4xx_hal_tim.o
    0x0800393e   0x0800393e   0x00000010   Code   RO         2709    i.UART_DMAAbortOnError  stm32f4xx_hal_uart.o
    0x0800394e   0x0800394e   0x0000004e   Code   RO         2719    i.UART_EndRxTransfer  stm32f4xx_hal_uart.o
    0x0800399c   0x0800399c   0x000000c0   Code   RO         2721    i.UART_Receive_IT   stm32f4xx_hal_uart.o
    0x08003a5c   0x08003a5c   0x0000010c   Code   RO         2722    i.UART_SetConfig    stm32f4xx_hal_uart.o
    0x08003b68   0x08003b68   0x00000078   Code   RO         2725    i.UART_WaitOnFlagUntilTimeout  stm32f4xx_hal_uart.o
    0x08003be0   0x08003be0   0x0000000c   Code   RO          367    i.USART3_IRQHandler  stm32f4xx_it.o
    0x08003bec   0x08003bec   0x00000002   Code   RO          368    i.UsageFault_Handler  stm32f4xx_it.o
    0x08003bee   0x08003bee   0x00000030   Code   RO         3178    i.__ARM_fpclassify  m_wm.l(fpclassify.o)
    0x08003c1e   0x08003c1e   0x00000020   Code   RO         2280    i.__NVIC_SetPriority  stm32f4xx_hal_cortex.o
    0x08003c3e   0x08003c3e   0x0000000e   Code   RO         3079    i._is_digit         c_w.l(__printf_wp.o)
    0x08003c4c   0x08003c4c   0x00000018   Code   RO           21    i.fputc             main.o
    0x08003c64   0x08003c64   0x0000014c   Code   RO           22    i.main              main.o
    0x08003db0   0x08003db0   0x0000002c   Code   RO         3174    locale$$code        c_w.l(lc_numeric_c.o)
    0x08003ddc   0x08003ddc   0x00000026   Code   RO         3097    x$fpl$dfltu         fz_wm.l(dflt_clz.o)
    0x08003e02   0x08003e02   0x0000000a   Code   RO         3256    x$fpl$fpinit        fz_wm.l(fpinit.o)
    0x08003e0c   0x08003e0c   0x00000004   Code   RO         3103    x$fpl$printf1       fz_wm.l(printf1.o)
    0x08003e10   0x08003e10   0x00000000   Code   RO         3115    x$fpl$usenofp       fz_wm.l(usenofp.o)
    0x08003e10   0x08003e10   0x00000008   Data   RO         1979    .constdata          stm32f4xx_hal_dma.o
    0x08003e18   0x08003e18   0x00000010   Data   RO         3026    .constdata          system_stm32f4xx.o
    0x08003e28   0x08003e28   0x00000008   Data   RO         3027    .constdata          system_stm32f4xx.o
    0x08003e30   0x08003e30   0x00000094   Data   RO         3145    .constdata          c_w.l(bigflt0.o)
    0x08003ec4   0x08003ec4   0x00000020   Data   RO         3325    Region$$Table       anon$$obj.o
    0x08003ee4   0x08003ee4   0x0000001c   Data   RO         3173    locale$$data        c_w.l(lc_numeric_c.o)


    Execution Region RW_IRAM2 (Exec base: 0x10000000, Load base: 0x08003f30, Size: 0x00000000, Max: 0x00010000, ABSOLUTE)

    **** No section assigned to this execution region ****


    Execution Region RW_IRAM1 (Exec base: 0x20000000, Load base: 0x08003f00, Size: 0x000007c8, Max: 0x00030000, ABSOLUTE)

    Exec Addr    Load Addr    Size         Type   Attr      Idx    E Section Name        Object

    0x20000000   0x08003f00   0x0000001c   Data   RW           23    .data               main.o
    0x2000001c   0x08003f1c   0x00000004   Data   RW           24    .data               main.o
    0x20000020   0x08003f20   0x0000000c   Data   RW         2426    .data               stm32f4xx_hal.o
    0x2000002c   0x08003f2c   0x00000004   Data   RW         3028    .data               system_stm32f4xx.o
    0x20000030        -       0x000000f0   Zero   RW          265    .bss                tim.o
    0x20000120        -       0x00000044   Zero   RW          317    .bss                usart.o
    0x20000164        -       0x00000060   Zero   RW         3181    .bss                c_w.l(libspace.o)
    0x200001c4   0x08003f30   0x00000004   PAD
    0x200001c8        -       0x00000200   Zero   RW            2    HEAP                startup_stm32f429xx.o
    0x200003c8        -       0x00000400   Zero   RW            1    STACK               startup_stm32f429xx.o


==============================================================================

Image component sizes


      Code (inc. data)   RO Data    RW Data    ZI Data      Debug   Object Name

        44          4          0          0          0        782   dma.o
       384         22          0          0          0       1143   gpio.o
       664        104          0         32          0     757895   main.o
        64         26        428          0       1536        848   startup_stm32f429xx.o
       180         28          0         12          0       9589   stm32f4xx_hal.o
       198         14          0          0          0      33971   stm32f4xx_hal_cortex.o
      1084         16          8          0          0       7382   stm32f4xx_hal_dma.o
       574         54          0          0          0       2220   stm32f4xx_hal_gpio.o
        48          6          0          0          0        862   stm32f4xx_hal_msp.o
       112         14          0          0          0       1296   stm32f4xx_hal_pwr_ex.o
      1344         72          0          0          0       5264   stm32f4xx_hal_rcc.o
      3212        206          0          0          0      24581   stm32f4xx_hal_tim.o
       148         28          0          0          0       2469   stm32f4xx_hal_tim_ex.o
      1574         16          0          0          0      10524   stm32f4xx_hal_uart.o
        68         24          0          0          0       6088   stm32f4xx_it.o
        16          4         24          4          0       1139   system_stm32f4xx.o
       668         60          0          0        240       3488   tim.o
       180         22          0          0         68       1730   usart.o

    ----------------------------------------------------------------------
     10588        720        492         48       1844     871271   Object Totals
         0          0         32          0          0          0   (incl. Generated)
        26          0          0          0          0          0   (incl. Padding)

    ----------------------------------------------------------------------

      Code (inc. data)   RO Data    RW Data    ZI Data      Debug   Library Member Name

         8          0          0          0          0         68   __main.o
       352          0          0          0          0         88   __printf_ss_wp.o
        14          0          0          0          0         68   __printf_wp.o
         0          0          0          0          0          0   __rtentry.o
        12          0          0          0          0          0   __rtentry2.o
         6          0          0          0          0          0   __rtentry4.o
        52          8          0          0          0          0   __scatter.o
        26          0          0          0          0          0   __scatter_copy.o
        28          0          0          0          0          0   __scatter_zi.o
        48          6          0          0          0         96   _printf_char_common.o
        36          4          0          0          0         80   _printf_char_file.o
         6          0          0          0          0          0   _printf_f.o
      1054          0          0          0          0        216   _printf_fp_dec.o
       128         16          0          0          0         84   _printf_fp_infnan.o
         0          0          0          0          0          0   _printf_percent.o
         4          0          0          0          0          0   _printf_percent_end.o
       228          4        148          0          0         96   bigflt0.o
      1936        128          0          0          0        672   btod.o
        18          0          0          0          0         80   exit.o
         8          0          0          0          0         68   ferror.o
         6          0          0          0          0        152   heapauxi.o
         0          0          0          0          0          0   indicate_semi.o
        44         10         28          0          0         76   lc_numeric_c.o
         2          0          0          0          0          0   libinit.o
        22          0          0          0          0          0   libinit2.o
         2          0          0          0          0          0   libshutdown.o
         2          0          0          0          0          0   libshutdown2.o
         8          4          0          0         96         68   libspace.o
       138          0          0          0          0         80   lludiv10.o
       238          0          0          0          0        100   lludivv7m.o
        24          4          0          0          0         84   noretval__2printf.o
         8          4          0          0          0         68   rt_locale_intlibspace.o
        78          0          0          0          0         80   rt_memclr_w.o
         2          0          0          0          0          0   rtexit.o
        10          0          0          0          0          0   rtexit2.o
       128          0          0          0          0         68   strcmpv7m.o
        12          4          0          0          0         68   sys_exit.o
        74          0          0          0          0         80   sys_stackheap_outer.o
         2          0          0          0          0         68   use_no_semi.o
        38          0          0          0          0        116   dflt_clz.o
        10          0          0          0          0        116   fpinit.o
         4          0          0          0          0        116   printf1.o
         0          0          0          0          0          0   usenofp.o
        48          0          0          0          0        124   fpclassify.o

    ----------------------------------------------------------------------
      4872        192        176          0        100       3080   Library Totals
         8          0          0          0          4          0   (incl. Padding)

    ----------------------------------------------------------------------

      Code (inc. data)   RO Data    RW Data    ZI Data      Debug   Library Name

      4764        192        176          0         96       2608   c_w.l
        52          0          0          0          0        348   fz_wm.l
        48          0          0          0          0        124   m_wm.l

    ----------------------------------------------------------------------
      4872        192        176          0        100       3080   Library Totals

    ----------------------------------------------------------------------

==============================================================================


      Code (inc. data)   RO Data    RW Data    ZI Data      Debug   

     15460        912        668         48       1944     863047   Grand Totals
     15460        912        668         48       1944     863047   ELF Image Totals
     15460        912        668         48          0          0   ROM Totals

==============================================================================

    Total RO  Size (Code + RO Data)                16128 (  15.75kB)
    Total RW  Size (RW Data + ZI Data)              1992 (   1.95kB)
    Total ROM Size (Code + RO Data + RW Data)      16176 (  15.80kB)

==============================================================================

